code_orig_.js:19:9:19:28 : RC(code_orig_.js:18:20:22:6) = 2
code_orig_.js:21:9:21:28 : RC(code_orig_.js:18:20:22:6) = 1
{
  "functionTrace": [
    [
      0,
      5,
      89
    ],
    [
      1,
      12,
      193
    ],
    [
      0,
      79,
      49
    ],
    [
      0,
      81,
      9
    ],
    [
      1,
      82,
      161
    ],
    [
      0,
      87,
      9
    ],
    [
      1,
      88,
      161
    ],
    [
      1,
      90,
      177
    ]
  ],
  "objectInfo": {
    "code_orig_.js:16:1:16:24": [
      {
        "objectId": 2,
        "creationTime": 2,
        "creationCallStack": [],
        "unreachableTime": 94,
        "unreachableSite": "end of program",
        "staleness": 6,
        "lastUseTime": 88,
        "lastUseSite": 41,
        "shallowSize": 2,
        "type": "FUNCTION"
      },
      {
        "objectId": 3,
        "creationTime": 2,
        "creationCallStack": [],
        "unreachableTime": 94,
        "unreachableSite": "end of program",
        "staleness": 92,
        "lastUseTime": "never used",
        "lastUseSite": "never used",
        "shallowSize": 1,
        "type": "PROTOTYPE"
      }
    ],
    "code_orig_.js:17:1:24:3": [
      {
        "objectId": 4,
        "creationTime": 4,
        "creationCallStack": [],
        "unreachableTime": 13,
        "unreachableSite": "code_orig_.js:17:1:24:5",
        "staleness": 1,
        "lastUseTime": 12,
        "lastUseSite": 121,
        "shallowSize": 2,
        "type": "FUNCTION"
      },
      {
        "objectId": 5,
        "creationTime": 4,
        "creationCallStack": [],
        "unreachableTime": 13,
        "unreachableSite": "code_orig_.js:17:1:24:5",
        "staleness": 9,
        "lastUseTime": "never used",
        "lastUseSite": "never used",
        "shallowSize": 1,
        "type": "PROTOTYPE"
      }
    ],
    "code_orig_.js:18:20:22:6": [
      {
        "objectId": 6,
        "creationTime": 7,
        "creationCallStack": [
          121
        ],
        "unreachableTime": 90,
        "unreachableSite": "code_orig_.js:18:20:22:6",
        "staleness": 11,
        "lastUseTime": 79,
        "lastUseSite": 49,
        "shallowSize": 2,
        "type": "FUNCTION"
      },
      {
        "objectId": 7,
        "creationTime": 7,
        "creationCallStack": [
          121
        ],
        "unreachableTime": 90,
        "unreachableSite": "code_orig_.js:18:20:22:6",
        "staleness": 83,
        "lastUseTime": "never used",
        "lastUseSite": "never used",
        "shallowSize": 1,
        "type": "PROTOTYPE"
      }
    ],
    "initial DOM": [
      {
        "objectId": 8,
        "creationTime": 15,
        "creationCallStack": [],
        "unreachableTime": 94,
        "unreachableSite": "end of program",
        "staleness": 79,
        "lastUseTime": "never used",
        "lastUseSite": "never used",
        "shallowSize": 2,
        "type": "DOM"
      },
      {
        "objectId": 9,
        "creationTime": 17,
        "creationCallStack": [],
        "unreachableTime": 94,
        "unreachableSite": "end of program",
        "staleness": 0,
        "lastUseTime": 94,
        "lastUseSite": "never used",
        "shallowSize": 4,
        "type": "DOM"
      },
      {
        "objectId": 10,
        "creationTime": 20,
        "creationCallStack": [],
        "unreachableTime": 94,
        "unreachableSite": "end of program",
        "staleness": 0,
        "lastUseTime": 94,
        "lastUseSite": "never used",
        "shallowSize": 20,
        "type": "DOM"
      },
      {
        "objectId": 11,
        "creationTime": 22,
        "creationCallStack": [],
        "unreachableTime": 94,
        "unreachableSite": "end of program",
        "staleness": 0,
        "lastUseTime": 94,
        "lastUseSite": "never used",
        "shallowSize": 2,
        "type": "DOM"
      },
      {
        "objectId": 12,
        "creationTime": 24,
        "creationCallStack": [],
        "unreachableTime": 94,
        "unreachableSite": "end of program",
        "staleness": 0,
        "lastUseTime": 94,
        "lastUseSite": "never used",
        "shallowSize": 1,
        "type": "DOM"
      },
      {
        "objectId": 13,
        "creationTime": 26,
        "creationCallStack": [],
        "unreachableTime": 94,
        "unreachableSite": "end of program",
        "staleness": 0,
        "lastUseTime": 94,
        "lastUseSite": "never used",
        "shallowSize": 2,
        "type": "DOM"
      },
      {
        "objectId": 14,
        "creationTime": 28,
        "creationCallStack": [],
        "unreachableTime": 94,
        "unreachableSite": "end of program",
        "staleness": 0,
        "lastUseTime": 94,
        "lastUseSite": "never used",
        "shallowSize": 1,
        "type": "DOM"
      },
      {
        "objectId": 15,
        "creationTime": 30,
        "creationCallStack": [],
        "unreachableTime": 94,
        "unreachableSite": "end of program",
        "staleness": 0,
        "lastUseTime": 94,
        "lastUseSite": "never used",
        "shallowSize": 2,
        "type": "DOM"
      },
      {
        "objectId": 16,
        "creationTime": 32,
        "creationCallStack": [],
        "unreachableTime": 94,
        "unreachableSite": "end of program",
        "staleness": 0,
        "lastUseTime": 94,
        "lastUseSite": "never used",
        "shallowSize": 1,
        "type": "DOM"
      },
      {
        "objectId": 17,
        "creationTime": 34,
        "creationCallStack": [],
        "unreachableTime": 94,
        "unreachableSite": "end of program",
        "staleness": 0,
        "lastUseTime": 94,
        "lastUseSite": "never used",
        "shallowSize": 1,
        "type": "DOM"
      },
      {
        "objectId": 18,
        "creationTime": 36,
        "creationCallStack": [],
        "unreachableTime": 94,
        "unreachableSite": "end of program",
        "staleness": 0,
        "lastUseTime": 94,
        "lastUseSite": "never used",
        "shallowSize": 1,
        "type": "DOM"
      },
      {
        "objectId": 19,
        "creationTime": 38,
        "creationCallStack": [],
        "unreachableTime": 94,
        "unreachableSite": "end of program",
        "staleness": 0,
        "lastUseTime": 94,
        "lastUseSite": "never used",
        "shallowSize": 1,
        "type": "DOM"
      },
      {
        "objectId": 20,
        "creationTime": 40,
        "creationCallStack": [],
        "unreachableTime": 94,
        "unreachableSite": "end of program",
        "staleness": 0,
        "lastUseTime": 94,
        "lastUseSite": "never used",
        "shallowSize": 1,
        "type": "DOM"
      },
      {
        "objectId": 21,
        "creationTime": 42,
        "creationCallStack": [],
        "unreachableTime": 94,
        "unreachableSite": "end of program",
        "staleness": 0,
        "lastUseTime": 94,
        "lastUseSite": "never used",
        "shallowSize": 1,
        "type": "DOM"
      },
      {
        "objectId": 22,
        "creationTime": 44,
        "creationCallStack": [],
        "unreachableTime": 94,
        "unreachableSite": "end of program",
        "staleness": 0,
        "lastUseTime": 94,
        "lastUseSite": "never used",
        "shallowSize": 1,
        "type": "DOM"
      },
      {
        "objectId": 23,
        "creationTime": 46,
        "creationCallStack": [],
        "unreachableTime": 94,
        "unreachableSite": "end of program",
        "staleness": 0,
        "lastUseTime": 94,
        "lastUseSite": "never used",
        "shallowSize": 1,
        "type": "DOM"
      },
      {
        "objectId": 24,
        "creationTime": 48,
        "creationCallStack": [],
        "unreachableTime": 94,
        "unreachableSite": "end of program",
        "staleness": 0,
        "lastUseTime": 94,
        "lastUseSite": "never used",
        "shallowSize": 1,
        "type": "DOM"
      },
      {
        "objectId": 25,
        "creationTime": 50,
        "creationCallStack": [],
        "unreachableTime": 94,
        "unreachableSite": "end of program",
        "staleness": 0,
        "lastUseTime": 94,
        "lastUseSite": "never used",
        "shallowSize": 1,
        "type": "DOM"
      },
      {
        "objectId": 26,
        "creationTime": 52,
        "creationCallStack": [],
        "unreachableTime": 94,
        "unreachableSite": "end of program",
        "staleness": 0,
        "lastUseTime": 94,
        "lastUseSite": "never used",
        "shallowSize": 1,
        "type": "DOM"
      },
      {
        "objectId": 27,
        "creationTime": 54,
        "creationCallStack": [],
        "unreachableTime": 94,
        "unreachableSite": "end of program",
        "staleness": 0,
        "lastUseTime": 94,
        "lastUseSite": "never used",
        "shallowSize": 1,
        "type": "DOM"
      },
      {
        "objectId": 28,
        "creationTime": 56,
        "creationCallStack": [],
        "unreachableTime": 94,
        "unreachableSite": "end of program",
        "staleness": 0,
        "lastUseTime": 94,
        "lastUseSite": "never used",
        "shallowSize": 2,
        "type": "DOM"
      },
      {
        "objectId": 29,
        "creationTime": 58,
        "creationCallStack": [],
        "unreachableTime": 94,
        "unreachableSite": "end of program",
        "staleness": 0,
        "lastUseTime": 94,
        "lastUseSite": "never used",
        "shallowSize": 1,
        "type": "DOM"
      },
      {
        "objectId": 30,
        "creationTime": 60,
        "creationCallStack": [],
        "unreachableTime": 94,
        "unreachableSite": "end of program",
        "staleness": 0,
        "lastUseTime": 94,
        "lastUseSite": "never used",
        "shallowSize": 1,
        "type": "DOM"
      },
      {
        "objectId": 31,
        "creationTime": 62,
        "creationCallStack": [],
        "unreachableTime": 94,
        "unreachableSite": "end of program",
        "staleness": 0,
        "lastUseTime": 94,
        "lastUseSite": "never used",
        "shallowSize": 1,
        "type": "DOM"
      },
      {
        "objectId": 32,
        "creationTime": 64,
        "creationCallStack": [],
        "unreachableTime": 94,
        "unreachableSite": "end of program",
        "staleness": 0,
        "lastUseTime": 94,
        "lastUseSite": "never used",
        "shallowSize": 1,
        "type": "DOM"
      },
      {
        "objectId": 33,
        "creationTime": 66,
        "creationCallStack": [],
        "unreachableTime": 94,
        "unreachableSite": "end of program",
        "staleness": 0,
        "lastUseTime": 94,
        "lastUseSite": "never used",
        "shallowSize": 1,
        "type": "DOM"
      },
      {
        "objectId": 34,
        "creationTime": 68,
        "creationCallStack": [],
        "unreachableTime": 94,
        "unreachableSite": "end of program",
        "staleness": 0,
        "lastUseTime": 94,
        "lastUseSite": "never used",
        "shallowSize": 1,
        "type": "DOM"
      },
      {
        "objectId": 35,
        "creationTime": 70,
        "creationCallStack": [],
        "unreachableTime": 94,
        "unreachableSite": "end of program",
        "staleness": 0,
        "lastUseTime": 94,
        "lastUseSite": "never used",
        "shallowSize": 4,
        "type": "DOM"
      },
      {
        "objectId": 36,
        "creationTime": 72,
        "creationCallStack": [],
        "unreachableTime": 94,
        "unreachableSite": "end of program",
        "staleness": 0,
        "lastUseTime": 94,
        "lastUseSite": "never used",
        "shallowSize": 1,
        "type": "DOM"
      },
      {
        "objectId": 37,
        "creationTime": 74,
        "creationCallStack": [],
        "unreachableTime": 94,
        "unreachableSite": "end of program",
        "staleness": 0,
        "lastUseTime": 94,
        "lastUseSite": "never used",
        "shallowSize": 1,
        "type": "DOM"
      },
      {
        "objectId": 38,
        "creationTime": 76,
        "creationCallStack": [],
        "unreachableTime": 94,
        "unreachableSite": "end of program",
        "staleness": 0,
        "lastUseTime": 94,
        "lastUseSite": "never used",
        "shallowSize": 1,
        "type": "DOM"
      }
    ]
  }
}