[53,"DOM","initial DOM",106,[],132,"remove from DOM",138,"unknown"]
[54,"DOM","initial DOM",108,[],133,"remove from DOM",138,"unknown"]
[55,"DOM","initial DOM",110,[],133,"remove from DOM",138,"unknown"]
[56,"DOM","initial DOM",112,[],134,"remove from DOM",138,"unknown"]
[51,"DOM","initial DOM",102,[],135,"remove from DOM",138,"unknown"]
[52,"DOM","initial DOM",104,[],125,"lifetime-analysis/test/traces/htmlTest5/removenode_orig_.js:18:5:18:23",138,"unknown"]
[57,"DOM","initial DOM",114,[],137,"remove from DOM",138,"unknown"]
[2,"FUNCTION","lifetime-analysis/test/traces/htmlTest5/removenode_orig_.js:16:1:21:2",2,[],123,"lifetime-analysis/test/traces/htmlTest5/removenode_orig_.js:16:1:21:2",138,"end of program"]
[3,"PROTOTYPE","lifetime-analysis/test/traces/htmlTest5/removenode_orig_.js:16:1:21:2",2,[],0,"unknown",138,"end of program"]
[4,"DOM","initial DOM",7,[],125,"lifetime-analysis/test/traces/htmlTest5/removenode_orig_.js:19:11:19:34",138,"end of program"]
[5,"DOM","initial DOM",9,[],0,"unknown",138,"end of program"]
[48,"DOM","initial DOM",96,[],0,"unknown",138,"end of program"]
[60,"DOM","initial DOM",120,[],0,"unknown",138,"end of program"]
[59,"DOM","initial DOM",118,[],0,"unknown",138,"end of program"]
[58,"DOM","initial DOM",116,[],0,"unknown",138,"end of program"]
[50,"DOM","initial DOM",100,[],127,"lifetime-analysis/test/traces/htmlTest5/removenode_orig_.js:20:5:20:23",138,"end of program"]
[49,"DOM","initial DOM",98,[],0,"unknown",138,"end of program"]
[47,"DOM","initial DOM",94,[],0,"unknown",138,"end of program"]
[6,"DOM","initial DOM",12,[],0,"unknown",138,"end of program"]
[46,"DOM","initial DOM",92,[],0,"unknown",138,"end of program"]
[45,"DOM","initial DOM",90,[],0,"unknown",138,"end of program"]
[44,"DOM","initial DOM",88,[],0,"unknown",138,"end of program"]
[43,"DOM","initial DOM",86,[],0,"unknown",138,"end of program"]
[41,"DOM","initial DOM",82,[],0,"unknown",138,"end of program"]
[42,"DOM","initial DOM",84,[],0,"unknown",138,"end of program"]
[40,"DOM","initial DOM",80,[],0,"unknown",138,"end of program"]
[39,"DOM","initial DOM",78,[],0,"unknown",138,"end of program"]
[38,"DOM","initial DOM",76,[],0,"unknown",138,"end of program"]
[37,"DOM","initial DOM",74,[],0,"unknown",138,"end of program"]
[36,"DOM","initial DOM",72,[],0,"unknown",138,"end of program"]
[35,"DOM","initial DOM",70,[],0,"unknown",138,"end of program"]
[34,"DOM","initial DOM",68,[],0,"unknown",138,"end of program"]
[33,"DOM","initial DOM",66,[],0,"unknown",138,"end of program"]
[32,"DOM","initial DOM",64,[],0,"unknown",138,"end of program"]
[31,"DOM","initial DOM",62,[],0,"unknown",138,"end of program"]
[30,"DOM","initial DOM",60,[],0,"unknown",138,"end of program"]
[29,"DOM","initial DOM",58,[],0,"unknown",138,"end of program"]
[28,"DOM","initial DOM",56,[],0,"unknown",138,"end of program"]
[27,"DOM","initial DOM",54,[],0,"unknown",138,"end of program"]
[26,"DOM","initial DOM",52,[],0,"unknown",138,"end of program"]
[25,"DOM","initial DOM",50,[],0,"unknown",138,"end of program"]
[24,"DOM","initial DOM",48,[],0,"unknown",138,"end of program"]
[23,"DOM","initial DOM",46,[],0,"unknown",138,"end of program"]
[22,"DOM","initial DOM",44,[],0,"unknown",138,"end of program"]
[21,"DOM","initial DOM",42,[],0,"unknown",138,"end of program"]
[20,"DOM","initial DOM",40,[],0,"unknown",138,"end of program"]
[19,"DOM","initial DOM",38,[],0,"unknown",138,"end of program"]
[18,"DOM","initial DOM",36,[],0,"unknown",138,"end of program"]
[17,"DOM","initial DOM",34,[],0,"unknown",138,"end of program"]
[16,"DOM","initial DOM",32,[],0,"unknown",138,"end of program"]
[15,"DOM","initial DOM",30,[],0,"unknown",138,"end of program"]
[14,"DOM","initial DOM",28,[],0,"unknown",138,"end of program"]
[13,"DOM","initial DOM",26,[],0,"unknown",138,"end of program"]
[12,"DOM","initial DOM",24,[],0,"unknown",138,"end of program"]
[11,"DOM","initial DOM",22,[],0,"unknown",138,"end of program"]
[10,"DOM","initial DOM",20,[],0,"unknown",138,"end of program"]
[9,"DOM","initial DOM",18,[],0,"unknown",138,"end of program"]
[8,"DOM","initial DOM",16,[],0,"unknown",138,"end of program"]
[7,"DOM","initial DOM",14,[],0,"unknown",138,"end of program"]
last use
[2,123,"lifetime-analysis/test/traces/htmlTest5/removenode_orig_.js:16:1:21:2"]
[4,125,"lifetime-analysis/test/traces/htmlTest5/removenode_orig_.js:19:11:19:34"]
[52,125,"lifetime-analysis/test/traces/htmlTest5/removenode_orig_.js:18:5:18:23"]
[50,127,"lifetime-analysis/test/traces/htmlTest5/removenode_orig_.js:20:5:20:23"]
[53,132,"remove from DOM"]
[54,133,"remove from DOM"]
[55,133,"remove from DOM"]
[56,134,"remove from DOM"]
[51,135,"remove from DOM"]
[57,137,"remove from DOM"]
unreachable
[2,138,"end of program"]
[4,138,"end of program"]
[52,138,"unknown"]
[50,138,"end of program"]
[53,138,"unknown"]
[54,138,"unknown"]
[55,138,"unknown"]
[56,138,"unknown"]
[51,138,"unknown"]
[57,138,"unknown"]
[3,138,"end of program"]
[5,138,"end of program"]
[6,138,"end of program"]
[7,138,"end of program"]
[8,138,"end of program"]
[9,138,"end of program"]
[10,138,"end of program"]
[11,138,"end of program"]
[12,138,"end of program"]
[13,138,"end of program"]
[14,138,"end of program"]
[15,138,"end of program"]
[16,138,"end of program"]
[17,138,"end of program"]
[18,138,"end of program"]
[19,138,"end of program"]
[20,138,"end of program"]
[21,138,"end of program"]
[22,138,"end of program"]
[23,138,"end of program"]
[24,138,"end of program"]
[25,138,"end of program"]
[26,138,"end of program"]
[27,138,"end of program"]
[28,138,"end of program"]
[29,138,"end of program"]
[30,138,"end of program"]
[31,138,"end of program"]
[32,138,"end of program"]
[33,138,"end of program"]
[34,138,"end of program"]
[35,138,"end of program"]
[36,138,"end of program"]
[37,138,"end of program"]
[38,138,"end of program"]
[39,138,"end of program"]
[40,138,"end of program"]
[41,138,"end of program"]
[42,138,"end of program"]
[43,138,"end of program"]
[44,138,"end of program"]
[45,138,"end of program"]
[46,138,"end of program"]
[47,138,"end of program"]
[48,138,"end of program"]
[49,138,"end of program"]
[58,138,"end of program"]
[59,138,"end of program"]
[60,138,"end of program"]