checknode_orig_.js:24:9:24:23 : RC(initial DOM) = 1
Id: 2     Alloc: checknode_orig_.js:16:1:16:24            Time: 134        Loc: end of program
Id: 3     Alloc: checknode_orig_.js:16:1:16:24            Time: 134        Loc: end of program
Id: 4     Alloc: checknode_orig_.js:20:2:34:2             Time: 20         Loc: checknode_orig_.js:20:1:34:5
Id: 5     Alloc: checknode_orig_.js:20:2:34:2             Time: 20         Loc: checknode_orig_.js:20:1:34:5
Id: 6     Alloc: checknode_orig_.js:23:15:26:6            Time: 126        Loc: checknode_orig_.js:23:15:26:6
Id: 7     Alloc: checknode_orig_.js:23:15:26:6            Time: 126        Loc: checknode_orig_.js:23:15:26:6
Id: 8     Alloc: checknode_orig_.js:27:15:31:6            Time: 117        Loc: checknode_orig_.js:27:15:31:6
Id: 9     Alloc: checknode_orig_.js:27:15:31:6            Time: 117        Loc: checknode_orig_.js:27:15:31:6
Id: 10    Alloc: initial DOM                              Time: 134        Loc: end of program
Id: 11    Alloc: initial DOM                              Time: 134        Loc: end of program
Id: 12    Alloc: initial DOM                              Time: 134        Loc: end of program
Id: 13    Alloc: initial DOM                              Time: 134        Loc: end of program
Id: 14    Alloc: initial DOM                              Time: 134        Loc: end of program
Id: 15    Alloc: initial DOM                              Time: 134        Loc: end of program
Id: 16    Alloc: initial DOM                              Time: 134        Loc: end of program
Id: 17    Alloc: initial DOM                              Time: 134        Loc: end of program
Id: 18    Alloc: initial DOM                              Time: 134        Loc: end of program
Id: 19    Alloc: initial DOM                              Time: 134        Loc: end of program
Id: 20    Alloc: initial DOM                              Time: 134        Loc: end of program
Id: 21    Alloc: initial DOM                              Time: 134        Loc: end of program
Id: 22    Alloc: initial DOM                              Time: 134        Loc: end of program
Id: 23    Alloc: initial DOM                              Time: 134        Loc: end of program
Id: 24    Alloc: initial DOM                              Time: 134        Loc: end of program
Id: 25    Alloc: initial DOM                              Time: 134        Loc: end of program
Id: 26    Alloc: initial DOM                              Time: 134        Loc: end of program
Id: 27    Alloc: initial DOM                              Time: 134        Loc: end of program
Id: 28    Alloc: initial DOM                              Time: 134        Loc: end of program
Id: 29    Alloc: initial DOM                              Time: 134        Loc: end of program
Id: 30    Alloc: initial DOM                              Time: 134        Loc: end of program
Id: 31    Alloc: initial DOM                              Time: 134        Loc: end of program
Id: 32    Alloc: initial DOM                              Time: 134        Loc: end of program
Id: 33    Alloc: initial DOM                              Time: 134        Loc: end of program
Id: 34    Alloc: initial DOM                              Time: 134        Loc: end of program
Id: 35    Alloc: initial DOM                              Time: 134        Loc: end of program
Id: 36    Alloc: initial DOM                              Time: 134        Loc: end of program
Id: 37    Alloc: initial DOM                              Time: 134        Loc: end of program
Id: 38    Alloc: initial DOM                              Time: 134        Loc: end of program
Id: 39    Alloc: initial DOM                              Time: 126        Loc: checknode_orig_.js:23:15:26:6
Id: 40    Alloc: initial DOM                              Time: 126        Loc: checknode_orig_.js:23:15:26:6
Id: 41    Alloc: initial DOM                              Time: 126        Loc: checknode_orig_.js:23:15:26:6
Id: 42    Alloc: initial DOM                              Time: 126        Loc: checknode_orig_.js:23:15:26:6
Id: 43    Alloc: initial DOM                              Time: 126        Loc: checknode_orig_.js:23:15:26:6
Id: 44    Alloc: initial DOM                              Time: 126        Loc: checknode_orig_.js:23:15:26:6
Id: 45    Alloc: initial DOM                              Time: 126        Loc: checknode_orig_.js:23:15:26:6
Id: 46    Alloc: initial DOM                              Time: 126        Loc: checknode_orig_.js:23:15:26:6
Id: 47    Alloc: initial DOM                              Time: 126        Loc: checknode_orig_.js:23:15:26:6
Id: 48    Alloc: initial DOM                              Time: 126        Loc: checknode_orig_.js:23:15:26:6
Id: 49    Alloc: initial DOM                              Time: 126        Loc: checknode_orig_.js:23:15:26:6
Id: 50    Alloc: initial DOM                              Time: 134        Loc: end of program
Id: 51    Alloc: initial DOM                              Time: 134        Loc: end of program
Id: 52    Alloc: initial DOM                              Time: 134        Loc: end of program