{
  "functionTrace": [
    [
      0,
      3,
      105
    ],
    [
      0,
      8,
      41
    ],
    [
      1,
      11,
      201
    ],
    [
      1,
      20,
      217
    ]
  ],
  "objectInfo": {
    "initial DOM": [
      {
        "objectId": 8,
        "creationTime": 23,
        "creationCallStack": [],
        "unreachableTime": 88,
        "unreachableSite": "end of program",
        "staleness": 65,
        "lastUseTime": "never used",
        "lastUseSite": "never used",
        "shallowSize": 2,
        "type": "DOM"
      },
      {
        "objectId": 9,
        "creationTime": 25,
        "creationCallStack": [],
        "unreachableTime": 88,
        "unreachableSite": "end of program",
        "staleness": 0,
        "lastUseTime": 88,
        "lastUseSite": "never used",
        "shallowSize": 4,
        "type": "DOM"
      },
      {
        "objectId": 10,
        "creationTime": 28,
        "creationCallStack": [],
        "unreachableTime": 88,
        "unreachableSite": "end of program",
        "staleness": 0,
        "lastUseTime": 88,
        "lastUseSite": "never used",
        "shallowSize": 20,
        "type": "DOM"
      },
      {
        "objectId": 11,
        "creationTime": 30,
        "creationCallStack": [],
        "unreachableTime": 88,
        "unreachableSite": "end of program",
        "staleness": 0,
        "lastUseTime": 88,
        "lastUseSite": "never used",
        "shallowSize": 2,
        "type": "DOM"
      },
      {
        "objectId": 12,
        "creationTime": 32,
        "creationCallStack": [],
        "unreachableTime": 88,
        "unreachableSite": "end of program",
        "staleness": 0,
        "lastUseTime": 88,
        "lastUseSite": "never used",
        "shallowSize": 1,
        "type": "DOM"
      },
      {
        "objectId": 13,
        "creationTime": 34,
        "creationCallStack": [],
        "unreachableTime": 88,
        "unreachableSite": "end of program",
        "staleness": 0,
        "lastUseTime": 88,
        "lastUseSite": "never used",
        "shallowSize": 2,
        "type": "DOM"
      },
      {
        "objectId": 14,
        "creationTime": 36,
        "creationCallStack": [],
        "unreachableTime": 88,
        "unreachableSite": "end of program",
        "staleness": 0,
        "lastUseTime": 88,
        "lastUseSite": "never used",
        "shallowSize": 1,
        "type": "DOM"
      },
      {
        "objectId": 15,
        "creationTime": 38,
        "creationCallStack": [],
        "unreachableTime": 88,
        "unreachableSite": "end of program",
        "staleness": 0,
        "lastUseTime": 88,
        "lastUseSite": "never used",
        "shallowSize": 2,
        "type": "DOM"
      },
      {
        "objectId": 16,
        "creationTime": 40,
        "creationCallStack": [],
        "unreachableTime": 88,
        "unreachableSite": "end of program",
        "staleness": 0,
        "lastUseTime": 88,
        "lastUseSite": "never used",
        "shallowSize": 1,
        "type": "DOM"
      },
      {
        "objectId": 17,
        "creationTime": 42,
        "creationCallStack": [],
        "unreachableTime": 88,
        "unreachableSite": "end of program",
        "staleness": 0,
        "lastUseTime": 88,
        "lastUseSite": "never used",
        "shallowSize": 1,
        "type": "DOM"
      },
      {
        "objectId": 18,
        "creationTime": 44,
        "creationCallStack": [],
        "unreachableTime": 88,
        "unreachableSite": "end of program",
        "staleness": 0,
        "lastUseTime": 88,
        "lastUseSite": "never used",
        "shallowSize": 1,
        "type": "DOM"
      },
      {
        "objectId": 19,
        "creationTime": 46,
        "creationCallStack": [],
        "unreachableTime": 88,
        "unreachableSite": "end of program",
        "staleness": 0,
        "lastUseTime": 88,
        "lastUseSite": "never used",
        "shallowSize": 1,
        "type": "DOM"
      },
      {
        "objectId": 20,
        "creationTime": 48,
        "creationCallStack": [],
        "unreachableTime": 88,
        "unreachableSite": "end of program",
        "staleness": 0,
        "lastUseTime": 88,
        "lastUseSite": "never used",
        "shallowSize": 1,
        "type": "DOM"
      },
      {
        "objectId": 21,
        "creationTime": 50,
        "creationCallStack": [],
        "unreachableTime": 88,
        "unreachableSite": "end of program",
        "staleness": 0,
        "lastUseTime": 88,
        "lastUseSite": "never used",
        "shallowSize": 1,
        "type": "DOM"
      },
      {
        "objectId": 22,
        "creationTime": 52,
        "creationCallStack": [],
        "unreachableTime": 88,
        "unreachableSite": "end of program",
        "staleness": 0,
        "lastUseTime": 88,
        "lastUseSite": "never used",
        "shallowSize": 1,
        "type": "DOM"
      },
      {
        "objectId": 23,
        "creationTime": 54,
        "creationCallStack": [],
        "unreachableTime": 88,
        "unreachableSite": "end of program",
        "staleness": 0,
        "lastUseTime": 88,
        "lastUseSite": "never used",
        "shallowSize": 1,
        "type": "DOM"
      },
      {
        "objectId": 24,
        "creationTime": 56,
        "creationCallStack": [],
        "unreachableTime": 88,
        "unreachableSite": "end of program",
        "staleness": 0,
        "lastUseTime": 88,
        "lastUseSite": "never used",
        "shallowSize": 1,
        "type": "DOM"
      },
      {
        "objectId": 25,
        "creationTime": 58,
        "creationCallStack": [],
        "unreachableTime": 88,
        "unreachableSite": "end of program",
        "staleness": 0,
        "lastUseTime": 88,
        "lastUseSite": "never used",
        "shallowSize": 1,
        "type": "DOM"
      },
      {
        "objectId": 26,
        "creationTime": 60,
        "creationCallStack": [],
        "unreachableTime": 88,
        "unreachableSite": "end of program",
        "staleness": 0,
        "lastUseTime": 88,
        "lastUseSite": "never used",
        "shallowSize": 1,
        "type": "DOM"
      },
      {
        "objectId": 27,
        "creationTime": 62,
        "creationCallStack": [],
        "unreachableTime": 88,
        "unreachableSite": "end of program",
        "staleness": 0,
        "lastUseTime": 88,
        "lastUseSite": "never used",
        "shallowSize": 1,
        "type": "DOM"
      },
      {
        "objectId": 28,
        "creationTime": 64,
        "creationCallStack": [],
        "unreachableTime": 88,
        "unreachableSite": "end of program",
        "staleness": 0,
        "lastUseTime": 88,
        "lastUseSite": "never used",
        "shallowSize": 2,
        "type": "DOM"
      },
      {
        "objectId": 29,
        "creationTime": 66,
        "creationCallStack": [],
        "unreachableTime": 88,
        "unreachableSite": "end of program",
        "staleness": 0,
        "lastUseTime": 88,
        "lastUseSite": "never used",
        "shallowSize": 1,
        "type": "DOM"
      },
      {
        "objectId": 30,
        "creationTime": 68,
        "creationCallStack": [],
        "unreachableTime": 88,
        "unreachableSite": "end of program",
        "staleness": 0,
        "lastUseTime": 88,
        "lastUseSite": "never used",
        "shallowSize": 1,
        "type": "DOM"
      },
      {
        "objectId": 31,
        "creationTime": 70,
        "creationCallStack": [],
        "unreachableTime": 88,
        "unreachableSite": "end of program",
        "staleness": 0,
        "lastUseTime": 88,
        "lastUseSite": "never used",
        "shallowSize": 1,
        "type": "DOM"
      },
      {
        "objectId": 32,
        "creationTime": 72,
        "creationCallStack": [],
        "unreachableTime": 88,
        "unreachableSite": "end of program",
        "staleness": 0,
        "lastUseTime": 88,
        "lastUseSite": "never used",
        "shallowSize": 1,
        "type": "DOM"
      },
      {
        "objectId": 33,
        "creationTime": 74,
        "creationCallStack": [],
        "unreachableTime": 88,
        "unreachableSite": "end of program",
        "staleness": 0,
        "lastUseTime": 88,
        "lastUseSite": "never used",
        "shallowSize": 1,
        "type": "DOM"
      },
      {
        "objectId": 34,
        "creationTime": 76,
        "creationCallStack": [],
        "unreachableTime": 88,
        "unreachableSite": "end of program",
        "staleness": 0,
        "lastUseTime": 88,
        "lastUseSite": "never used",
        "shallowSize": 1,
        "type": "DOM"
      },
      {
        "objectId": 35,
        "creationTime": 78,
        "creationCallStack": [],
        "unreachableTime": 88,
        "unreachableSite": "end of program",
        "staleness": 0,
        "lastUseTime": 88,
        "lastUseSite": "never used",
        "shallowSize": 4,
        "type": "DOM"
      },
      {
        "objectId": 36,
        "creationTime": 80,
        "creationCallStack": [],
        "unreachableTime": 88,
        "unreachableSite": "end of program",
        "staleness": 0,
        "lastUseTime": 88,
        "lastUseSite": "never used",
        "shallowSize": 1,
        "type": "DOM"
      },
      {
        "objectId": 37,
        "creationTime": 82,
        "creationCallStack": [],
        "unreachableTime": 88,
        "unreachableSite": "end of program",
        "staleness": 0,
        "lastUseTime": 88,
        "lastUseSite": "never used",
        "shallowSize": 1,
        "type": "DOM"
      },
      {
        "objectId": 38,
        "creationTime": 84,
        "creationCallStack": [],
        "unreachableTime": 88,
        "unreachableSite": "end of program",
        "staleness": 0,
        "lastUseTime": 88,
        "lastUseSite": "never used",
        "shallowSize": 1,
        "type": "DOM"
      }
    ],
    "testcleartimeout_orig_.js:16:2:25:2": [
      {
        "objectId": 2,
        "creationTime": 2,
        "creationCallStack": [],
        "unreachableTime": 21,
        "unreachableSite": "testcleartimeout_orig_.js:16:1:25:5",
        "staleness": 1,
        "lastUseTime": 20,
        "lastUseSite": 161,
        "shallowSize": 2,
        "type": "FUNCTION"
      },
      {
        "objectId": 3,
        "creationTime": 2,
        "creationCallStack": [],
        "unreachableTime": 21,
        "unreachableSite": "testcleartimeout_orig_.js:16:1:25:5",
        "staleness": 19,
        "lastUseTime": "never used",
        "lastUseSite": "never used",
        "shallowSize": 1,
        "type": "PROTOTYPE"
      }
    ],
    "testcleartimeout_orig_.js:17:5:19:6": [
      {
        "objectId": 4,
        "creationTime": 4,
        "creationCallStack": [
          161
        ],
        "unreachableTime": 20,
        "unreachableSite": "testcleartimeout_orig_.js:16:2:25:2",
        "staleness": 9,
        "lastUseTime": 11,
        "lastUseSite": 57,
        "shallowSize": 3,
        "type": "FUNCTION"
      },
      {
        "objectId": 5,
        "creationTime": 4,
        "creationCallStack": [
          161
        ],
        "unreachableTime": 20,
        "unreachableSite": "testcleartimeout_orig_.js:16:2:25:2",
        "staleness": 16,
        "lastUseTime": "never used",
        "lastUseSite": "never used",
        "shallowSize": 1,
        "type": "PROTOTYPE"
      }
    ],
    "testcleartimeout_orig_.js:18:16:18:30": [
      {
        "objectId": 6,
        "creationTime": 9,
        "creationCallStack": [
          57,
          161
        ],
        "unreachableTime": 19,
        "unreachableSite": "testcleartimeout_orig_.js:24:5:24:20",
        "staleness": 10,
        "lastUseTime": "never used",
        "lastUseSite": "never used",
        "shallowSize": 3,
        "type": "FUNCTION"
      },
      {
        "objectId": 7,
        "creationTime": 9,
        "creationCallStack": [
          57,
          161
        ],
        "unreachableTime": 19,
        "unreachableSite": "testcleartimeout_orig_.js:24:5:24:20",
        "staleness": 10,
        "lastUseTime": "never used",
        "lastUseSite": "never used",
        "shallowSize": 1,
        "type": "PROTOTYPE"
      }
    ]
  }
}