code_orig_.js:19:9:19:28 : RC(code_orig_.js:18:20:22:6) = 2
code_orig_.js:21:9:21:28 : RC(code_orig_.js:18:20:22:6) = 1
[4,"FUNCTION","lifetime-analysis/test/traces/htmlTest9/code_orig_.js:17:1:24:3",4,[],12,"lifetime-analysis/test/traces/htmlTest9/code_orig_.js:17:1:24:5",13,"lifetime-analysis/test/traces/htmlTest9/code_orig_.js:17:1:24:6"]
[5,"PROTOTYPE","lifetime-analysis/test/traces/htmlTest9/code_orig_.js:17:1:24:3",4,[],0,"unknown",13,"lifetime-analysis/test/traces/htmlTest9/code_orig_.js:17:1:24:6"]
[2,"FUNCTION","lifetime-analysis/test/traces/htmlTest9/code_orig_.js:16:1:16:24",2,[],170,"lifetime-analysis/test/traces/htmlTest9/code_orig_.js:21:9:21:28",172,"end of program"]
[3,"PROTOTYPE","lifetime-analysis/test/traces/htmlTest9/code_orig_.js:16:1:16:24",2,[],0,"unknown",172,"end of program"]
[8,"DOM","initial DOM",15,[],0,"unknown",172,"end of program"]
[9,"DOM","initial DOM",17,[],0,"unknown",172,"end of program"]
[76,"DOM","initial DOM",152,[],0,"unknown",172,"end of program"]
[79,"DOM","initial DOM",158,[],0,"unknown",172,"end of program"]
[78,"DOM","initial DOM",156,[],0,"unknown",172,"end of program"]
[77,"DOM","initial DOM",154,[],0,"unknown",172,"end of program"]
[75,"DOM","initial DOM",150,[],0,"unknown",172,"end of program"]
[10,"DOM","initial DOM",20,[],0,"unknown",172,"end of program"]
[74,"DOM","initial DOM",148,[],0,"unknown",172,"end of program"]
[73,"DOM","initial DOM",146,[],0,"unknown",172,"end of program"]
[72,"DOM","initial DOM",144,[],0,"unknown",172,"end of program"]
[71,"DOM","initial DOM",142,[],0,"unknown",172,"end of program"]
[69,"DOM","initial DOM",138,[],0,"unknown",172,"end of program"]
[70,"DOM","initial DOM",140,[],0,"unknown",172,"end of program"]
[68,"DOM","initial DOM",136,[],0,"unknown",172,"end of program"]
[67,"DOM","initial DOM",134,[],0,"unknown",172,"end of program"]
[66,"DOM","initial DOM",132,[],0,"unknown",172,"end of program"]
[65,"DOM","initial DOM",130,[],0,"unknown",172,"end of program"]
[64,"DOM","initial DOM",128,[],0,"unknown",172,"end of program"]
[63,"DOM","initial DOM",126,[],0,"unknown",172,"end of program"]
[62,"DOM","initial DOM",124,[],0,"unknown",172,"end of program"]
[61,"DOM","initial DOM",122,[],0,"unknown",172,"end of program"]
[60,"DOM","initial DOM",120,[],0,"unknown",172,"end of program"]
[59,"DOM","initial DOM",118,[],0,"unknown",172,"end of program"]
[58,"DOM","initial DOM",116,[],0,"unknown",172,"end of program"]
[57,"DOM","initial DOM",114,[],0,"unknown",172,"end of program"]
[56,"DOM","initial DOM",112,[],0,"unknown",172,"end of program"]
[55,"DOM","initial DOM",110,[],0,"unknown",172,"end of program"]
[54,"DOM","initial DOM",108,[],0,"unknown",172,"end of program"]
[53,"DOM","initial DOM",106,[],0,"unknown",172,"end of program"]
[52,"DOM","initial DOM",104,[],0,"unknown",172,"end of program"]
[51,"DOM","initial DOM",102,[],0,"unknown",172,"end of program"]
[50,"DOM","initial DOM",100,[],0,"unknown",172,"end of program"]
[49,"DOM","initial DOM",98,[],0,"unknown",172,"end of program"]
[48,"DOM","initial DOM",96,[],0,"unknown",172,"end of program"]
[47,"DOM","initial DOM",94,[],0,"unknown",172,"end of program"]
[46,"DOM","initial DOM",92,[],0,"unknown",172,"end of program"]
[45,"DOM","initial DOM",90,[],0,"unknown",172,"end of program"]
[44,"DOM","initial DOM",88,[],0,"unknown",172,"end of program"]
[43,"DOM","initial DOM",86,[],0,"unknown",172,"end of program"]
[42,"DOM","initial DOM",84,[],0,"unknown",172,"end of program"]
[41,"DOM","initial DOM",82,[],0,"unknown",172,"end of program"]
[40,"DOM","initial DOM",80,[],0,"unknown",172,"end of program"]
[39,"DOM","initial DOM",78,[],0,"unknown",172,"end of program"]
[38,"DOM","initial DOM",76,[],0,"unknown",172,"end of program"]
[37,"DOM","initial DOM",74,[],0,"unknown",172,"end of program"]
[36,"DOM","initial DOM",72,[],0,"unknown",172,"end of program"]
[35,"DOM","initial DOM",70,[],0,"unknown",172,"end of program"]
[34,"DOM","initial DOM",68,[],0,"unknown",172,"end of program"]
[33,"DOM","initial DOM",66,[],0,"unknown",172,"end of program"]
[32,"DOM","initial DOM",64,[],0,"unknown",172,"end of program"]
[31,"DOM","initial DOM",62,[],0,"unknown",172,"end of program"]
[30,"DOM","initial DOM",60,[],0,"unknown",172,"end of program"]
[29,"DOM","initial DOM",58,[],0,"unknown",172,"end of program"]
[28,"DOM","initial DOM",56,[],0,"unknown",172,"end of program"]
[27,"DOM","initial DOM",54,[],0,"unknown",172,"end of program"]
[26,"DOM","initial DOM",52,[],0,"unknown",172,"end of program"]
[25,"DOM","initial DOM",50,[],0,"unknown",172,"end of program"]
[24,"DOM","initial DOM",48,[],0,"unknown",172,"end of program"]
[23,"DOM","initial DOM",46,[],0,"unknown",172,"end of program"]
[22,"DOM","initial DOM",44,[],0,"unknown",172,"end of program"]
[21,"DOM","initial DOM",42,[],0,"unknown",172,"end of program"]
[20,"DOM","initial DOM",40,[],0,"unknown",172,"end of program"]
[19,"DOM","initial DOM",38,[],0,"unknown",172,"end of program"]
[18,"DOM","initial DOM",36,[],0,"unknown",172,"end of program"]
[17,"DOM","initial DOM",34,[],0,"unknown",172,"end of program"]
[16,"DOM","initial DOM",32,[],0,"unknown",172,"end of program"]
[15,"DOM","initial DOM",30,[],0,"unknown",172,"end of program"]
[14,"DOM","initial DOM",28,[],0,"unknown",172,"end of program"]
[13,"DOM","initial DOM",26,[],0,"unknown",172,"end of program"]
[12,"DOM","initial DOM",24,[],0,"unknown",172,"end of program"]
[11,"DOM","initial DOM",22,[],0,"unknown",172,"end of program"]
[6,"FUNCTION","lifetime-analysis/test/traces/htmlTest9/code_orig_.js:18:20:22:6",7,["lifetime-analysis/test/traces/htmlTest9/code_orig_.js:17:1:24:5"],161,"lifetime-analysis/test/traces/htmlTest9/code_orig_.js:18:20:22:6",172,"lifetime-analysis/test/traces/htmlTest9/code_orig_.js:18:20:22:6"]
[7,"PROTOTYPE","lifetime-analysis/test/traces/htmlTest9/code_orig_.js:18:20:22:6",7,["lifetime-analysis/test/traces/htmlTest9/code_orig_.js:17:1:24:5"],0,"unknown",172,"lifetime-analysis/test/traces/htmlTest9/code_orig_.js:18:20:22:6"]
last use
[4,12,"lifetime-analysis/test/traces/htmlTest9/code_orig_.js:17:1:24:5"]
[6,161,"lifetime-analysis/test/traces/htmlTest9/code_orig_.js:18:20:22:6"]
[2,170,"lifetime-analysis/test/traces/htmlTest9/code_orig_.js:21:9:21:28"]
unreachable
[4,13,"lifetime-analysis/test/traces/htmlTest9/code_orig_.js:17:1:24:6"]
[5,13,"lifetime-analysis/test/traces/htmlTest9/code_orig_.js:17:1:24:6"]
[6,172,"lifetime-analysis/test/traces/htmlTest9/code_orig_.js:18:20:22:6"]
[2,172,"end of program"]
[3,172,"end of program"]
[7,172,"lifetime-analysis/test/traces/htmlTest9/code_orig_.js:18:20:22:6"]
[8,172,"end of program"]
[9,172,"end of program"]
[10,172,"end of program"]
[11,172,"end of program"]
[12,172,"end of program"]
[13,172,"end of program"]
[14,172,"end of program"]
[15,172,"end of program"]
[16,172,"end of program"]
[17,172,"end of program"]
[18,172,"end of program"]
[19,172,"end of program"]
[20,172,"end of program"]
[21,172,"end of program"]
[22,172,"end of program"]
[23,172,"end of program"]
[24,172,"end of program"]
[25,172,"end of program"]
[26,172,"end of program"]
[27,172,"end of program"]
[28,172,"end of program"]
[29,172,"end of program"]
[30,172,"end of program"]
[31,172,"end of program"]
[32,172,"end of program"]
[33,172,"end of program"]
[34,172,"end of program"]
[35,172,"end of program"]
[36,172,"end of program"]
[37,172,"end of program"]
[38,172,"end of program"]
[39,172,"end of program"]
[40,172,"end of program"]
[41,172,"end of program"]
[42,172,"end of program"]
[43,172,"end of program"]
[44,172,"end of program"]
[45,172,"end of program"]
[46,172,"end of program"]
[47,172,"end of program"]
[48,172,"end of program"]
[49,172,"end of program"]
[50,172,"end of program"]
[51,172,"end of program"]
[52,172,"end of program"]
[53,172,"end of program"]
[54,172,"end of program"]
[55,172,"end of program"]
[56,172,"end of program"]
[57,172,"end of program"]
[58,172,"end of program"]
[59,172,"end of program"]
[60,172,"end of program"]
[61,172,"end of program"]
[62,172,"end of program"]
[63,172,"end of program"]
[64,172,"end of program"]
[65,172,"end of program"]
[66,172,"end of program"]
[67,172,"end of program"]
[68,172,"end of program"]
[69,172,"end of program"]
[70,172,"end of program"]
[71,172,"end of program"]
[72,172,"end of program"]
[73,172,"end of program"]
[74,172,"end of program"]
[75,172,"end of program"]
[76,172,"end of program"]
[77,172,"end of program"]
[78,172,"end of program"]
[79,172,"end of program"]