code_orig_.js:22:9:22:28 : RC(code_orig_.js:21:20:26:6) = 2
code_orig_.js:24:9:24:28 : RC(code_orig_.js:21:20:26:6) = 1
Id: 2     Alloc: code_orig_.js:19:1:19:24                 Time: 78         Loc: end of program
Id: 3     Alloc: code_orig_.js:19:1:19:24                 Time: 78         Loc: end of program
Id: 4     Alloc: code_orig_.js:20:2:28:2                  Time: 15         Loc: code_orig_.js:20:1:28:6
Id: 5     Alloc: code_orig_.js:20:2:28:2                  Time: 15         Loc: code_orig_.js:20:1:28:6
Id: 6     Alloc: code_orig_.js:21:20:26:6                 Time: 78         Loc: code_orig_.js:21:20:26:6
Id: 7     Alloc: code_orig_.js:21:20:26:6                 Time: 78         Loc: code_orig_.js:21:20:26:6
Id: 8     Alloc: initial DOM                              Time: 78         Loc: end of program
Id: 9     Alloc: initial DOM                              Time: 78         Loc: end of program
Id: 10    Alloc: initial DOM                              Time: 78         Loc: end of program
Id: 11    Alloc: initial DOM                              Time: 78         Loc: end of program
Id: 12    Alloc: initial DOM                              Time: 78         Loc: end of program
Id: 13    Alloc: initial DOM                              Time: 78         Loc: end of program
Id: 14    Alloc: initial DOM                              Time: 78         Loc: end of program
Id: 15    Alloc: initial DOM                              Time: 78         Loc: end of program
Id: 16    Alloc: initial DOM                              Time: 78         Loc: end of program
Id: 17    Alloc: initial DOM                              Time: 78         Loc: end of program
Id: 18    Alloc: initial DOM                              Time: 78         Loc: end of program
Id: 19    Alloc: initial DOM                              Time: 78         Loc: end of program
Id: 20    Alloc: initial DOM                              Time: 78         Loc: end of program
Id: 21    Alloc: initial DOM                              Time: 78         Loc: end of program
Id: 22    Alloc: initial DOM                              Time: 78         Loc: end of program
Id: 23    Alloc: initial DOM                              Time: 78         Loc: end of program
Id: 24    Alloc: initial DOM                              Time: 78         Loc: end of program
Id: 25    Alloc: initial DOM                              Time: 78         Loc: end of program
Id: 26    Alloc: initial DOM                              Time: 78         Loc: end of program
Id: 27    Alloc: initial DOM                              Time: 78         Loc: end of program
Id: 28    Alloc: initial DOM                              Time: 78         Loc: end of program
Id: 29    Alloc: initial DOM                              Time: 78         Loc: end of program
Id: 30    Alloc: initial DOM                              Time: 78         Loc: end of program
Id: 31    Alloc: initial DOM                              Time: 78         Loc: end of program