[4,"FUNCTION","lifetime-analysis/test/traces/htmlTest10/code_orig_.js:20:18:24:6",8,["lifetime-analysis/test/traces/htmlTest10/code_orig_.js:19:2:26:10"],14,"lifetime-analysis/test/traces/htmlTest10/code_orig_.js:20:18:24:8",15,"lifetime-analysis/test/traces/htmlTest10/code_orig_.js:20:18:24:8"]
[5,"PROTOTYPE","lifetime-analysis/test/traces/htmlTest10/code_orig_.js:20:18:24:6",8,["lifetime-analysis/test/traces/htmlTest10/code_orig_.js:19:2:26:10"],8,"lifetime-analysis/test/traces/htmlTest10/code_orig_.js:20:18:24:6",15,"lifetime-analysis/test/traces/htmlTest10/code_orig_.js:20:18:24:8"]
[2,"FUNCTION","lifetime-analysis/test/traces/htmlTest10/code_orig_.js:19:2:26:2",4,[],16,"lifetime-analysis/test/traces/htmlTest10/code_orig_.js:19:2:26:10",17,"lifetime-analysis/test/traces/htmlTest10/code_orig_.js:19:1:26:12"]
[3,"PROTOTYPE","lifetime-analysis/test/traces/htmlTest10/code_orig_.js:19:2:26:2",4,[],4,"lifetime-analysis/test/traces/htmlTest10/code_orig_.js:19:2:26:2",17,"lifetime-analysis/test/traces/htmlTest10/code_orig_.js:19:1:26:12"]
[8,"DOM","initial DOM",19,[],19,"initial DOM",68,"end of program"]
[9,"DOM","initial DOM",21,[],68,"end of program",68,"end of program"]
[28,"DOM","initial DOM",60,[],68,"end of program",68,"end of program"]
[31,"DOM","initial DOM",66,[],68,"end of program",68,"end of program"]
[30,"DOM","initial DOM",64,[],68,"end of program",68,"end of program"]
[29,"DOM","initial DOM",62,[],68,"end of program",68,"end of program"]
[27,"DOM","initial DOM",58,[],68,"end of program",68,"end of program"]
[10,"DOM","initial DOM",24,[],68,"end of program",68,"end of program"]
[26,"DOM","initial DOM",56,[],68,"end of program",68,"end of program"]
[25,"DOM","initial DOM",54,[],68,"end of program",68,"end of program"]
[24,"DOM","initial DOM",52,[],68,"end of program",68,"end of program"]
[23,"DOM","initial DOM",50,[],68,"end of program",68,"end of program"]
[21,"DOM","initial DOM",46,[],68,"end of program",68,"end of program"]
[22,"DOM","initial DOM",48,[],68,"end of program",68,"end of program"]
[20,"DOM","initial DOM",44,[],68,"end of program",68,"end of program"]
[19,"DOM","initial DOM",42,[],68,"end of program",68,"end of program"]
[18,"DOM","initial DOM",40,[],68,"end of program",68,"end of program"]
[17,"DOM","initial DOM",38,[],68,"end of program",68,"end of program"]
[16,"DOM","initial DOM",36,[],68,"end of program",68,"end of program"]
[15,"DOM","initial DOM",34,[],68,"end of program",68,"end of program"]
[14,"DOM","initial DOM",32,[],68,"end of program",68,"end of program"]
[13,"DOM","initial DOM",30,[],68,"end of program",68,"end of program"]
[12,"DOM","initial DOM",28,[],68,"end of program",68,"end of program"]
[11,"DOM","initial DOM",26,[],68,"end of program",68,"end of program"]
[6,"FUNCTION","lifetime-analysis/test/traces/htmlTest10/code_orig_.js:21:22:23:10",11,["lifetime-analysis/test/traces/htmlTest10/code_orig_.js:20:18:24:8","lifetime-analysis/test/traces/htmlTest10/code_orig_.js:19:2:26:10"],11,"lifetime-analysis/test/traces/htmlTest10/code_orig_.js:21:22:23:10",14,"lifetime-analysis/test/traces/htmlTest10/code_orig_.js:20:18:24:6"]
[7,"PROTOTYPE","lifetime-analysis/test/traces/htmlTest10/code_orig_.js:21:22:23:10",11,["lifetime-analysis/test/traces/htmlTest10/code_orig_.js:20:18:24:8","lifetime-analysis/test/traces/htmlTest10/code_orig_.js:19:2:26:10"],11,"lifetime-analysis/test/traces/htmlTest10/code_orig_.js:21:22:23:10",14,"lifetime-analysis/test/traces/htmlTest10/code_orig_.js:20:18:24:6"]
last use
[3,4,"lifetime-analysis/test/traces/htmlTest10/code_orig_.js:19:2:26:2"]
[5,8,"lifetime-analysis/test/traces/htmlTest10/code_orig_.js:20:18:24:6"]
[6,11,"lifetime-analysis/test/traces/htmlTest10/code_orig_.js:21:22:23:10"]
[7,11,"lifetime-analysis/test/traces/htmlTest10/code_orig_.js:21:22:23:10"]
[4,14,"lifetime-analysis/test/traces/htmlTest10/code_orig_.js:20:18:24:8"]
[2,16,"lifetime-analysis/test/traces/htmlTest10/code_orig_.js:19:2:26:10"]
[8,19,"initial DOM"]
[9,68,"end of program"]
[10,68,"end of program"]
[11,68,"end of program"]
[12,68,"end of program"]
[13,68,"end of program"]
[14,68,"end of program"]
[15,68,"end of program"]
[16,68,"end of program"]
[17,68,"end of program"]
[18,68,"end of program"]
[19,68,"end of program"]
[20,68,"end of program"]
[21,68,"end of program"]
[22,68,"end of program"]
[23,68,"end of program"]
[24,68,"end of program"]
[25,68,"end of program"]
[26,68,"end of program"]
[27,68,"end of program"]
[28,68,"end of program"]
[29,68,"end of program"]
[30,68,"end of program"]
[31,68,"end of program"]
unreachable
[6,14,"lifetime-analysis/test/traces/htmlTest10/code_orig_.js:20:18:24:6"]
[7,14,"lifetime-analysis/test/traces/htmlTest10/code_orig_.js:20:18:24:6"]
[5,15,"lifetime-analysis/test/traces/htmlTest10/code_orig_.js:20:18:24:8"]
[4,15,"lifetime-analysis/test/traces/htmlTest10/code_orig_.js:20:18:24:8"]
[3,17,"lifetime-analysis/test/traces/htmlTest10/code_orig_.js:19:1:26:12"]
[2,17,"lifetime-analysis/test/traces/htmlTest10/code_orig_.js:19:1:26:12"]
[8,68,"end of program"]
[9,68,"end of program"]
[10,68,"end of program"]
[11,68,"end of program"]
[12,68,"end of program"]
[13,68,"end of program"]
[14,68,"end of program"]
[15,68,"end of program"]
[16,68,"end of program"]
[17,68,"end of program"]
[18,68,"end of program"]
[19,68,"end of program"]
[20,68,"end of program"]
[21,68,"end of program"]
[22,68,"end of program"]
[23,68,"end of program"]
[24,68,"end of program"]
[25,68,"end of program"]
[26,68,"end of program"]
[27,68,"end of program"]
[28,68,"end of program"]
[29,68,"end of program"]
[30,68,"end of program"]
[31,68,"end of program"]