checknode_orig_.js:24:9:24:23 : RC(initial DOM) = 1
{
  "functionTrace": [
    [
      0,
      7,
      161
    ],
    [
      1,
      19,
      305
    ],
    [
      0,
      110,
      121
    ],
    [
      1,
      115,
      289
    ],
    [
      0,
      120,
      49
    ],
    [
      0,
      122,
      9
    ],
    [
      1,
      123,
      257
    ],
    [
      1,
      125,
      273
    ]
  ],
  "objectInfo": {
    "checknode_orig_.js:16:1:16:24": [
      {
        "objectId": 2,
        "creationTime": 2,
        "creationCallStack": [],
        "unreachableTime": 134,
        "unreachableSite": "end of program",
        "staleness": 11,
        "lastUseTime": 123,
        "lastUseSite": 33,
        "shallowSize": 2,
        "type": "FUNCTION"
      },
      {
        "objectId": 3,
        "creationTime": 2,
        "creationCallStack": [],
        "unreachableTime": 134,
        "unreachableSite": "end of program",
        "staleness": 132,
        "lastUseTime": "never used",
        "lastUseSite": "never used",
        "shallowSize": 1,
        "type": "PROTOTYPE"
      }
    ],
    "checknode_orig_.js:20:2:34:2": [
      {
        "objectId": 4,
        "creationTime": 6,
        "creationCallStack": [],
        "unreachableTime": 20,
        "unreachableSite": "checknode_orig_.js:20:1:34:5",
        "staleness": 1,
        "lastUseTime": 19,
        "lastUseSite": 209,
        "shallowSize": 2,
        "type": "FUNCTION"
      },
      {
        "objectId": 5,
        "creationTime": 6,
        "creationCallStack": [],
        "unreachableTime": 20,
        "unreachableSite": "checknode_orig_.js:20:1:34:5",
        "staleness": 14,
        "lastUseTime": "never used",
        "lastUseSite": "never used",
        "shallowSize": 1,
        "type": "PROTOTYPE"
      }
    ],
    "checknode_orig_.js:23:15:26:6": [
      {
        "objectId": 6,
        "creationTime": 11,
        "creationCallStack": [
          209
        ],
        "unreachableTime": 126,
        "unreachableSite": "checknode_orig_.js:23:15:26:6",
        "staleness": 6,
        "lastUseTime": 120,
        "lastUseSite": 49,
        "shallowSize": 3,
        "type": "FUNCTION"
      },
      {
        "objectId": 7,
        "creationTime": 11,
        "creationCallStack": [
          209
        ],
        "unreachableTime": 126,
        "unreachableSite": "checknode_orig_.js:23:15:26:6",
        "staleness": 115,
        "lastUseTime": "never used",
        "lastUseSite": "never used",
        "shallowSize": 1,
        "type": "PROTOTYPE"
      }
    ],
    "checknode_orig_.js:27:15:31:6": [
      {
        "objectId": 8,
        "creationTime": 14,
        "creationCallStack": [
          209
        ],
        "unreachableTime": 117,
        "unreachableSite": "checknode_orig_.js:27:15:31:6",
        "staleness": 7,
        "lastUseTime": 110,
        "lastUseSite": 121,
        "shallowSize": 3,
        "type": "FUNCTION"
      },
      {
        "objectId": 9,
        "creationTime": 14,
        "creationCallStack": [
          209
        ],
        "unreachableTime": 117,
        "unreachableSite": "checknode_orig_.js:27:15:31:6",
        "staleness": 103,
        "lastUseTime": "never used",
        "lastUseSite": "never used",
        "shallowSize": 1,
        "type": "PROTOTYPE"
      }
    ],
    "initial DOM": [
      {
        "objectId": 10,
        "creationTime": 22,
        "creationCallStack": [],
        "unreachableTime": 134,
        "unreachableSite": "end of program",
        "staleness": 24,
        "lastUseTime": 110,
        "lastUseSite": 83,
        "shallowSize": 2,
        "type": "DOM"
      },
      {
        "objectId": 11,
        "creationTime": 24,
        "creationCallStack": [],
        "unreachableTime": 134,
        "unreachableSite": "end of program",
        "staleness": 0,
        "lastUseTime": 134,
        "lastUseSite": 0,
        "shallowSize": 4,
        "type": "DOM"
      },
      {
        "objectId": 12,
        "creationTime": 27,
        "creationCallStack": [],
        "unreachableTime": 134,
        "unreachableSite": "end of program",
        "staleness": 0,
        "lastUseTime": 134,
        "lastUseSite": 0,
        "shallowSize": 20,
        "type": "DOM"
      },
      {
        "objectId": 13,
        "creationTime": 29,
        "creationCallStack": [],
        "unreachableTime": 134,
        "unreachableSite": "end of program",
        "staleness": 0,
        "lastUseTime": 134,
        "lastUseSite": 0,
        "shallowSize": 2,
        "type": "DOM"
      },
      {
        "objectId": 14,
        "creationTime": 31,
        "creationCallStack": [],
        "unreachableTime": 134,
        "unreachableSite": "end of program",
        "staleness": 0,
        "lastUseTime": 134,
        "lastUseSite": 0,
        "shallowSize": 1,
        "type": "DOM"
      },
      {
        "objectId": 15,
        "creationTime": 33,
        "creationCallStack": [],
        "unreachableTime": 134,
        "unreachableSite": "end of program",
        "staleness": 0,
        "lastUseTime": 134,
        "lastUseSite": 0,
        "shallowSize": 2,
        "type": "DOM"
      },
      {
        "objectId": 16,
        "creationTime": 35,
        "creationCallStack": [],
        "unreachableTime": 134,
        "unreachableSite": "end of program",
        "staleness": 0,
        "lastUseTime": 134,
        "lastUseSite": 0,
        "shallowSize": 1,
        "type": "DOM"
      },
      {
        "objectId": 17,
        "creationTime": 37,
        "creationCallStack": [],
        "unreachableTime": 134,
        "unreachableSite": "end of program",
        "staleness": 0,
        "lastUseTime": 134,
        "lastUseSite": 0,
        "shallowSize": 2,
        "type": "DOM"
      },
      {
        "objectId": 18,
        "creationTime": 39,
        "creationCallStack": [],
        "unreachableTime": 134,
        "unreachableSite": "end of program",
        "staleness": 0,
        "lastUseTime": 134,
        "lastUseSite": 0,
        "shallowSize": 1,
        "type": "DOM"
      },
      {
        "objectId": 19,
        "creationTime": 41,
        "creationCallStack": [],
        "unreachableTime": 134,
        "unreachableSite": "end of program",
        "staleness": 0,
        "lastUseTime": 134,
        "lastUseSite": 0,
        "shallowSize": 1,
        "type": "DOM"
      },
      {
        "objectId": 20,
        "creationTime": 43,
        "creationCallStack": [],
        "unreachableTime": 134,
        "unreachableSite": "end of program",
        "staleness": 0,
        "lastUseTime": 134,
        "lastUseSite": 0,
        "shallowSize": 1,
        "type": "DOM"
      },
      {
        "objectId": 21,
        "creationTime": 45,
        "creationCallStack": [],
        "unreachableTime": 134,
        "unreachableSite": "end of program",
        "staleness": 0,
        "lastUseTime": 134,
        "lastUseSite": 0,
        "shallowSize": 1,
        "type": "DOM"
      },
      {
        "objectId": 22,
        "creationTime": 47,
        "creationCallStack": [],
        "unreachableTime": 134,
        "unreachableSite": "end of program",
        "staleness": 0,
        "lastUseTime": 134,
        "lastUseSite": 0,
        "shallowSize": 1,
        "type": "DOM"
      },
      {
        "objectId": 23,
        "creationTime": 49,
        "creationCallStack": [],
        "unreachableTime": 134,
        "unreachableSite": "end of program",
        "staleness": 0,
        "lastUseTime": 134,
        "lastUseSite": 0,
        "shallowSize": 1,
        "type": "DOM"
      },
      {
        "objectId": 24,
        "creationTime": 51,
        "creationCallStack": [],
        "unreachableTime": 134,
        "unreachableSite": "end of program",
        "staleness": 0,
        "lastUseTime": 134,
        "lastUseSite": 0,
        "shallowSize": 1,
        "type": "DOM"
      },
      {
        "objectId": 25,
        "creationTime": 53,
        "creationCallStack": [],
        "unreachableTime": 134,
        "unreachableSite": "end of program",
        "staleness": 0,
        "lastUseTime": 134,
        "lastUseSite": 0,
        "shallowSize": 1,
        "type": "DOM"
      },
      {
        "objectId": 26,
        "creationTime": 55,
        "creationCallStack": [],
        "unreachableTime": 134,
        "unreachableSite": "end of program",
        "staleness": 0,
        "lastUseTime": 134,
        "lastUseSite": 0,
        "shallowSize": 1,
        "type": "DOM"
      },
      {
        "objectId": 27,
        "creationTime": 57,
        "creationCallStack": [],
        "unreachableTime": 134,
        "unreachableSite": "end of program",
        "staleness": 0,
        "lastUseTime": 134,
        "lastUseSite": 0,
        "shallowSize": 1,
        "type": "DOM"
      },
      {
        "objectId": 28,
        "creationTime": 59,
        "creationCallStack": [],
        "unreachableTime": 134,
        "unreachableSite": "end of program",
        "staleness": 0,
        "lastUseTime": 134,
        "lastUseSite": 0,
        "shallowSize": 1,
        "type": "DOM"
      },
      {
        "objectId": 29,
        "creationTime": 61,
        "creationCallStack": [],
        "unreachableTime": 134,
        "unreachableSite": "end of program",
        "staleness": 0,
        "lastUseTime": 134,
        "lastUseSite": 0,
        "shallowSize": 1,
        "type": "DOM"
      },
      {
        "objectId": 30,
        "creationTime": 63,
        "creationCallStack": [],
        "unreachableTime": 134,
        "unreachableSite": "end of program",
        "staleness": 0,
        "lastUseTime": 134,
        "lastUseSite": 0,
        "shallowSize": 2,
        "type": "DOM"
      },
      {
        "objectId": 31,
        "creationTime": 65,
        "creationCallStack": [],
        "unreachableTime": 134,
        "unreachableSite": "end of program",
        "staleness": 0,
        "lastUseTime": 134,
        "lastUseSite": 0,
        "shallowSize": 1,
        "type": "DOM"
      },
      {
        "objectId": 32,
        "creationTime": 67,
        "creationCallStack": [],
        "unreachableTime": 134,
        "unreachableSite": "end of program",
        "staleness": 0,
        "lastUseTime": 134,
        "lastUseSite": 0,
        "shallowSize": 1,
        "type": "DOM"
      },
      {
        "objectId": 33,
        "creationTime": 69,
        "creationCallStack": [],
        "unreachableTime": 134,
        "unreachableSite": "end of program",
        "staleness": 0,
        "lastUseTime": 134,
        "lastUseSite": 0,
        "shallowSize": 1,
        "type": "DOM"
      },
      {
        "objectId": 34,
        "creationTime": 71,
        "creationCallStack": [],
        "unreachableTime": 134,
        "unreachableSite": "end of program",
        "staleness": 0,
        "lastUseTime": 134,
        "lastUseSite": 0,
        "shallowSize": 1,
        "type": "DOM"
      },
      {
        "objectId": 35,
        "creationTime": 73,
        "creationCallStack": [],
        "unreachableTime": 134,
        "unreachableSite": "end of program",
        "staleness": 0,
        "lastUseTime": 134,
        "lastUseSite": 0,
        "shallowSize": 1,
        "type": "DOM"
      },
      {
        "objectId": 36,
        "creationTime": 75,
        "creationCallStack": [],
        "unreachableTime": 134,
        "unreachableSite": "end of program",
        "staleness": 0,
        "lastUseTime": 134,
        "lastUseSite": 0,
        "shallowSize": 1,
        "type": "DOM"
      },
      {
        "objectId": 37,
        "creationTime": 77,
        "creationCallStack": [],
        "unreachableTime": 134,
        "unreachableSite": "end of program",
        "staleness": 0,
        "lastUseTime": 134,
        "lastUseSite": 0,
        "shallowSize": 5,
        "type": "DOM"
      },
      {
        "objectId": 38,
        "creationTime": 79,
        "creationCallStack": [],
        "unreachableTime": 134,
        "unreachableSite": "end of program",
        "staleness": 0,
        "lastUseTime": 134,
        "lastUseSite": 0,
        "shallowSize": 1,
        "type": "DOM"
      },
      {
        "objectId": 39,
        "creationTime": 81,
        "creationCallStack": [],
        "unreachableTime": 126,
        "unreachableSite": "checknode_orig_.js:23:15:26:6",
        "staleness": 8,
        "lastUseTime": 118,
        "lastUseSite": "removed from DOM",
        "shallowSize": 8,
        "type": "DOM"
      },
      {
        "objectId": 40,
        "creationTime": 83,
        "creationCallStack": [],
        "unreachableTime": 126,
        "unreachableSite": "checknode_orig_.js:23:15:26:6",
        "staleness": 8,
        "lastUseTime": 118,
        "lastUseSite": "removed from DOM",
        "shallowSize": 1,
        "type": "DOM"
      },
      {
        "objectId": 41,
        "creationTime": 85,
        "creationCallStack": [],
        "unreachableTime": 126,
        "unreachableSite": "checknode_orig_.js:23:15:26:6",
        "staleness": 8,
        "lastUseTime": 118,
        "lastUseSite": "removed from DOM",
        "shallowSize": 2,
        "type": "DOM"
      },
      {
        "objectId": 42,
        "creationTime": 87,
        "creationCallStack": [],
        "unreachableTime": 126,
        "unreachableSite": "checknode_orig_.js:23:15:26:6",
        "staleness": 8,
        "lastUseTime": 118,
        "lastUseSite": "removed from DOM",
        "shallowSize": 1,
        "type": "DOM"
      },
      {
        "objectId": 43,
        "creationTime": 89,
        "creationCallStack": [],
        "unreachableTime": 126,
        "unreachableSite": "checknode_orig_.js:23:15:26:6",
        "staleness": 8,
        "lastUseTime": 118,
        "lastUseSite": "removed from DOM",
        "shallowSize": 1,
        "type": "DOM"
      },
      {
        "objectId": 44,
        "creationTime": 91,
        "creationCallStack": [],
        "unreachableTime": 126,
        "unreachableSite": "checknode_orig_.js:23:15:26:6",
        "staleness": 8,
        "lastUseTime": 118,
        "lastUseSite": "removed from DOM",
        "shallowSize": 2,
        "type": "DOM"
      },
      {
        "objectId": 45,
        "creationTime": 93,
        "creationCallStack": [],
        "unreachableTime": 126,
        "unreachableSite": "checknode_orig_.js:23:15:26:6",
        "staleness": 8,
        "lastUseTime": 118,
        "lastUseSite": "removed from DOM",
        "shallowSize": 1,
        "type": "DOM"
      },
      {
        "objectId": 46,
        "creationTime": 95,
        "creationCallStack": [],
        "unreachableTime": 126,
        "unreachableSite": "checknode_orig_.js:23:15:26:6",
        "staleness": 8,
        "lastUseTime": 118,
        "lastUseSite": "removed from DOM",
        "shallowSize": 1,
        "type": "DOM"
      },
      {
        "objectId": 47,
        "creationTime": 97,
        "creationCallStack": [],
        "unreachableTime": 126,
        "unreachableSite": "checknode_orig_.js:23:15:26:6",
        "staleness": 8,
        "lastUseTime": 118,
        "lastUseSite": "removed from DOM",
        "shallowSize": 2,
        "type": "DOM"
      },
      {
        "objectId": 48,
        "creationTime": 99,
        "creationCallStack": [],
        "unreachableTime": 126,
        "unreachableSite": "checknode_orig_.js:23:15:26:6",
        "staleness": 8,
        "lastUseTime": 118,
        "lastUseSite": "removed from DOM",
        "shallowSize": 1,
        "type": "DOM"
      },
      {
        "objectId": 49,
        "creationTime": 101,
        "creationCallStack": [],
        "unreachableTime": 126,
        "unreachableSite": "checknode_orig_.js:23:15:26:6",
        "staleness": 8,
        "lastUseTime": 118,
        "lastUseSite": "removed from DOM",
        "shallowSize": 1,
        "type": "DOM"
      },
      {
        "objectId": 50,
        "creationTime": 103,
        "creationCallStack": [],
        "unreachableTime": 134,
        "unreachableSite": "end of program",
        "staleness": 0,
        "lastUseTime": 134,
        "lastUseSite": 0,
        "shallowSize": 1,
        "type": "DOM"
      },
      {
        "objectId": 51,
        "creationTime": 105,
        "creationCallStack": [],
        "unreachableTime": 134,
        "unreachableSite": "end of program",
        "staleness": 0,
        "lastUseTime": 134,
        "lastUseSite": 0,
        "shallowSize": 1,
        "type": "DOM"
      },
      {
        "objectId": 52,
        "creationTime": 107,
        "creationCallStack": [],
        "unreachableTime": 134,
        "unreachableSite": "end of program",
        "staleness": 0,
        "lastUseTime": 134,
        "lastUseSite": 0,
        "shallowSize": 1,
        "type": "DOM"
      }
    ]
  }
}