[2,"FUNCTION","1:281",3,[],15,"1:289",16,"1:297"]
[3,"PROTOTYPE","1:281",3,[],0,"unknown",16,"1:297"]
[6,"FUNCTION","1:209",10,["1:289"],224,"1:193",231,"1:193"]
[7,"PROTOTYPE","1:209",10,["1:289"],0,"unknown",231,"1:193"]
[112,"OBJECT","1:49",240,["unknown"],0,"unknown",251,"1:65"]
[111,"OBJECT","1:41",239,["unknown"],0,"unknown",251,"1:65"]
[110,"OBJECT","1:33",238,["unknown"],0,"unknown",251,"1:65"]
[115,"OBJECT","1:49",247,["unknown"],0,"unknown",258,"1:65"]
[114,"OBJECT","1:41",246,["unknown"],0,"unknown",258,"1:65"]
[113,"OBJECT","1:33",245,["unknown"],0,"unknown",258,"1:65"]
[118,"OBJECT","1:49",254,["unknown"],0,"unknown",265,"1:65"]
[117,"OBJECT","1:41",253,["unknown"],0,"unknown",265,"1:65"]
[116,"OBJECT","1:33",252,["unknown"],0,"unknown",265,"1:65"]
[121,"OBJECT","1:49",261,["unknown"],0,"unknown",272,"1:65"]
[120,"OBJECT","1:41",260,["unknown"],0,"unknown",272,"1:65"]
[119,"OBJECT","1:33",259,["unknown"],0,"unknown",272,"1:65"]
[124,"OBJECT","1:49",268,["unknown"],0,"unknown",279,"1:65"]
[123,"OBJECT","1:41",267,["unknown"],0,"unknown",279,"1:65"]
[122,"OBJECT","1:33",266,["unknown"],0,"unknown",279,"1:65"]
[127,"OBJECT","1:49",275,["unknown"],0,"unknown",286,"1:65"]
[126,"OBJECT","1:41",274,["unknown"],0,"unknown",286,"1:65"]
[125,"OBJECT","1:33",273,["unknown"],0,"unknown",286,"1:65"]
[130,"OBJECT","1:49",282,["unknown"],0,"unknown",293,"1:65"]
[129,"OBJECT","1:41",281,["unknown"],0,"unknown",293,"1:65"]
[128,"OBJECT","1:33",280,["unknown"],0,"unknown",293,"1:65"]
[133,"OBJECT","1:49",289,["unknown"],0,"unknown",300,"1:65"]
[132,"OBJECT","1:41",288,["unknown"],0,"unknown",300,"1:65"]
[131,"OBJECT","1:33",287,["unknown"],0,"unknown",300,"1:65"]
[136,"OBJECT","1:49",296,["unknown"],0,"unknown",307,"1:65"]
[135,"OBJECT","1:41",295,["unknown"],0,"unknown",307,"1:65"]
[134,"OBJECT","1:33",294,["unknown"],0,"unknown",307,"1:65"]
[139,"OBJECT","1:49",303,["unknown"],0,"unknown",314,"1:65"]
[138,"OBJECT","1:41",302,["unknown"],0,"unknown",314,"1:65"]
[137,"OBJECT","1:33",301,["unknown"],0,"unknown",314,"1:65"]
[142,"OBJECT","1:49",310,["unknown"],0,"unknown",321,"1:65"]
[141,"OBJECT","1:41",309,["unknown"],0,"unknown",321,"1:65"]
[140,"OBJECT","1:33",308,["unknown"],0,"unknown",321,"1:65"]
[145,"OBJECT","1:49",317,["unknown"],0,"unknown",328,"1:65"]
[144,"OBJECT","1:41",316,["unknown"],0,"unknown",328,"1:65"]
[143,"OBJECT","1:33",315,["unknown"],0,"unknown",328,"1:65"]
[148,"OBJECT","1:49",324,["unknown"],0,"unknown",335,"1:65"]
[147,"OBJECT","1:41",323,["unknown"],0,"unknown",335,"1:65"]
[146,"OBJECT","1:33",322,["unknown"],0,"unknown",335,"1:65"]
[151,"OBJECT","1:49",331,["unknown"],0,"unknown",342,"1:65"]
[150,"OBJECT","1:41",330,["unknown"],0,"unknown",342,"1:65"]
[149,"OBJECT","1:33",329,["unknown"],0,"unknown",342,"1:65"]
[154,"OBJECT","1:49",338,["unknown"],0,"unknown",349,"1:65"]
[153,"OBJECT","1:41",337,["unknown"],0,"unknown",349,"1:65"]
[152,"OBJECT","1:33",336,["unknown"],0,"unknown",349,"1:65"]
[157,"OBJECT","1:49",345,["unknown"],0,"unknown",356,"1:65"]
[156,"OBJECT","1:41",344,["unknown"],0,"unknown",356,"1:65"]
[155,"OBJECT","1:33",343,["unknown"],0,"unknown",356,"1:65"]
[160,"OBJECT","1:49",352,["unknown"],0,"unknown",363,"1:65"]
[159,"OBJECT","1:41",351,["unknown"],0,"unknown",363,"1:65"]
[158,"OBJECT","1:33",350,["unknown"],0,"unknown",363,"1:65"]
[163,"OBJECT","1:49",359,["unknown"],0,"unknown",370,"1:65"]
[162,"OBJECT","1:41",358,["unknown"],0,"unknown",370,"1:65"]
[161,"OBJECT","1:33",357,["unknown"],0,"unknown",370,"1:65"]
[166,"OBJECT","1:49",366,["unknown"],0,"unknown",377,"1:65"]
[165,"OBJECT","1:41",365,["unknown"],0,"unknown",377,"1:65"]
[164,"OBJECT","1:33",364,["unknown"],0,"unknown",377,"1:65"]
[169,"OBJECT","1:49",373,["unknown"],0,"unknown",384,"1:65"]
[168,"OBJECT","1:41",372,["unknown"],0,"unknown",384,"1:65"]
[167,"OBJECT","1:33",371,["unknown"],0,"unknown",384,"1:65"]
[172,"OBJECT","1:49",380,["unknown"],0,"unknown",391,"1:65"]
[171,"OBJECT","1:41",379,["unknown"],0,"unknown",391,"1:65"]
[170,"OBJECT","1:33",378,["unknown"],0,"unknown",391,"1:65"]
[175,"OBJECT","1:49",387,["unknown"],0,"unknown",398,"1:65"]
[174,"OBJECT","1:41",386,["unknown"],0,"unknown",398,"1:65"]
[173,"OBJECT","1:33",385,["unknown"],0,"unknown",398,"1:65"]
[178,"OBJECT","1:49",394,["unknown"],0,"unknown",405,"1:65"]
[177,"OBJECT","1:41",393,["unknown"],0,"unknown",405,"1:65"]
[176,"OBJECT","1:33",392,["unknown"],0,"unknown",405,"1:65"]
[181,"OBJECT","1:49",401,["unknown"],0,"unknown",412,"1:65"]
[180,"OBJECT","1:41",400,["unknown"],0,"unknown",412,"1:65"]
[179,"OBJECT","1:33",399,["unknown"],0,"unknown",412,"1:65"]
[184,"OBJECT","1:49",408,["unknown"],0,"unknown",419,"1:65"]
[183,"OBJECT","1:41",407,["unknown"],0,"unknown",419,"1:65"]
[182,"OBJECT","1:33",406,["unknown"],0,"unknown",419,"1:65"]
[187,"OBJECT","1:49",415,["unknown"],0,"unknown",426,"1:65"]
[186,"OBJECT","1:41",414,["unknown"],0,"unknown",426,"1:65"]
[185,"OBJECT","1:33",413,["unknown"],0,"unknown",426,"1:65"]
[190,"OBJECT","1:49",422,["unknown"],0,"unknown",433,"1:65"]
[189,"OBJECT","1:41",421,["unknown"],0,"unknown",433,"1:65"]
[188,"OBJECT","1:33",420,["unknown"],0,"unknown",433,"1:65"]
[193,"OBJECT","1:49",429,["unknown"],0,"unknown",440,"1:65"]
[192,"OBJECT","1:41",428,["unknown"],0,"unknown",440,"1:65"]
[191,"OBJECT","1:33",427,["unknown"],0,"unknown",440,"1:65"]
[196,"OBJECT","1:49",436,["unknown"],0,"unknown",447,"1:65"]
[195,"OBJECT","1:41",435,["unknown"],0,"unknown",447,"1:65"]
[194,"OBJECT","1:33",434,["unknown"],0,"unknown",447,"1:65"]
[199,"OBJECT","1:49",443,["unknown"],0,"unknown",454,"1:65"]
[198,"OBJECT","1:41",442,["unknown"],0,"unknown",454,"1:65"]
[197,"OBJECT","1:33",441,["unknown"],0,"unknown",454,"1:65"]
[202,"OBJECT","1:49",450,["unknown"],0,"unknown",461,"1:65"]
[201,"OBJECT","1:41",449,["unknown"],0,"unknown",461,"1:65"]
[200,"OBJECT","1:33",448,["unknown"],0,"unknown",461,"1:65"]
[205,"OBJECT","1:49",457,["unknown"],0,"unknown",468,"1:65"]
[204,"OBJECT","1:41",456,["unknown"],0,"unknown",468,"1:65"]
[203,"OBJECT","1:33",455,["unknown"],0,"unknown",468,"1:65"]
[208,"OBJECT","1:49",464,["unknown"],0,"unknown",475,"1:65"]
[207,"OBJECT","1:41",463,["unknown"],0,"unknown",475,"1:65"]
[206,"OBJECT","1:33",462,["unknown"],0,"unknown",475,"1:65"]
[211,"OBJECT","1:49",471,["unknown"],0,"unknown",482,"1:65"]
[210,"OBJECT","1:41",470,["unknown"],0,"unknown",482,"1:65"]
[209,"OBJECT","1:33",469,["unknown"],0,"unknown",482,"1:65"]
[214,"OBJECT","1:49",478,["unknown"],0,"unknown",489,"1:65"]
[213,"OBJECT","1:41",477,["unknown"],0,"unknown",489,"1:65"]
[212,"OBJECT","1:33",476,["unknown"],0,"unknown",489,"1:65"]
[217,"OBJECT","1:49",485,["unknown"],0,"unknown",496,"1:65"]
[216,"OBJECT","1:41",484,["unknown"],0,"unknown",496,"1:65"]
[215,"OBJECT","1:33",483,["unknown"],0,"unknown",496,"1:65"]
[220,"OBJECT","1:49",492,["unknown"],0,"unknown",503,"1:65"]
[219,"OBJECT","1:41",491,["unknown"],0,"unknown",503,"1:65"]
[218,"OBJECT","1:33",490,["unknown"],0,"unknown",503,"1:65"]
[223,"OBJECT","1:49",499,["unknown"],0,"unknown",510,"1:65"]
[222,"OBJECT","1:41",498,["unknown"],0,"unknown",510,"1:65"]
[221,"OBJECT","1:33",497,["unknown"],0,"unknown",510,"1:65"]
[226,"OBJECT","1:49",506,["unknown"],0,"unknown",517,"1:65"]
[225,"OBJECT","1:41",505,["unknown"],0,"unknown",517,"1:65"]
[224,"OBJECT","1:33",504,["unknown"],0,"unknown",517,"1:65"]
[229,"OBJECT","1:49",513,["unknown"],0,"unknown",524,"1:65"]
[228,"OBJECT","1:41",512,["unknown"],0,"unknown",524,"1:65"]
[227,"OBJECT","1:33",511,["unknown"],0,"unknown",524,"1:65"]
[232,"OBJECT","1:49",520,["unknown"],0,"unknown",531,"1:65"]
[231,"OBJECT","1:41",519,["unknown"],0,"unknown",531,"1:65"]
[230,"OBJECT","1:33",518,["unknown"],0,"unknown",531,"1:65"]
[235,"OBJECT","1:49",527,["unknown"],0,"unknown",538,"1:65"]
[234,"OBJECT","1:41",526,["unknown"],0,"unknown",538,"1:65"]
[233,"OBJECT","1:33",525,["unknown"],0,"unknown",538,"1:65"]
[238,"OBJECT","1:49",534,["unknown"],0,"unknown",545,"1:65"]
[237,"OBJECT","1:41",533,["unknown"],0,"unknown",545,"1:65"]
[236,"OBJECT","1:33",532,["unknown"],0,"unknown",545,"1:65"]
[241,"OBJECT","1:49",541,["unknown"],0,"unknown",552,"1:65"]
[240,"OBJECT","1:41",540,["unknown"],0,"unknown",552,"1:65"]
[239,"OBJECT","1:33",539,["unknown"],0,"unknown",552,"1:65"]
[244,"OBJECT","1:49",548,["unknown"],0,"unknown",559,"1:65"]
[243,"OBJECT","1:41",547,["unknown"],0,"unknown",559,"1:65"]
[242,"OBJECT","1:33",546,["unknown"],0,"unknown",559,"1:65"]
[247,"OBJECT","1:49",555,["unknown"],0,"unknown",566,"1:65"]
[246,"OBJECT","1:41",554,["unknown"],0,"unknown",566,"1:65"]
[245,"OBJECT","1:33",553,["unknown"],0,"unknown",566,"1:65"]
[250,"OBJECT","1:49",562,["unknown"],0,"unknown",573,"1:65"]
[249,"OBJECT","1:41",561,["unknown"],0,"unknown",573,"1:65"]
[248,"OBJECT","1:33",560,["unknown"],0,"unknown",573,"1:65"]
[253,"OBJECT","1:49",569,["unknown"],0,"unknown",580,"1:65"]
[252,"OBJECT","1:41",568,["unknown"],0,"unknown",580,"1:65"]
[251,"OBJECT","1:33",567,["unknown"],0,"unknown",580,"1:65"]
[256,"OBJECT","1:49",576,["unknown"],0,"unknown",587,"1:65"]
[255,"OBJECT","1:41",575,["unknown"],0,"unknown",587,"1:65"]
[254,"OBJECT","1:33",574,["unknown"],0,"unknown",587,"1:65"]
[259,"OBJECT","1:49",583,["unknown"],0,"unknown",594,"1:65"]
[258,"OBJECT","1:41",582,["unknown"],0,"unknown",594,"1:65"]
[257,"OBJECT","1:33",581,["unknown"],0,"unknown",594,"1:65"]
[262,"OBJECT","1:49",590,["unknown"],0,"unknown",601,"1:65"]
[261,"OBJECT","1:41",589,["unknown"],0,"unknown",601,"1:65"]
[260,"OBJECT","1:33",588,["unknown"],0,"unknown",601,"1:65"]
[265,"OBJECT","1:49",597,["unknown"],0,"unknown",608,"1:65"]
[264,"OBJECT","1:41",596,["unknown"],0,"unknown",608,"1:65"]
[263,"OBJECT","1:33",595,["unknown"],0,"unknown",608,"1:65"]
[268,"OBJECT","1:49",604,["unknown"],0,"unknown",615,"1:65"]
[267,"OBJECT","1:41",603,["unknown"],0,"unknown",615,"1:65"]
[266,"OBJECT","1:33",602,["unknown"],0,"unknown",615,"1:65"]
[271,"OBJECT","1:49",611,["unknown"],0,"unknown",622,"1:65"]
[270,"OBJECT","1:41",610,["unknown"],0,"unknown",622,"1:65"]
[269,"OBJECT","1:33",609,["unknown"],0,"unknown",622,"1:65"]
[274,"OBJECT","1:49",618,["unknown"],0,"unknown",629,"1:65"]
[273,"OBJECT","1:41",617,["unknown"],0,"unknown",629,"1:65"]
[272,"OBJECT","1:33",616,["unknown"],0,"unknown",629,"1:65"]
[277,"OBJECT","1:49",625,["unknown"],0,"unknown",636,"1:65"]
[276,"OBJECT","1:41",624,["unknown"],0,"unknown",636,"1:65"]
[275,"OBJECT","1:33",623,["unknown"],0,"unknown",636,"1:65"]
[280,"OBJECT","1:49",632,["unknown"],0,"unknown",643,"1:65"]
[279,"OBJECT","1:41",631,["unknown"],0,"unknown",643,"1:65"]
[278,"OBJECT","1:33",630,["unknown"],0,"unknown",643,"1:65"]
[283,"OBJECT","1:49",639,["unknown"],0,"unknown",650,"1:65"]
[282,"OBJECT","1:41",638,["unknown"],0,"unknown",650,"1:65"]
[281,"OBJECT","1:33",637,["unknown"],0,"unknown",650,"1:65"]
[286,"OBJECT","1:49",646,["unknown"],0,"unknown",657,"1:65"]
[285,"OBJECT","1:41",645,["unknown"],0,"unknown",657,"1:65"]
[284,"OBJECT","1:33",644,["unknown"],0,"unknown",657,"1:65"]
[289,"OBJECT","1:49",653,["unknown"],0,"unknown",664,"1:65"]
[288,"OBJECT","1:41",652,["unknown"],0,"unknown",664,"1:65"]
[287,"OBJECT","1:33",651,["unknown"],0,"unknown",664,"1:65"]
[292,"OBJECT","1:49",660,["unknown"],0,"unknown",671,"1:65"]
[291,"OBJECT","1:41",659,["unknown"],0,"unknown",671,"1:65"]
[290,"OBJECT","1:33",658,["unknown"],0,"unknown",671,"1:65"]
[295,"OBJECT","1:49",667,["unknown"],0,"unknown",678,"1:65"]
[294,"OBJECT","1:41",666,["unknown"],0,"unknown",678,"1:65"]
[293,"OBJECT","1:33",665,["unknown"],0,"unknown",678,"1:65"]
[298,"OBJECT","1:49",674,["unknown"],0,"unknown",685,"1:65"]
[297,"OBJECT","1:41",673,["unknown"],0,"unknown",685,"1:65"]
[296,"OBJECT","1:33",672,["unknown"],0,"unknown",685,"1:65"]
[301,"OBJECT","1:49",681,["unknown"],0,"unknown",692,"1:65"]
[300,"OBJECT","1:41",680,["unknown"],0,"unknown",692,"1:65"]
[299,"OBJECT","1:33",679,["unknown"],0,"unknown",692,"1:65"]
[304,"OBJECT","1:49",688,["unknown"],0,"unknown",699,"1:65"]
[303,"OBJECT","1:41",687,["unknown"],0,"unknown",699,"1:65"]
[302,"OBJECT","1:33",686,["unknown"],0,"unknown",699,"1:65"]
[307,"OBJECT","1:49",695,["unknown"],0,"unknown",706,"1:65"]
[306,"OBJECT","1:41",694,["unknown"],0,"unknown",706,"1:65"]
[305,"OBJECT","1:33",693,["unknown"],0,"unknown",706,"1:65"]
[310,"OBJECT","1:49",702,["unknown"],0,"unknown",713,"1:65"]
[309,"OBJECT","1:41",701,["unknown"],0,"unknown",713,"1:65"]
[308,"OBJECT","1:33",700,["unknown"],0,"unknown",713,"1:65"]
[313,"OBJECT","1:49",709,["unknown"],0,"unknown",720,"1:65"]
[312,"OBJECT","1:41",708,["unknown"],0,"unknown",720,"1:65"]
[311,"OBJECT","1:33",707,["unknown"],0,"unknown",720,"1:65"]
[316,"OBJECT","1:49",716,["unknown"],0,"unknown",727,"1:65"]
[315,"OBJECT","1:41",715,["unknown"],0,"unknown",727,"1:65"]
[314,"OBJECT","1:33",714,["unknown"],0,"unknown",727,"1:65"]
[319,"OBJECT","1:49",723,["unknown"],0,"unknown",734,"1:65"]
[318,"OBJECT","1:41",722,["unknown"],0,"unknown",734,"1:65"]
[317,"OBJECT","1:33",721,["unknown"],0,"unknown",734,"1:65"]
[322,"OBJECT","1:49",730,["unknown"],0,"unknown",741,"1:65"]
[321,"OBJECT","1:41",729,["unknown"],0,"unknown",741,"1:65"]
[320,"OBJECT","1:33",728,["unknown"],0,"unknown",741,"1:65"]
[325,"OBJECT","1:49",737,["unknown"],0,"unknown",748,"1:65"]
[324,"OBJECT","1:41",736,["unknown"],0,"unknown",748,"1:65"]
[323,"OBJECT","1:33",735,["unknown"],0,"unknown",748,"1:65"]
[328,"OBJECT","1:49",744,["unknown"],0,"unknown",755,"1:65"]
[327,"OBJECT","1:41",743,["unknown"],0,"unknown",755,"1:65"]
[326,"OBJECT","1:33",742,["unknown"],0,"unknown",755,"1:65"]
[331,"OBJECT","1:49",751,["unknown"],0,"unknown",762,"1:65"]
[330,"OBJECT","1:41",750,["unknown"],0,"unknown",762,"1:65"]
[329,"OBJECT","1:33",749,["unknown"],0,"unknown",762,"1:65"]
[334,"OBJECT","1:49",758,["unknown"],0,"unknown",769,"1:65"]
[333,"OBJECT","1:41",757,["unknown"],0,"unknown",769,"1:65"]
[332,"OBJECT","1:33",756,["unknown"],0,"unknown",769,"1:65"]
[337,"OBJECT","1:49",765,["unknown"],0,"unknown",776,"1:65"]
[336,"OBJECT","1:41",764,["unknown"],0,"unknown",776,"1:65"]
[335,"OBJECT","1:33",763,["unknown"],0,"unknown",776,"1:65"]
[340,"OBJECT","1:49",772,["unknown"],0,"unknown",783,"1:65"]
[339,"OBJECT","1:41",771,["unknown"],0,"unknown",783,"1:65"]
[338,"OBJECT","1:33",770,["unknown"],0,"unknown",783,"1:65"]
[343,"OBJECT","1:49",779,["unknown"],0,"unknown",790,"1:65"]
[342,"OBJECT","1:41",778,["unknown"],0,"unknown",790,"1:65"]
[341,"OBJECT","1:33",777,["unknown"],0,"unknown",790,"1:65"]
[346,"OBJECT","1:49",786,["unknown"],0,"unknown",797,"1:65"]
[345,"OBJECT","1:41",785,["unknown"],0,"unknown",797,"1:65"]
[344,"OBJECT","1:33",784,["unknown"],0,"unknown",797,"1:65"]
[349,"OBJECT","1:49",793,["unknown"],0,"unknown",804,"1:65"]
[348,"OBJECT","1:41",792,["unknown"],0,"unknown",804,"1:65"]
[347,"OBJECT","1:33",791,["unknown"],0,"unknown",804,"1:65"]
[352,"OBJECT","1:49",800,["unknown"],0,"unknown",811,"1:65"]
[351,"OBJECT","1:41",799,["unknown"],0,"unknown",811,"1:65"]
[350,"OBJECT","1:33",798,["unknown"],0,"unknown",811,"1:65"]
[355,"OBJECT","1:49",807,["unknown"],0,"unknown",818,"1:65"]
[354,"OBJECT","1:41",806,["unknown"],0,"unknown",818,"1:65"]
[353,"OBJECT","1:33",805,["unknown"],0,"unknown",818,"1:65"]
[358,"OBJECT","1:49",814,["unknown"],0,"unknown",825,"1:65"]
[357,"OBJECT","1:41",813,["unknown"],0,"unknown",825,"1:65"]
[356,"OBJECT","1:33",812,["unknown"],0,"unknown",825,"1:65"]
[361,"OBJECT","1:49",821,["unknown"],0,"unknown",832,"1:65"]
[360,"OBJECT","1:41",820,["unknown"],0,"unknown",832,"1:65"]
[359,"OBJECT","1:33",819,["unknown"],0,"unknown",832,"1:65"]
[364,"OBJECT","1:49",828,["unknown"],0,"unknown",839,"1:65"]
[363,"OBJECT","1:41",827,["unknown"],0,"unknown",839,"1:65"]
[362,"OBJECT","1:33",826,["unknown"],0,"unknown",839,"1:65"]
[367,"OBJECT","1:49",835,["unknown"],0,"unknown",846,"1:65"]
[366,"OBJECT","1:41",834,["unknown"],0,"unknown",846,"1:65"]
[365,"OBJECT","1:33",833,["unknown"],0,"unknown",846,"1:65"]
[370,"OBJECT","1:49",842,["unknown"],0,"unknown",853,"1:65"]
[369,"OBJECT","1:41",841,["unknown"],0,"unknown",853,"1:65"]
[368,"OBJECT","1:33",840,["unknown"],0,"unknown",853,"1:65"]
[373,"OBJECT","1:49",849,["unknown"],0,"unknown",860,"1:65"]
[372,"OBJECT","1:41",848,["unknown"],0,"unknown",860,"1:65"]
[371,"OBJECT","1:33",847,["unknown"],0,"unknown",860,"1:65"]
[376,"OBJECT","1:49",856,["unknown"],0,"unknown",867,"1:65"]
[375,"OBJECT","1:41",855,["unknown"],0,"unknown",867,"1:65"]
[374,"OBJECT","1:33",854,["unknown"],0,"unknown",867,"1:65"]
[379,"OBJECT","1:49",863,["unknown"],0,"unknown",874,"1:65"]
[378,"OBJECT","1:41",862,["unknown"],0,"unknown",874,"1:65"]
[377,"OBJECT","1:33",861,["unknown"],0,"unknown",874,"1:65"]
[382,"OBJECT","1:49",870,["unknown"],0,"unknown",881,"1:65"]
[381,"OBJECT","1:41",869,["unknown"],0,"unknown",881,"1:65"]
[380,"OBJECT","1:33",868,["unknown"],0,"unknown",881,"1:65"]
[385,"OBJECT","1:49",877,["unknown"],0,"unknown",888,"1:65"]
[384,"OBJECT","1:41",876,["unknown"],0,"unknown",888,"1:65"]
[383,"OBJECT","1:33",875,["unknown"],0,"unknown",888,"1:65"]
[388,"OBJECT","1:49",884,["unknown"],0,"unknown",895,"1:65"]
[387,"OBJECT","1:41",883,["unknown"],0,"unknown",895,"1:65"]
[386,"OBJECT","1:33",882,["unknown"],0,"unknown",895,"1:65"]
[391,"OBJECT","1:49",891,["unknown"],0,"unknown",902,"1:65"]
[390,"OBJECT","1:41",890,["unknown"],0,"unknown",902,"1:65"]
[389,"OBJECT","1:33",889,["unknown"],0,"unknown",902,"1:65"]
[394,"OBJECT","1:49",898,["unknown"],0,"unknown",909,"1:65"]
[393,"OBJECT","1:41",897,["unknown"],0,"unknown",909,"1:65"]
[392,"OBJECT","1:33",896,["unknown"],0,"unknown",909,"1:65"]
[397,"OBJECT","1:49",905,["unknown"],0,"unknown",916,"1:65"]
[396,"OBJECT","1:41",904,["unknown"],0,"unknown",916,"1:65"]
[395,"OBJECT","1:33",903,["unknown"],0,"unknown",916,"1:65"]
[400,"OBJECT","1:49",912,["unknown"],0,"unknown",923,"1:65"]
[399,"OBJECT","1:41",911,["unknown"],0,"unknown",923,"1:65"]
[398,"OBJECT","1:33",910,["unknown"],0,"unknown",923,"1:65"]
[403,"OBJECT","1:49",919,["unknown"],0,"unknown",930,"1:65"]
[402,"OBJECT","1:41",918,["unknown"],0,"unknown",930,"1:65"]
[401,"OBJECT","1:33",917,["unknown"],0,"unknown",930,"1:65"]
[406,"OBJECT","1:49",926,["unknown"],0,"unknown",937,"1:65"]
[405,"OBJECT","1:41",925,["unknown"],0,"unknown",937,"1:65"]
[404,"OBJECT","1:33",924,["unknown"],0,"unknown",937,"1:65"]
[409,"OBJECT","1:49",933,["unknown"],0,"unknown",938,"1:345"]
[408,"OBJECT","1:41",932,["unknown"],0,"unknown",938,"1:345"]
[407,"OBJECT","1:33",931,["unknown"],0,"unknown",938,"1:345"]
[8,"DOM","0:-2",18,[],224,"1:131",940,"end of program"]
[9,"DOM","0:-2",20,[],0,"unknown",940,"end of program"]
[94,"DOM","0:-2",191,[],225,"1:163",940,"end of program"]
[109,"DOM","0:-2",221,[],0,"unknown",940,"end of program"]
[108,"DOM","0:-2",219,[],0,"unknown",940,"end of program"]
[107,"DOM","0:-2",217,[],0,"unknown",940,"end of program"]
[95,"DOM","0:-2",193,[],0,"unknown",940,"end of program"]
[93,"DOM","0:-2",189,[],0,"unknown",940,"end of program"]
[10,"DOM","0:-2",23,[],0,"unknown",940,"end of program"]
[92,"DOM","0:-2",187,[],0,"unknown",940,"end of program"]
[91,"DOM","0:-2",185,[],0,"unknown",940,"end of program"]
[90,"DOM","0:-2",183,[],0,"unknown",940,"end of program"]
[89,"DOM","0:-2",181,[],0,"unknown",940,"end of program"]
[87,"DOM","0:-2",177,[],0,"unknown",940,"end of program"]
[88,"DOM","0:-2",179,[],0,"unknown",940,"end of program"]
[86,"DOM","0:-2",175,[],0,"unknown",940,"end of program"]
[85,"DOM","0:-2",173,[],0,"unknown",940,"end of program"]
[84,"DOM","0:-2",171,[],0,"unknown",940,"end of program"]
[83,"DOM","0:-2",169,[],0,"unknown",940,"end of program"]
[82,"DOM","0:-2",167,[],0,"unknown",940,"end of program"]
[81,"DOM","0:-2",165,[],0,"unknown",940,"end of program"]
[80,"DOM","0:-2",163,[],0,"unknown",940,"end of program"]
[79,"DOM","0:-2",161,[],0,"unknown",940,"end of program"]
[78,"DOM","0:-2",159,[],0,"unknown",940,"end of program"]
[77,"DOM","0:-2",157,[],0,"unknown",940,"end of program"]
[76,"DOM","0:-2",155,[],0,"unknown",940,"end of program"]
[75,"DOM","0:-2",153,[],0,"unknown",940,"end of program"]
[74,"DOM","0:-2",151,[],0,"unknown",940,"end of program"]
[73,"DOM","0:-2",149,[],0,"unknown",940,"end of program"]
[72,"DOM","0:-2",147,[],0,"unknown",940,"end of program"]
[71,"DOM","0:-2",145,[],0,"unknown",940,"end of program"]
[70,"DOM","0:-2",143,[],0,"unknown",940,"end of program"]
[69,"DOM","0:-2",141,[],0,"unknown",940,"end of program"]
[68,"DOM","0:-2",139,[],0,"unknown",940,"end of program"]
[67,"DOM","0:-2",137,[],0,"unknown",940,"end of program"]
[66,"DOM","0:-2",135,[],0,"unknown",940,"end of program"]
[65,"DOM","0:-2",133,[],0,"unknown",940,"end of program"]
[64,"DOM","0:-2",131,[],0,"unknown",940,"end of program"]
[63,"DOM","0:-2",129,[],0,"unknown",940,"end of program"]
[62,"DOM","0:-2",127,[],0,"unknown",940,"end of program"]
[61,"DOM","0:-2",125,[],0,"unknown",940,"end of program"]
[60,"DOM","0:-2",123,[],0,"unknown",940,"end of program"]
[59,"DOM","0:-2",121,[],0,"unknown",940,"end of program"]
[58,"DOM","0:-2",119,[],0,"unknown",940,"end of program"]
[57,"DOM","0:-2",117,[],0,"unknown",940,"end of program"]
[56,"DOM","0:-2",115,[],0,"unknown",940,"end of program"]
[55,"DOM","0:-2",113,[],0,"unknown",940,"end of program"]
[54,"DOM","0:-2",111,[],0,"unknown",940,"end of program"]
[53,"DOM","0:-2",109,[],0,"unknown",940,"end of program"]
[52,"DOM","0:-2",107,[],0,"unknown",940,"end of program"]
[51,"DOM","0:-2",105,[],0,"unknown",940,"end of program"]
[50,"DOM","0:-2",103,[],0,"unknown",940,"end of program"]
[49,"DOM","0:-2",101,[],0,"unknown",940,"end of program"]
[48,"DOM","0:-2",99,[],0,"unknown",940,"end of program"]
[47,"DOM","0:-2",97,[],0,"unknown",940,"end of program"]
[46,"DOM","0:-2",95,[],0,"unknown",940,"end of program"]
[45,"DOM","0:-2",93,[],0,"unknown",940,"end of program"]
[44,"DOM","0:-2",91,[],0,"unknown",940,"end of program"]
[43,"DOM","0:-2",89,[],0,"unknown",940,"end of program"]
[42,"DOM","0:-2",87,[],0,"unknown",940,"end of program"]
[41,"DOM","0:-2",85,[],0,"unknown",940,"end of program"]
[40,"DOM","0:-2",83,[],0,"unknown",940,"end of program"]
[39,"DOM","0:-2",81,[],0,"unknown",940,"end of program"]
[38,"DOM","0:-2",79,[],0,"unknown",940,"end of program"]
[37,"DOM","0:-2",77,[],0,"unknown",940,"end of program"]
[36,"DOM","0:-2",75,[],0,"unknown",940,"end of program"]
[35,"DOM","0:-2",73,[],0,"unknown",940,"end of program"]
[34,"DOM","0:-2",71,[],0,"unknown",940,"end of program"]
[33,"DOM","0:-2",69,[],0,"unknown",940,"end of program"]
[32,"DOM","0:-2",67,[],0,"unknown",940,"end of program"]
[31,"DOM","0:-2",65,[],0,"unknown",940,"end of program"]
[30,"DOM","0:-2",63,[],0,"unknown",940,"end of program"]
[29,"DOM","0:-2",61,[],0,"unknown",940,"end of program"]
[28,"DOM","0:-2",59,[],0,"unknown",940,"end of program"]
[27,"DOM","0:-2",57,[],0,"unknown",940,"end of program"]
[26,"DOM","0:-2",55,[],0,"unknown",940,"end of program"]
[25,"DOM","0:-2",53,[],0,"unknown",940,"end of program"]
[24,"DOM","0:-2",51,[],0,"unknown",940,"end of program"]
[23,"DOM","0:-2",49,[],0,"unknown",940,"end of program"]
[22,"DOM","0:-2",47,[],0,"unknown",940,"end of program"]
[21,"DOM","0:-2",45,[],0,"unknown",940,"end of program"]
[20,"DOM","0:-2",43,[],0,"unknown",940,"end of program"]
[19,"DOM","0:-2",41,[],0,"unknown",940,"end of program"]
[18,"DOM","0:-2",39,[],0,"unknown",940,"end of program"]
[17,"DOM","0:-2",37,[],0,"unknown",940,"end of program"]
[16,"DOM","0:-2",35,[],0,"unknown",940,"end of program"]
[15,"DOM","0:-2",33,[],0,"unknown",940,"end of program"]
[14,"DOM","0:-2",31,[],0,"unknown",940,"end of program"]
[13,"DOM","0:-2",29,[],0,"unknown",940,"end of program"]
[12,"DOM","0:-2",27,[],0,"unknown",940,"end of program"]
[11,"DOM","0:-2",25,[],0,"unknown",940,"end of program"]
[96,"DOM","0:-2",195,[],225,"1:153",940,"end of program"]
[106,"DOM","0:-2",215,[],232,"removed from DOM",940,"end of program"]
[104,"DOM","0:-2",211,[],232,"removed from DOM",940,"end of program"]
[105,"DOM","0:-2",213,[],232,"removed from DOM",940,"end of program"]
[103,"DOM","0:-2",209,[],232,"removed from DOM",940,"end of program"]
[101,"DOM","0:-2",205,[],232,"removed from DOM",940,"end of program"]
[102,"DOM","0:-2",207,[],232,"removed from DOM",940,"end of program"]
[100,"DOM","0:-2",203,[],232,"removed from DOM",940,"end of program"]
[98,"DOM","0:-2",199,[],232,"removed from DOM",940,"end of program"]
[99,"DOM","0:-2",201,[],232,"removed from DOM",940,"end of program"]
[97,"DOM","0:-2",197,[],232,"removed from DOM",940,"end of program"]
[4,"FUNCTION","1:105",7,["1:289"],234,"1:73",939,"1:73"]
[5,"PROTOTYPE","1:105",7,["1:289"],0,"unknown",939,"1:73"]