checknode_orig_.js:21:9:21:23 : RC(initial DOM) = 2
[4,"FUNCTION","1:153",4,[],12,"1:161",13,"1:169"]
[5,"PROTOTYPE","1:153",4,[],0,"unknown",13,"1:169"]
[6,"FUNCTION","1:89",7,["1:161"],149,"1:65",159,"1:65"]
[7,"PROTOTYPE","1:89",7,["1:161"],0,"unknown",159,"1:65"]
[2,"FUNCTION","1:185",2,[],155,"1:49",159,"end of program"]
[3,"PROTOTYPE","1:185",2,[],0,"unknown",159,"end of program"]
[8,"DOM","0:-2",15,[],150,"1:27",159,"end of program"]
[9,"DOM","0:-2",17,[],0,"unknown",159,"end of program"]
[58,"DOM","0:-2",116,[],0,"unknown",159,"end of program"]
[73,"DOM","0:-2",146,[],0,"unknown",159,"end of program"]
[72,"DOM","0:-2",144,[],0,"unknown",159,"end of program"]
[71,"DOM","0:-2",142,[],0,"unknown",159,"end of program"]
[60,"DOM","0:-2",120,[],0,"unknown",159,"end of program"]
[70,"DOM","0:-2",140,[],0,"unknown",159,"end of program"]
[68,"DOM","0:-2",136,[],0,"unknown",159,"end of program"]
[69,"DOM","0:-2",138,[],0,"unknown",159,"end of program"]
[67,"DOM","0:-2",134,[],0,"unknown",159,"end of program"]
[65,"DOM","0:-2",130,[],0,"unknown",159,"end of program"]
[66,"DOM","0:-2",132,[],0,"unknown",159,"end of program"]
[64,"DOM","0:-2",128,[],0,"unknown",159,"end of program"]
[62,"DOM","0:-2",124,[],0,"unknown",159,"end of program"]
[63,"DOM","0:-2",126,[],0,"unknown",159,"end of program"]
[61,"DOM","0:-2",122,[],0,"unknown",159,"end of program"]
[59,"DOM","0:-2",118,[],0,"unknown",159,"end of program"]
[57,"DOM","0:-2",114,[],0,"unknown",159,"end of program"]
[10,"DOM","0:-2",20,[],0,"unknown",159,"end of program"]
[56,"DOM","0:-2",112,[],0,"unknown",159,"end of program"]
[55,"DOM","0:-2",110,[],0,"unknown",159,"end of program"]
[54,"DOM","0:-2",108,[],0,"unknown",159,"end of program"]
[53,"DOM","0:-2",106,[],0,"unknown",159,"end of program"]
[51,"DOM","0:-2",102,[],0,"unknown",159,"end of program"]
[52,"DOM","0:-2",104,[],0,"unknown",159,"end of program"]
[50,"DOM","0:-2",100,[],0,"unknown",159,"end of program"]
[49,"DOM","0:-2",98,[],0,"unknown",159,"end of program"]
[48,"DOM","0:-2",96,[],0,"unknown",159,"end of program"]
[47,"DOM","0:-2",94,[],0,"unknown",159,"end of program"]
[46,"DOM","0:-2",92,[],0,"unknown",159,"end of program"]
[45,"DOM","0:-2",90,[],0,"unknown",159,"end of program"]
[44,"DOM","0:-2",88,[],0,"unknown",159,"end of program"]
[43,"DOM","0:-2",86,[],0,"unknown",159,"end of program"]
[42,"DOM","0:-2",84,[],0,"unknown",159,"end of program"]
[41,"DOM","0:-2",82,[],0,"unknown",159,"end of program"]
[40,"DOM","0:-2",80,[],0,"unknown",159,"end of program"]
[39,"DOM","0:-2",78,[],0,"unknown",159,"end of program"]
[38,"DOM","0:-2",76,[],0,"unknown",159,"end of program"]
[37,"DOM","0:-2",74,[],0,"unknown",159,"end of program"]
[36,"DOM","0:-2",72,[],0,"unknown",159,"end of program"]
[35,"DOM","0:-2",70,[],0,"unknown",159,"end of program"]
[34,"DOM","0:-2",68,[],0,"unknown",159,"end of program"]
[33,"DOM","0:-2",66,[],0,"unknown",159,"end of program"]
[32,"DOM","0:-2",64,[],0,"unknown",159,"end of program"]
[31,"DOM","0:-2",62,[],0,"unknown",159,"end of program"]
[30,"DOM","0:-2",60,[],0,"unknown",159,"end of program"]
[29,"DOM","0:-2",58,[],0,"unknown",159,"end of program"]
[28,"DOM","0:-2",56,[],0,"unknown",159,"end of program"]
[27,"DOM","0:-2",54,[],0,"unknown",159,"end of program"]
[26,"DOM","0:-2",52,[],0,"unknown",159,"end of program"]
[25,"DOM","0:-2",50,[],0,"unknown",159,"end of program"]
[24,"DOM","0:-2",48,[],0,"unknown",159,"end of program"]
[23,"DOM","0:-2",46,[],0,"unknown",159,"end of program"]
[22,"DOM","0:-2",44,[],0,"unknown",159,"end of program"]
[21,"DOM","0:-2",42,[],0,"unknown",159,"end of program"]
[20,"DOM","0:-2",40,[],0,"unknown",159,"end of program"]
[19,"DOM","0:-2",38,[],0,"unknown",159,"end of program"]
[18,"DOM","0:-2",36,[],0,"unknown",159,"end of program"]
[17,"DOM","0:-2",34,[],0,"unknown",159,"end of program"]
[16,"DOM","0:-2",32,[],0,"unknown",159,"end of program"]
[15,"DOM","0:-2",30,[],0,"unknown",159,"end of program"]
[14,"DOM","0:-2",28,[],0,"unknown",159,"end of program"]
[13,"DOM","0:-2",26,[],0,"unknown",159,"end of program"]
[12,"DOM","0:-2",24,[],0,"unknown",159,"end of program"]
[11,"DOM","0:-2",22,[],0,"unknown",159,"end of program"]