[8,"FUNCTION","lifetime-analysis/test/traces/htmlTest18/b_orig_.js:20:18:20:46",39,[],48,"lifetime-analysis/test/traces/htmlTest18/b_orig_.js:20:18:20:46",59,"lifetime-analysis/test/traces/htmlTest18/b_orig_.js:20:9:20:48"]
[9,"PROTOTYPE","lifetime-analysis/test/traces/htmlTest18/b_orig_.js:20:18:20:46",39,[],39,"lifetime-analysis/test/traces/htmlTest18/b_orig_.js:20:18:20:46",59,"lifetime-analysis/test/traces/htmlTest18/b_orig_.js:20:9:20:48"]
[2,"FUNCTION","lifetime-analysis/test/traces/htmlTest18/a_orig_.js:16:1:18:2",2,[],57,"lifetime-analysis/test/traces/htmlTest18/b_orig_.js:20:9:20:48",114,"end of program"]
[3,"PROTOTYPE","lifetime-analysis/test/traces/htmlTest18/a_orig_.js:16:1:18:2",2,[],2,"lifetime-analysis/test/traces/htmlTest18/a_orig_.js:16:1:18:2",114,"end of program"]
[4,"OBJECT","lifetime-analysis/test/traces/htmlTest18/b_orig_.js:17:9:17:16",12,[],37,"lifetime-analysis/test/traces/htmlTest18/b_orig_.js:20:12:20:17",114,"end of program"]
[5,"OBJECT","lifetime-analysis/test/traces/htmlTest18/b_orig_.js:19:12:19:14",15,[],15,"lifetime-analysis/test/traces/htmlTest18/b_orig_.js:19:12:19:14",114,"end of program"]
[6,"OBJECT","lifetime-analysis/test/traces/htmlTest18/b_orig_.js:19:24:19:26",23,[],23,"lifetime-analysis/test/traces/htmlTest18/b_orig_.js:19:24:19:26",114,"end of program"]
[7,"OBJECT","lifetime-analysis/test/traces/htmlTest18/b_orig_.js:19:36:19:38",31,[],31,"lifetime-analysis/test/traces/htmlTest18/b_orig_.js:19:36:19:38",114,"end of program"]
[10,"OBJECT","lifetime-analysis/test/traces/htmlTest18/b_orig_.js:20:12:20:47",53,["lifetime-analysis/test/traces/htmlTest18/b_orig_.js:20:9:20:48"],53,"lifetime-analysis/test/traces/htmlTest18/b_orig_.js:20:12:20:47",114,"end of program"]
[11,"DOM","initial DOM",61,[],61,"initial DOM",114,"end of program"]
[12,"DOM","initial DOM",63,[],114,"end of program",114,"end of program"]
[31,"DOM","initial DOM",102,[],114,"end of program",114,"end of program"]
[36,"DOM","initial DOM",112,[],114,"end of program",114,"end of program"]
[35,"DOM","initial DOM",110,[],114,"end of program",114,"end of program"]
[34,"DOM","initial DOM",108,[],114,"end of program",114,"end of program"]
[33,"DOM","initial DOM",106,[],114,"end of program",114,"end of program"]
[32,"DOM","initial DOM",104,[],114,"end of program",114,"end of program"]
[30,"DOM","initial DOM",100,[],114,"end of program",114,"end of program"]
[13,"DOM","initial DOM",66,[],114,"end of program",114,"end of program"]
[29,"DOM","initial DOM",98,[],114,"end of program",114,"end of program"]
[28,"DOM","initial DOM",96,[],114,"end of program",114,"end of program"]
[27,"DOM","initial DOM",94,[],114,"end of program",114,"end of program"]
[26,"DOM","initial DOM",92,[],114,"end of program",114,"end of program"]
[24,"DOM","initial DOM",88,[],114,"end of program",114,"end of program"]
[25,"DOM","initial DOM",90,[],114,"end of program",114,"end of program"]
[23,"DOM","initial DOM",86,[],114,"end of program",114,"end of program"]
[22,"DOM","initial DOM",84,[],114,"end of program",114,"end of program"]
[21,"DOM","initial DOM",82,[],114,"end of program",114,"end of program"]
[20,"DOM","initial DOM",80,[],114,"end of program",114,"end of program"]
[19,"DOM","initial DOM",78,[],114,"end of program",114,"end of program"]
[18,"DOM","initial DOM",76,[],114,"end of program",114,"end of program"]
[17,"DOM","initial DOM",74,[],114,"end of program",114,"end of program"]
[16,"DOM","initial DOM",72,[],114,"end of program",114,"end of program"]
[15,"DOM","initial DOM",70,[],114,"end of program",114,"end of program"]
[14,"DOM","initial DOM",68,[],114,"end of program",114,"end of program"]
last use
[3,2,"lifetime-analysis/test/traces/htmlTest18/a_orig_.js:16:1:18:2"]
[5,15,"lifetime-analysis/test/traces/htmlTest18/b_orig_.js:19:12:19:14"]
[6,23,"lifetime-analysis/test/traces/htmlTest18/b_orig_.js:19:24:19:26"]
[7,31,"lifetime-analysis/test/traces/htmlTest18/b_orig_.js:19:36:19:38"]
[4,37,"lifetime-analysis/test/traces/htmlTest18/b_orig_.js:20:12:20:17"]
[9,39,"lifetime-analysis/test/traces/htmlTest18/b_orig_.js:20:18:20:46"]
[8,48,"lifetime-analysis/test/traces/htmlTest18/b_orig_.js:20:18:20:46"]
[10,53,"lifetime-analysis/test/traces/htmlTest18/b_orig_.js:20:12:20:47"]
[2,57,"lifetime-analysis/test/traces/htmlTest18/b_orig_.js:20:9:20:48"]
[11,61,"initial DOM"]
[12,114,"end of program"]
[13,114,"end of program"]
[14,114,"end of program"]
[15,114,"end of program"]
[16,114,"end of program"]
[17,114,"end of program"]
[18,114,"end of program"]
[19,114,"end of program"]
[20,114,"end of program"]
[21,114,"end of program"]
[22,114,"end of program"]
[23,114,"end of program"]
[24,114,"end of program"]
[25,114,"end of program"]
[26,114,"end of program"]
[27,114,"end of program"]
[28,114,"end of program"]
[29,114,"end of program"]
[30,114,"end of program"]
[31,114,"end of program"]
[32,114,"end of program"]
[33,114,"end of program"]
[34,114,"end of program"]
[35,114,"end of program"]
[36,114,"end of program"]
unreachable
[9,59,"lifetime-analysis/test/traces/htmlTest18/b_orig_.js:20:9:20:48"]
[8,59,"lifetime-analysis/test/traces/htmlTest18/b_orig_.js:20:9:20:48"]
[3,114,"end of program"]
[5,114,"end of program"]
[6,114,"end of program"]
[7,114,"end of program"]
[4,114,"end of program"]
[10,114,"end of program"]
[2,114,"end of program"]
[11,114,"end of program"]
[12,114,"end of program"]
[13,114,"end of program"]
[14,114,"end of program"]
[15,114,"end of program"]
[16,114,"end of program"]
[17,114,"end of program"]
[18,114,"end of program"]
[19,114,"end of program"]
[20,114,"end of program"]
[21,114,"end of program"]
[22,114,"end of program"]
[23,114,"end of program"]
[24,114,"end of program"]
[25,114,"end of program"]
[26,114,"end of program"]
[27,114,"end of program"]
[28,114,"end of program"]
[29,114,"end of program"]
[30,114,"end of program"]
[31,114,"end of program"]
[32,114,"end of program"]
[33,114,"end of program"]
[34,114,"end of program"]
[35,114,"end of program"]
[36,114,"end of program"]