[5,"DOM","lifetime-analysis/test/traces/htmlTest14/testinnerhtml_orig_.js:18:5:18:53",8,["lifetime-analysis/test/traces/htmlTest14/testinnerhtml_orig_.js:16:1:19:5"],8,"lifetime-analysis/test/traces/htmlTest14/testinnerhtml_orig_.js:18:5:18:53",12,"lifetime-analysis/test/traces/htmlTest14/testinnerhtml_orig_.js:18:5:18:54"]
[6,"DOM","lifetime-analysis/test/traces/htmlTest14/testinnerhtml_orig_.js:18:5:18:53",9,["lifetime-analysis/test/traces/htmlTest14/testinnerhtml_orig_.js:16:1:19:5"],9,"lifetime-analysis/test/traces/htmlTest14/testinnerhtml_orig_.js:18:5:18:53",12,"lifetime-analysis/test/traces/htmlTest14/testinnerhtml_orig_.js:18:5:18:54"]
[7,"DOM","lifetime-analysis/test/traces/htmlTest14/testinnerhtml_orig_.js:18:5:18:53",10,["lifetime-analysis/test/traces/htmlTest14/testinnerhtml_orig_.js:16:1:19:5"],10,"lifetime-analysis/test/traces/htmlTest14/testinnerhtml_orig_.js:18:5:18:53",12,"lifetime-analysis/test/traces/htmlTest14/testinnerhtml_orig_.js:18:5:18:54"]
[8,"DOM","lifetime-analysis/test/traces/htmlTest14/testinnerhtml_orig_.js:18:5:18:53",11,["lifetime-analysis/test/traces/htmlTest14/testinnerhtml_orig_.js:16:1:19:5"],11,"lifetime-analysis/test/traces/htmlTest14/testinnerhtml_orig_.js:18:5:18:53",12,"lifetime-analysis/test/traces/htmlTest14/testinnerhtml_orig_.js:18:5:18:54"]
[4,"DOM","lifetime-analysis/test/traces/htmlTest14/testinnerhtml_orig_.js:17:15:17:45",5,["lifetime-analysis/test/traces/htmlTest14/testinnerhtml_orig_.js:16:1:19:5"],6,"lifetime-analysis/test/traces/htmlTest14/testinnerhtml_orig_.js:18:5:18:53",13,"lifetime-analysis/test/traces/htmlTest14/testinnerhtml_orig_.js:16:1:19:3"]
[2,"FUNCTION","lifetime-analysis/test/traces/htmlTest14/testinnerhtml_orig_.js:16:1:19:3",2,[],13,"lifetime-analysis/test/traces/htmlTest14/testinnerhtml_orig_.js:16:1:19:5",14,"lifetime-analysis/test/traces/htmlTest14/testinnerhtml_orig_.js:16:1:19:6"]
[3,"PROTOTYPE","lifetime-analysis/test/traces/htmlTest14/testinnerhtml_orig_.js:16:1:19:3",2,[],2,"lifetime-analysis/test/traces/htmlTest14/testinnerhtml_orig_.js:16:1:19:3",14,"lifetime-analysis/test/traces/htmlTest14/testinnerhtml_orig_.js:16:1:19:6"]
[12,"DOM","lifetime-analysis/test/traces/htmlTest14/testinnerhtml2_orig_.js:18:5:18:53",23,["lifetime-analysis/test/traces/htmlTest14/testinnerhtml2_orig_.js:16:1:19:5"],23,"lifetime-analysis/test/traces/htmlTest14/testinnerhtml2_orig_.js:18:5:18:53",27,"lifetime-analysis/test/traces/htmlTest14/testinnerhtml2_orig_.js:18:5:18:54"]
[13,"DOM","lifetime-analysis/test/traces/htmlTest14/testinnerhtml2_orig_.js:18:5:18:53",24,["lifetime-analysis/test/traces/htmlTest14/testinnerhtml2_orig_.js:16:1:19:5"],24,"lifetime-analysis/test/traces/htmlTest14/testinnerhtml2_orig_.js:18:5:18:53",27,"lifetime-analysis/test/traces/htmlTest14/testinnerhtml2_orig_.js:18:5:18:54"]
[14,"DOM","lifetime-analysis/test/traces/htmlTest14/testinnerhtml2_orig_.js:18:5:18:53",25,["lifetime-analysis/test/traces/htmlTest14/testinnerhtml2_orig_.js:16:1:19:5"],25,"lifetime-analysis/test/traces/htmlTest14/testinnerhtml2_orig_.js:18:5:18:53",27,"lifetime-analysis/test/traces/htmlTest14/testinnerhtml2_orig_.js:18:5:18:54"]
[15,"DOM","lifetime-analysis/test/traces/htmlTest14/testinnerhtml2_orig_.js:18:5:18:53",26,["lifetime-analysis/test/traces/htmlTest14/testinnerhtml2_orig_.js:16:1:19:5"],26,"lifetime-analysis/test/traces/htmlTest14/testinnerhtml2_orig_.js:18:5:18:53",27,"lifetime-analysis/test/traces/htmlTest14/testinnerhtml2_orig_.js:18:5:18:54"]
[11,"DOM","lifetime-analysis/test/traces/htmlTest14/testinnerhtml2_orig_.js:17:15:17:46",20,["lifetime-analysis/test/traces/htmlTest14/testinnerhtml2_orig_.js:16:1:19:5"],21,"lifetime-analysis/test/traces/htmlTest14/testinnerhtml2_orig_.js:18:5:18:53",28,"lifetime-analysis/test/traces/htmlTest14/testinnerhtml2_orig_.js:16:1:19:3"]
[9,"FUNCTION","lifetime-analysis/test/traces/htmlTest14/testinnerhtml2_orig_.js:16:1:19:3",17,[],28,"lifetime-analysis/test/traces/htmlTest14/testinnerhtml2_orig_.js:16:1:19:5",29,"lifetime-analysis/test/traces/htmlTest14/testinnerhtml2_orig_.js:16:1:19:6"]
[10,"PROTOTYPE","lifetime-analysis/test/traces/htmlTest14/testinnerhtml2_orig_.js:16:1:19:3",17,[],17,"lifetime-analysis/test/traces/htmlTest14/testinnerhtml2_orig_.js:16:1:19:3",29,"lifetime-analysis/test/traces/htmlTest14/testinnerhtml2_orig_.js:16:1:19:6"]
[16,"DOM","initial DOM",31,[],31,"initial DOM",254,"end of program"]
[17,"DOM","initial DOM",33,[],254,"end of program",254,"end of program"]
[114,"DOM","initial DOM",228,[],254,"end of program",254,"end of program"]
[121,"DOM","initial DOM",252,[],254,"end of program",254,"end of program"]
[120,"DOM","initial DOM",250,[],254,"end of program",254,"end of program"]
[119,"DOM","initial DOM",248,[],254,"end of program",254,"end of program"]
[11,"DOM","unknown",0,[],254,"end of program",254,"end of program"]
[14,"DOM","unknown",0,[],254,"end of program",254,"end of program"]
[15,"DOM","unknown",0,[],254,"end of program",254,"end of program"]
[12,"DOM","unknown",0,[],254,"end of program",254,"end of program"]
[13,"DOM","unknown",0,[],254,"end of program",254,"end of program"]
[118,"DOM","initial DOM",241,[],254,"end of program",254,"end of program"]
[117,"DOM","initial DOM",239,[],254,"end of program",254,"end of program"]
[116,"DOM","initial DOM",237,[],254,"end of program",254,"end of program"]
[4,"DOM","unknown",0,[],254,"end of program",254,"end of program"]
[7,"DOM","unknown",0,[],254,"end of program",254,"end of program"]
[8,"DOM","unknown",0,[],254,"end of program",254,"end of program"]
[5,"DOM","unknown",0,[],254,"end of program",254,"end of program"]
[6,"DOM","unknown",0,[],254,"end of program",254,"end of program"]
[115,"DOM","initial DOM",230,[],254,"end of program",254,"end of program"]
[113,"DOM","initial DOM",226,[],254,"end of program",254,"end of program"]
[18,"DOM","initial DOM",36,[],254,"end of program",254,"end of program"]
[112,"DOM","initial DOM",224,[],254,"end of program",254,"end of program"]
[111,"DOM","initial DOM",222,[],254,"end of program",254,"end of program"]
[110,"DOM","initial DOM",220,[],254,"end of program",254,"end of program"]
[109,"DOM","initial DOM",218,[],254,"end of program",254,"end of program"]
[107,"DOM","initial DOM",214,[],254,"end of program",254,"end of program"]
[108,"DOM","initial DOM",216,[],254,"end of program",254,"end of program"]
[106,"DOM","initial DOM",212,[],254,"end of program",254,"end of program"]
[105,"DOM","initial DOM",210,[],254,"end of program",254,"end of program"]
[104,"DOM","initial DOM",208,[],254,"end of program",254,"end of program"]
[103,"DOM","initial DOM",206,[],254,"end of program",254,"end of program"]
[102,"DOM","initial DOM",204,[],254,"end of program",254,"end of program"]
[101,"DOM","initial DOM",202,[],254,"end of program",254,"end of program"]
[100,"DOM","initial DOM",200,[],254,"end of program",254,"end of program"]
[99,"DOM","initial DOM",198,[],254,"end of program",254,"end of program"]
[98,"DOM","initial DOM",196,[],254,"end of program",254,"end of program"]
[97,"DOM","initial DOM",194,[],254,"end of program",254,"end of program"]
[96,"DOM","initial DOM",192,[],254,"end of program",254,"end of program"]
[95,"DOM","initial DOM",190,[],254,"end of program",254,"end of program"]
[94,"DOM","initial DOM",188,[],254,"end of program",254,"end of program"]
[93,"DOM","initial DOM",186,[],254,"end of program",254,"end of program"]
[92,"DOM","initial DOM",184,[],254,"end of program",254,"end of program"]
[91,"DOM","initial DOM",182,[],254,"end of program",254,"end of program"]
[90,"DOM","initial DOM",180,[],254,"end of program",254,"end of program"]
[89,"DOM","initial DOM",178,[],254,"end of program",254,"end of program"]
[88,"DOM","initial DOM",176,[],254,"end of program",254,"end of program"]
[87,"DOM","initial DOM",174,[],254,"end of program",254,"end of program"]
[86,"DOM","initial DOM",172,[],254,"end of program",254,"end of program"]
[85,"DOM","initial DOM",170,[],254,"end of program",254,"end of program"]
[84,"DOM","initial DOM",168,[],254,"end of program",254,"end of program"]
[83,"DOM","initial DOM",166,[],254,"end of program",254,"end of program"]
[82,"DOM","initial DOM",164,[],254,"end of program",254,"end of program"]
[81,"DOM","initial DOM",162,[],254,"end of program",254,"end of program"]
[80,"DOM","initial DOM",160,[],254,"end of program",254,"end of program"]
[79,"DOM","initial DOM",158,[],254,"end of program",254,"end of program"]
[78,"DOM","initial DOM",156,[],254,"end of program",254,"end of program"]
[77,"DOM","initial DOM",154,[],254,"end of program",254,"end of program"]
[76,"DOM","initial DOM",152,[],254,"end of program",254,"end of program"]
[75,"DOM","initial DOM",150,[],254,"end of program",254,"end of program"]
[74,"DOM","initial DOM",148,[],254,"end of program",254,"end of program"]
[73,"DOM","initial DOM",146,[],254,"end of program",254,"end of program"]
[72,"DOM","initial DOM",144,[],254,"end of program",254,"end of program"]
[71,"DOM","initial DOM",142,[],254,"end of program",254,"end of program"]
[70,"DOM","initial DOM",140,[],254,"end of program",254,"end of program"]
[69,"DOM","initial DOM",138,[],254,"end of program",254,"end of program"]
[68,"DOM","initial DOM",136,[],254,"end of program",254,"end of program"]
[67,"DOM","initial DOM",134,[],254,"end of program",254,"end of program"]
[66,"DOM","initial DOM",132,[],254,"end of program",254,"end of program"]
[65,"DOM","initial DOM",130,[],254,"end of program",254,"end of program"]
[64,"DOM","initial DOM",128,[],254,"end of program",254,"end of program"]
[63,"DOM","initial DOM",126,[],254,"end of program",254,"end of program"]
[62,"DOM","initial DOM",124,[],254,"end of program",254,"end of program"]
[61,"DOM","initial DOM",122,[],254,"end of program",254,"end of program"]
[60,"DOM","initial DOM",120,[],254,"end of program",254,"end of program"]
[59,"DOM","initial DOM",118,[],254,"end of program",254,"end of program"]
[58,"DOM","initial DOM",116,[],254,"end of program",254,"end of program"]
[57,"DOM","initial DOM",114,[],254,"end of program",254,"end of program"]
[56,"DOM","initial DOM",112,[],254,"end of program",254,"end of program"]
[55,"DOM","initial DOM",110,[],254,"end of program",254,"end of program"]
[54,"DOM","initial DOM",108,[],254,"end of program",254,"end of program"]
[53,"DOM","initial DOM",106,[],254,"end of program",254,"end of program"]
[52,"DOM","initial DOM",104,[],254,"end of program",254,"end of program"]
[51,"DOM","initial DOM",102,[],254,"end of program",254,"end of program"]
[50,"DOM","initial DOM",100,[],254,"end of program",254,"end of program"]
[49,"DOM","initial DOM",98,[],254,"end of program",254,"end of program"]
[48,"DOM","initial DOM",96,[],254,"end of program",254,"end of program"]
[47,"DOM","initial DOM",94,[],254,"end of program",254,"end of program"]
[46,"DOM","initial DOM",92,[],254,"end of program",254,"end of program"]
[45,"DOM","initial DOM",90,[],254,"end of program",254,"end of program"]
[44,"DOM","initial DOM",88,[],254,"end of program",254,"end of program"]
[43,"DOM","initial DOM",86,[],254,"end of program",254,"end of program"]
[42,"DOM","initial DOM",84,[],254,"end of program",254,"end of program"]
[41,"DOM","initial DOM",82,[],254,"end of program",254,"end of program"]
[40,"DOM","initial DOM",80,[],254,"end of program",254,"end of program"]
[39,"DOM","initial DOM",78,[],254,"end of program",254,"end of program"]
[38,"DOM","initial DOM",76,[],254,"end of program",254,"end of program"]
[37,"DOM","initial DOM",74,[],254,"end of program",254,"end of program"]
[36,"DOM","initial DOM",72,[],254,"end of program",254,"end of program"]
[35,"DOM","initial DOM",70,[],254,"end of program",254,"end of program"]
[34,"DOM","initial DOM",68,[],254,"end of program",254,"end of program"]
[33,"DOM","initial DOM",66,[],254,"end of program",254,"end of program"]
[32,"DOM","initial DOM",64,[],254,"end of program",254,"end of program"]
[31,"DOM","initial DOM",62,[],254,"end of program",254,"end of program"]
[30,"DOM","initial DOM",60,[],254,"end of program",254,"end of program"]
[29,"DOM","initial DOM",58,[],254,"end of program",254,"end of program"]
[28,"DOM","initial DOM",56,[],254,"end of program",254,"end of program"]
[27,"DOM","initial DOM",54,[],254,"end of program",254,"end of program"]
[26,"DOM","initial DOM",52,[],254,"end of program",254,"end of program"]
[25,"DOM","initial DOM",50,[],254,"end of program",254,"end of program"]
[24,"DOM","initial DOM",48,[],254,"end of program",254,"end of program"]
[23,"DOM","initial DOM",46,[],254,"end of program",254,"end of program"]
[22,"DOM","initial DOM",44,[],254,"end of program",254,"end of program"]
[21,"DOM","initial DOM",42,[],254,"end of program",254,"end of program"]
[20,"DOM","initial DOM",40,[],254,"end of program",254,"end of program"]
[19,"DOM","initial DOM",38,[],254,"end of program",254,"end of program"]
last use
[3,2,"lifetime-analysis/test/traces/htmlTest14/testinnerhtml_orig_.js:16:1:19:3"]
[2,13,"lifetime-analysis/test/traces/htmlTest14/testinnerhtml_orig_.js:16:1:19:5"]
[10,17,"lifetime-analysis/test/traces/htmlTest14/testinnerhtml2_orig_.js:16:1:19:3"]
[9,28,"lifetime-analysis/test/traces/htmlTest14/testinnerhtml2_orig_.js:16:1:19:5"]
[16,31,"initial DOM"]
[4,254,"end of program"]
[5,254,"end of program"]
[6,254,"end of program"]
[7,254,"end of program"]
[8,254,"end of program"]
[11,254,"end of program"]
[12,254,"end of program"]
[13,254,"end of program"]
[14,254,"end of program"]
[15,254,"end of program"]
[17,254,"end of program"]
[18,254,"end of program"]
[19,254,"end of program"]
[20,254,"end of program"]
[21,254,"end of program"]
[22,254,"end of program"]
[23,254,"end of program"]
[24,254,"end of program"]
[25,254,"end of program"]
[26,254,"end of program"]
[27,254,"end of program"]
[28,254,"end of program"]
[29,254,"end of program"]
[30,254,"end of program"]
[31,254,"end of program"]
[32,254,"end of program"]
[33,254,"end of program"]
[34,254,"end of program"]
[35,254,"end of program"]
[36,254,"end of program"]
[37,254,"end of program"]
[38,254,"end of program"]
[39,254,"end of program"]
[40,254,"end of program"]
[41,254,"end of program"]
[42,254,"end of program"]
[43,254,"end of program"]
[44,254,"end of program"]
[45,254,"end of program"]
[46,254,"end of program"]
[47,254,"end of program"]
[48,254,"end of program"]
[49,254,"end of program"]
[50,254,"end of program"]
[51,254,"end of program"]
[52,254,"end of program"]
[53,254,"end of program"]
[54,254,"end of program"]
[55,254,"end of program"]
[56,254,"end of program"]
[57,254,"end of program"]
[58,254,"end of program"]
[59,254,"end of program"]
[60,254,"end of program"]
[61,254,"end of program"]
[62,254,"end of program"]
[63,254,"end of program"]
[64,254,"end of program"]
[65,254,"end of program"]
[66,254,"end of program"]
[67,254,"end of program"]
[68,254,"end of program"]
[69,254,"end of program"]
[70,254,"end of program"]
[71,254,"end of program"]
[72,254,"end of program"]
[73,254,"end of program"]
[74,254,"end of program"]
[75,254,"end of program"]
[76,254,"end of program"]
[77,254,"end of program"]
[78,254,"end of program"]
[79,254,"end of program"]
[80,254,"end of program"]
[81,254,"end of program"]
[82,254,"end of program"]
[83,254,"end of program"]
[84,254,"end of program"]
[85,254,"end of program"]
[86,254,"end of program"]
[87,254,"end of program"]
[88,254,"end of program"]
[89,254,"end of program"]
[90,254,"end of program"]
[91,254,"end of program"]
[92,254,"end of program"]
[93,254,"end of program"]
[94,254,"end of program"]
[95,254,"end of program"]
[96,254,"end of program"]
[97,254,"end of program"]
[98,254,"end of program"]
[99,254,"end of program"]
[100,254,"end of program"]
[101,254,"end of program"]
[102,254,"end of program"]
[103,254,"end of program"]
[104,254,"end of program"]
[105,254,"end of program"]
[106,254,"end of program"]
[107,254,"end of program"]
[108,254,"end of program"]
[109,254,"end of program"]
[110,254,"end of program"]
[111,254,"end of program"]
[112,254,"end of program"]
[113,254,"end of program"]
[114,254,"end of program"]
[115,254,"end of program"]
[116,254,"end of program"]
[117,254,"end of program"]
[118,254,"end of program"]
[119,254,"end of program"]
[120,254,"end of program"]
[121,254,"end of program"]
unreachable
[3,14,"lifetime-analysis/test/traces/htmlTest14/testinnerhtml_orig_.js:16:1:19:6"]
[2,14,"lifetime-analysis/test/traces/htmlTest14/testinnerhtml_orig_.js:16:1:19:6"]
[10,29,"lifetime-analysis/test/traces/htmlTest14/testinnerhtml2_orig_.js:16:1:19:6"]
[9,29,"lifetime-analysis/test/traces/htmlTest14/testinnerhtml2_orig_.js:16:1:19:6"]
[16,254,"end of program"]
[4,254,"end of program"]
[5,254,"end of program"]
[6,254,"end of program"]
[7,254,"end of program"]
[8,254,"end of program"]
[11,254,"end of program"]
[12,254,"end of program"]
[13,254,"end of program"]
[14,254,"end of program"]
[15,254,"end of program"]
[17,254,"end of program"]
[18,254,"end of program"]
[19,254,"end of program"]
[20,254,"end of program"]
[21,254,"end of program"]
[22,254,"end of program"]
[23,254,"end of program"]
[24,254,"end of program"]
[25,254,"end of program"]
[26,254,"end of program"]
[27,254,"end of program"]
[28,254,"end of program"]
[29,254,"end of program"]
[30,254,"end of program"]
[31,254,"end of program"]
[32,254,"end of program"]
[33,254,"end of program"]
[34,254,"end of program"]
[35,254,"end of program"]
[36,254,"end of program"]
[37,254,"end of program"]
[38,254,"end of program"]
[39,254,"end of program"]
[40,254,"end of program"]
[41,254,"end of program"]
[42,254,"end of program"]
[43,254,"end of program"]
[44,254,"end of program"]
[45,254,"end of program"]
[46,254,"end of program"]
[47,254,"end of program"]
[48,254,"end of program"]
[49,254,"end of program"]
[50,254,"end of program"]
[51,254,"end of program"]
[52,254,"end of program"]
[53,254,"end of program"]
[54,254,"end of program"]
[55,254,"end of program"]
[56,254,"end of program"]
[57,254,"end of program"]
[58,254,"end of program"]
[59,254,"end of program"]
[60,254,"end of program"]
[61,254,"end of program"]
[62,254,"end of program"]
[63,254,"end of program"]
[64,254,"end of program"]
[65,254,"end of program"]
[66,254,"end of program"]
[67,254,"end of program"]
[68,254,"end of program"]
[69,254,"end of program"]
[70,254,"end of program"]
[71,254,"end of program"]
[72,254,"end of program"]
[73,254,"end of program"]
[74,254,"end of program"]
[75,254,"end of program"]
[76,254,"end of program"]
[77,254,"end of program"]
[78,254,"end of program"]
[79,254,"end of program"]
[80,254,"end of program"]
[81,254,"end of program"]
[82,254,"end of program"]
[83,254,"end of program"]
[84,254,"end of program"]
[85,254,"end of program"]
[86,254,"end of program"]
[87,254,"end of program"]
[88,254,"end of program"]
[89,254,"end of program"]
[90,254,"end of program"]
[91,254,"end of program"]
[92,254,"end of program"]
[93,254,"end of program"]
[94,254,"end of program"]
[95,254,"end of program"]
[96,254,"end of program"]
[97,254,"end of program"]
[98,254,"end of program"]
[99,254,"end of program"]
[100,254,"end of program"]
[101,254,"end of program"]
[102,254,"end of program"]
[103,254,"end of program"]
[104,254,"end of program"]
[105,254,"end of program"]
[106,254,"end of program"]
[107,254,"end of program"]
[108,254,"end of program"]
[109,254,"end of program"]
[110,254,"end of program"]
[111,254,"end of program"]
[112,254,"end of program"]
[113,254,"end of program"]
[114,254,"end of program"]
[115,254,"end of program"]
[116,254,"end of program"]
[117,254,"end of program"]
[118,254,"end of program"]
[119,254,"end of program"]
[120,254,"end of program"]
[121,254,"end of program"]