checknode_orig_.js:23:9:23:23 : RC(initial DOM) = 2
{
  "functionTrace": [
    [
      0,
      7,
      1,
      161
    ],
    [
      1,
      14,
      1,
      281
    ],
    [
      0,
      91,
      1,
      97
    ],
    [
      0,
      96,
      1,
      9
    ],
    [
      1,
      97,
      1,
      249
    ],
    [
      1,
      99,
      1,
      265
    ]
  ],
  "objectInfo": {
    "checknode_orig_.js:16:1:16:24": [
      {
        "objectId": 2,
        "creationTime": 2,
        "creationCallStack": [],
        "unreachableTime": 101,
        "unreachableSite": "end of program",
        "staleness": 4,
        "lastUseTime": 97,
        "lastUseSite": {
          "sourceFileId": 1,
          "iid": 65
        },
        "shallowSize": 2,
        "type": "FUNCTION"
      },
      {
        "objectId": 3,
        "creationTime": 2,
        "creationCallStack": [],
        "unreachableTime": 101,
        "unreachableSite": "end of program",
        "staleness": 99,
        "lastUseTime": "never used",
        "lastUseSite": "never used",
        "shallowSize": 1,
        "type": "PROTOTYPE"
      }
    ],
    "checknode_orig_.js:20:2:28:2": [
      {
        "objectId": 4,
        "creationTime": 6,
        "creationCallStack": [],
        "unreachableTime": 15,
        "unreachableSite": "checknode_orig_.js:20:1:28:6",
        "staleness": 1,
        "lastUseTime": 14,
        "lastUseSite": {
          "sourceFileId": 1,
          "iid": 193
        },
        "shallowSize": 2,
        "type": "FUNCTION"
      },
      {
        "objectId": 5,
        "creationTime": 6,
        "creationCallStack": [],
        "unreachableTime": 15,
        "unreachableSite": "checknode_orig_.js:20:1:28:6",
        "staleness": 9,
        "lastUseTime": "never used",
        "lastUseSite": "never used",
        "shallowSize": 1,
        "type": "PROTOTYPE"
      }
    ],
    "checknode_orig_.js:21:15:25:6": [
      {
        "objectId": 6,
        "creationTime": 9,
        "creationCallStack": [
          {
            "sourceFileId": 1,
            "iid": 193
          }
        ],
        "unreachableTime": 101,
        "unreachableSite": "checknode_orig_.js:21:15:25:6",
        "staleness": 10,
        "lastUseTime": 91,
        "lastUseSite": {
          "sourceFileId": 1,
          "iid": 97
        },
        "shallowSize": 3,
        "type": "FUNCTION"
      },
      {
        "objectId": 7,
        "creationTime": 9,
        "creationCallStack": [
          {
            "sourceFileId": 1,
            "iid": 193
          }
        ],
        "unreachableTime": 101,
        "unreachableSite": "checknode_orig_.js:21:15:25:6",
        "staleness": 92,
        "lastUseTime": "never used",
        "lastUseSite": "never used",
        "shallowSize": 1,
        "type": "PROTOTYPE"
      }
    ],
    "initial DOM": [
      {
        "objectId": 8,
        "creationTime": 17,
        "creationCallStack": [],
        "unreachableTime": 101,
        "unreachableSite": "end of program",
        "staleness": 9,
        "lastUseTime": 92,
        "lastUseSite": {
          "sourceFileId": 1,
          "iid": 43
        },
        "shallowSize": 2,
        "type": "DOM"
      },
      {
        "objectId": 9,
        "creationTime": 19,
        "creationCallStack": [],
        "unreachableTime": 101,
        "unreachableSite": "end of program",
        "staleness": 0,
        "lastUseTime": 101,
        "lastUseSite": {
          "sourceFileId": 0,
          "iid": 0
        },
        "shallowSize": 4,
        "type": "DOM"
      },
      {
        "objectId": 10,
        "creationTime": 22,
        "creationCallStack": [],
        "unreachableTime": 101,
        "unreachableSite": "end of program",
        "staleness": 0,
        "lastUseTime": 101,
        "lastUseSite": {
          "sourceFileId": 0,
          "iid": 0
        },
        "shallowSize": 16,
        "type": "DOM"
      },
      {
        "objectId": 11,
        "creationTime": 24,
        "creationCallStack": [],
        "unreachableTime": 101,
        "unreachableSite": "end of program",
        "staleness": 0,
        "lastUseTime": 101,
        "lastUseSite": {
          "sourceFileId": 0,
          "iid": 0
        },
        "shallowSize": 1,
        "type": "DOM"
      },
      {
        "objectId": 12,
        "creationTime": 26,
        "creationCallStack": [],
        "unreachableTime": 101,
        "unreachableSite": "end of program",
        "staleness": 0,
        "lastUseTime": 101,
        "lastUseSite": {
          "sourceFileId": 0,
          "iid": 0
        },
        "shallowSize": 1,
        "type": "DOM"
      },
      {
        "objectId": 13,
        "creationTime": 28,
        "creationCallStack": [],
        "unreachableTime": 101,
        "unreachableSite": "end of program",
        "staleness": 0,
        "lastUseTime": 101,
        "lastUseSite": {
          "sourceFileId": 0,
          "iid": 0
        },
        "shallowSize": 1,
        "type": "DOM"
      },
      {
        "objectId": 14,
        "creationTime": 30,
        "creationCallStack": [],
        "unreachableTime": 101,
        "unreachableSite": "end of program",
        "staleness": 0,
        "lastUseTime": 101,
        "lastUseSite": {
          "sourceFileId": 0,
          "iid": 0
        },
        "shallowSize": 1,
        "type": "DOM"
      },
      {
        "objectId": 15,
        "creationTime": 32,
        "creationCallStack": [],
        "unreachableTime": 101,
        "unreachableSite": "end of program",
        "staleness": 0,
        "lastUseTime": 101,
        "lastUseSite": {
          "sourceFileId": 0,
          "iid": 0
        },
        "shallowSize": 1,
        "type": "DOM"
      },
      {
        "objectId": 16,
        "creationTime": 34,
        "creationCallStack": [],
        "unreachableTime": 101,
        "unreachableSite": "end of program",
        "staleness": 0,
        "lastUseTime": 101,
        "lastUseSite": {
          "sourceFileId": 0,
          "iid": 0
        },
        "shallowSize": 1,
        "type": "DOM"
      },
      {
        "objectId": 17,
        "creationTime": 36,
        "creationCallStack": [],
        "unreachableTime": 101,
        "unreachableSite": "end of program",
        "staleness": 0,
        "lastUseTime": 101,
        "lastUseSite": {
          "sourceFileId": 0,
          "iid": 0
        },
        "shallowSize": 1,
        "type": "DOM"
      },
      {
        "objectId": 18,
        "creationTime": 38,
        "creationCallStack": [],
        "unreachableTime": 101,
        "unreachableSite": "end of program",
        "staleness": 0,
        "lastUseTime": 101,
        "lastUseSite": {
          "sourceFileId": 0,
          "iid": 0
        },
        "shallowSize": 1,
        "type": "DOM"
      },
      {
        "objectId": 19,
        "creationTime": 40,
        "creationCallStack": [],
        "unreachableTime": 101,
        "unreachableSite": "end of program",
        "staleness": 0,
        "lastUseTime": 101,
        "lastUseSite": {
          "sourceFileId": 0,
          "iid": 0
        },
        "shallowSize": 1,
        "type": "DOM"
      },
      {
        "objectId": 20,
        "creationTime": 42,
        "creationCallStack": [],
        "unreachableTime": 101,
        "unreachableSite": "end of program",
        "staleness": 0,
        "lastUseTime": 101,
        "lastUseSite": {
          "sourceFileId": 0,
          "iid": 0
        },
        "shallowSize": 1,
        "type": "DOM"
      },
      {
        "objectId": 21,
        "creationTime": 44,
        "creationCallStack": [],
        "unreachableTime": 101,
        "unreachableSite": "end of program",
        "staleness": 0,
        "lastUseTime": 101,
        "lastUseSite": {
          "sourceFileId": 0,
          "iid": 0
        },
        "shallowSize": 2,
        "type": "DOM"
      },
      {
        "objectId": 22,
        "creationTime": 46,
        "creationCallStack": [],
        "unreachableTime": 101,
        "unreachableSite": "end of program",
        "staleness": 0,
        "lastUseTime": 101,
        "lastUseSite": {
          "sourceFileId": 0,
          "iid": 0
        },
        "shallowSize": 1,
        "type": "DOM"
      },
      {
        "objectId": 23,
        "creationTime": 48,
        "creationCallStack": [],
        "unreachableTime": 101,
        "unreachableSite": "end of program",
        "staleness": 0,
        "lastUseTime": 101,
        "lastUseSite": {
          "sourceFileId": 0,
          "iid": 0
        },
        "shallowSize": 1,
        "type": "DOM"
      },
      {
        "objectId": 24,
        "creationTime": 50,
        "creationCallStack": [],
        "unreachableTime": 101,
        "unreachableSite": "end of program",
        "staleness": 0,
        "lastUseTime": 101,
        "lastUseSite": {
          "sourceFileId": 0,
          "iid": 0
        },
        "shallowSize": 1,
        "type": "DOM"
      },
      {
        "objectId": 25,
        "creationTime": 52,
        "creationCallStack": [],
        "unreachableTime": 101,
        "unreachableSite": "end of program",
        "staleness": 0,
        "lastUseTime": 101,
        "lastUseSite": {
          "sourceFileId": 0,
          "iid": 0
        },
        "shallowSize": 1,
        "type": "DOM"
      },
      {
        "objectId": 26,
        "creationTime": 54,
        "creationCallStack": [],
        "unreachableTime": 101,
        "unreachableSite": "end of program",
        "staleness": 0,
        "lastUseTime": 101,
        "lastUseSite": {
          "sourceFileId": 0,
          "iid": 0
        },
        "shallowSize": 1,
        "type": "DOM"
      },
      {
        "objectId": 27,
        "creationTime": 56,
        "creationCallStack": [],
        "unreachableTime": 101,
        "unreachableSite": "end of program",
        "staleness": 0,
        "lastUseTime": 101,
        "lastUseSite": {
          "sourceFileId": 0,
          "iid": 0
        },
        "shallowSize": 1,
        "type": "DOM"
      },
      {
        "objectId": 28,
        "creationTime": 58,
        "creationCallStack": [],
        "unreachableTime": 101,
        "unreachableSite": "end of program",
        "staleness": 0,
        "lastUseTime": 101,
        "lastUseSite": {
          "sourceFileId": 0,
          "iid": 0
        },
        "shallowSize": 6,
        "type": "DOM"
      },
      {
        "objectId": 29,
        "creationTime": 60,
        "creationCallStack": [],
        "unreachableTime": 101,
        "unreachableSite": "end of program",
        "staleness": 0,
        "lastUseTime": 101,
        "lastUseSite": {
          "sourceFileId": 0,
          "iid": 0
        },
        "shallowSize": 1,
        "type": "DOM"
      },
      {
        "objectId": 30,
        "creationTime": 62,
        "creationCallStack": [],
        "unreachableTime": 101,
        "unreachableSite": "end of program",
        "staleness": 0,
        "lastUseTime": 101,
        "lastUseSite": {
          "sourceFileId": 0,
          "iid": 0
        },
        "shallowSize": 8,
        "type": "DOM"
      },
      {
        "objectId": 31,
        "creationTime": 64,
        "creationCallStack": [],
        "unreachableTime": 101,
        "unreachableSite": "end of program",
        "staleness": 0,
        "lastUseTime": 101,
        "lastUseSite": {
          "sourceFileId": 0,
          "iid": 0
        },
        "shallowSize": 1,
        "type": "DOM"
      },
      {
        "objectId": 32,
        "creationTime": 66,
        "creationCallStack": [],
        "unreachableTime": 101,
        "unreachableSite": "end of program",
        "staleness": 0,
        "lastUseTime": 101,
        "lastUseSite": {
          "sourceFileId": 0,
          "iid": 0
        },
        "shallowSize": 2,
        "type": "DOM"
      },
      {
        "objectId": 33,
        "creationTime": 68,
        "creationCallStack": [],
        "unreachableTime": 101,
        "unreachableSite": "end of program",
        "staleness": 0,
        "lastUseTime": 101,
        "lastUseSite": {
          "sourceFileId": 0,
          "iid": 0
        },
        "shallowSize": 1,
        "type": "DOM"
      },
      {
        "objectId": 34,
        "creationTime": 70,
        "creationCallStack": [],
        "unreachableTime": 101,
        "unreachableSite": "end of program",
        "staleness": 0,
        "lastUseTime": 101,
        "lastUseSite": {
          "sourceFileId": 0,
          "iid": 0
        },
        "shallowSize": 1,
        "type": "DOM"
      },
      {
        "objectId": 35,
        "creationTime": 72,
        "creationCallStack": [],
        "unreachableTime": 101,
        "unreachableSite": "end of program",
        "staleness": 0,
        "lastUseTime": 101,
        "lastUseSite": {
          "sourceFileId": 0,
          "iid": 0
        },
        "shallowSize": 2,
        "type": "DOM"
      },
      {
        "objectId": 36,
        "creationTime": 74,
        "creationCallStack": [],
        "unreachableTime": 101,
        "unreachableSite": "end of program",
        "staleness": 0,
        "lastUseTime": 101,
        "lastUseSite": {
          "sourceFileId": 0,
          "iid": 0
        },
        "shallowSize": 1,
        "type": "DOM"
      },
      {
        "objectId": 37,
        "creationTime": 76,
        "creationCallStack": [],
        "unreachableTime": 101,
        "unreachableSite": "end of program",
        "staleness": 0,
        "lastUseTime": 101,
        "lastUseSite": {
          "sourceFileId": 0,
          "iid": 0
        },
        "shallowSize": 1,
        "type": "DOM"
      },
      {
        "objectId": 38,
        "creationTime": 78,
        "creationCallStack": [],
        "unreachableTime": 101,
        "unreachableSite": "end of program",
        "staleness": 0,
        "lastUseTime": 101,
        "lastUseSite": {
          "sourceFileId": 0,
          "iid": 0
        },
        "shallowSize": 2,
        "type": "DOM"
      },
      {
        "objectId": 39,
        "creationTime": 80,
        "creationCallStack": [],
        "unreachableTime": 101,
        "unreachableSite": "end of program",
        "staleness": 0,
        "lastUseTime": 101,
        "lastUseSite": {
          "sourceFileId": 0,
          "iid": 0
        },
        "shallowSize": 1,
        "type": "DOM"
      },
      {
        "objectId": 40,
        "creationTime": 82,
        "creationCallStack": [],
        "unreachableTime": 101,
        "unreachableSite": "end of program",
        "staleness": 0,
        "lastUseTime": 101,
        "lastUseSite": {
          "sourceFileId": 0,
          "iid": 0
        },
        "shallowSize": 1,
        "type": "DOM"
      },
      {
        "objectId": 41,
        "creationTime": 84,
        "creationCallStack": [],
        "unreachableTime": 101,
        "unreachableSite": "end of program",
        "staleness": 0,
        "lastUseTime": 101,
        "lastUseSite": {
          "sourceFileId": 0,
          "iid": 0
        },
        "shallowSize": 1,
        "type": "DOM"
      },
      {
        "objectId": 42,
        "creationTime": 86,
        "creationCallStack": [],
        "unreachableTime": 101,
        "unreachableSite": "end of program",
        "staleness": 0,
        "lastUseTime": 101,
        "lastUseSite": {
          "sourceFileId": 0,
          "iid": 0
        },
        "shallowSize": 1,
        "type": "DOM"
      },
      {
        "objectId": 43,
        "creationTime": 88,
        "creationCallStack": [],
        "unreachableTime": 101,
        "unreachableSite": "end of program",
        "staleness": 0,
        "lastUseTime": 101,
        "lastUseSite": {
          "sourceFileId": 0,
          "iid": 0
        },
        "shallowSize": 1,
        "type": "DOM"
      }
    ]
  }
}