testeval_orig_.js:21:1:21:13 : RC(testeval_orig_.js:19:9:19:11) = 2
testeval_orig_.js:25:1:25:13 : RC(testeval_orig_.js:19:9:19:11) = 1
{
  "functionTrace": [
    [
      0,
      15,
      9
    ],
    [
      1,
      16,
      169
    ],
    [
      0,
      21,
      21
    ],
    [
      1,
      24,
      61
    ],
    [
      0,
      27,
      9
    ],
    [
      1,
      28,
      169
    ]
  ],
  "objectInfo": {
    "initial DOM": [
      {
        "objectId": 7,
        "creationTime": 31,
        "creationCallStack": [],
        "unreachableTime": 96,
        "unreachableSite": "end of program",
        "staleness": 65,
        "lastUseTime": "never used",
        "lastUseSite": "never used",
        "shallowSize": 2,
        "type": "DOM"
      },
      {
        "objectId": 8,
        "creationTime": 33,
        "creationCallStack": [],
        "unreachableTime": 96,
        "unreachableSite": "end of program",
        "staleness": 0,
        "lastUseTime": 96,
        "lastUseSite": 0,
        "shallowSize": 4,
        "type": "DOM"
      },
      {
        "objectId": 9,
        "creationTime": 36,
        "creationCallStack": [],
        "unreachableTime": 96,
        "unreachableSite": "end of program",
        "staleness": 0,
        "lastUseTime": 96,
        "lastUseSite": 0,
        "shallowSize": 20,
        "type": "DOM"
      },
      {
        "objectId": 10,
        "creationTime": 38,
        "creationCallStack": [],
        "unreachableTime": 96,
        "unreachableSite": "end of program",
        "staleness": 0,
        "lastUseTime": 96,
        "lastUseSite": 0,
        "shallowSize": 2,
        "type": "DOM"
      },
      {
        "objectId": 11,
        "creationTime": 40,
        "creationCallStack": [],
        "unreachableTime": 96,
        "unreachableSite": "end of program",
        "staleness": 0,
        "lastUseTime": 96,
        "lastUseSite": 0,
        "shallowSize": 1,
        "type": "DOM"
      },
      {
        "objectId": 12,
        "creationTime": 42,
        "creationCallStack": [],
        "unreachableTime": 96,
        "unreachableSite": "end of program",
        "staleness": 0,
        "lastUseTime": 96,
        "lastUseSite": 0,
        "shallowSize": 2,
        "type": "DOM"
      },
      {
        "objectId": 13,
        "creationTime": 44,
        "creationCallStack": [],
        "unreachableTime": 96,
        "unreachableSite": "end of program",
        "staleness": 0,
        "lastUseTime": 96,
        "lastUseSite": 0,
        "shallowSize": 1,
        "type": "DOM"
      },
      {
        "objectId": 14,
        "creationTime": 46,
        "creationCallStack": [],
        "unreachableTime": 96,
        "unreachableSite": "end of program",
        "staleness": 0,
        "lastUseTime": 96,
        "lastUseSite": 0,
        "shallowSize": 2,
        "type": "DOM"
      },
      {
        "objectId": 15,
        "creationTime": 48,
        "creationCallStack": [],
        "unreachableTime": 96,
        "unreachableSite": "end of program",
        "staleness": 0,
        "lastUseTime": 96,
        "lastUseSite": 0,
        "shallowSize": 1,
        "type": "DOM"
      },
      {
        "objectId": 16,
        "creationTime": 50,
        "creationCallStack": [],
        "unreachableTime": 96,
        "unreachableSite": "end of program",
        "staleness": 0,
        "lastUseTime": 96,
        "lastUseSite": 0,
        "shallowSize": 1,
        "type": "DOM"
      },
      {
        "objectId": 17,
        "creationTime": 52,
        "creationCallStack": [],
        "unreachableTime": 96,
        "unreachableSite": "end of program",
        "staleness": 0,
        "lastUseTime": 96,
        "lastUseSite": 0,
        "shallowSize": 1,
        "type": "DOM"
      },
      {
        "objectId": 18,
        "creationTime": 54,
        "creationCallStack": [],
        "unreachableTime": 96,
        "unreachableSite": "end of program",
        "staleness": 0,
        "lastUseTime": 96,
        "lastUseSite": 0,
        "shallowSize": 1,
        "type": "DOM"
      },
      {
        "objectId": 19,
        "creationTime": 56,
        "creationCallStack": [],
        "unreachableTime": 96,
        "unreachableSite": "end of program",
        "staleness": 0,
        "lastUseTime": 96,
        "lastUseSite": 0,
        "shallowSize": 1,
        "type": "DOM"
      },
      {
        "objectId": 20,
        "creationTime": 58,
        "creationCallStack": [],
        "unreachableTime": 96,
        "unreachableSite": "end of program",
        "staleness": 0,
        "lastUseTime": 96,
        "lastUseSite": 0,
        "shallowSize": 1,
        "type": "DOM"
      },
      {
        "objectId": 21,
        "creationTime": 60,
        "creationCallStack": [],
        "unreachableTime": 96,
        "unreachableSite": "end of program",
        "staleness": 0,
        "lastUseTime": 96,
        "lastUseSite": 0,
        "shallowSize": 1,
        "type": "DOM"
      },
      {
        "objectId": 22,
        "creationTime": 62,
        "creationCallStack": [],
        "unreachableTime": 96,
        "unreachableSite": "end of program",
        "staleness": 0,
        "lastUseTime": 96,
        "lastUseSite": 0,
        "shallowSize": 1,
        "type": "DOM"
      },
      {
        "objectId": 23,
        "creationTime": 64,
        "creationCallStack": [],
        "unreachableTime": 96,
        "unreachableSite": "end of program",
        "staleness": 0,
        "lastUseTime": 96,
        "lastUseSite": 0,
        "shallowSize": 1,
        "type": "DOM"
      },
      {
        "objectId": 24,
        "creationTime": 66,
        "creationCallStack": [],
        "unreachableTime": 96,
        "unreachableSite": "end of program",
        "staleness": 0,
        "lastUseTime": 96,
        "lastUseSite": 0,
        "shallowSize": 1,
        "type": "DOM"
      },
      {
        "objectId": 25,
        "creationTime": 68,
        "creationCallStack": [],
        "unreachableTime": 96,
        "unreachableSite": "end of program",
        "staleness": 0,
        "lastUseTime": 96,
        "lastUseSite": 0,
        "shallowSize": 1,
        "type": "DOM"
      },
      {
        "objectId": 26,
        "creationTime": 70,
        "creationCallStack": [],
        "unreachableTime": 96,
        "unreachableSite": "end of program",
        "staleness": 0,
        "lastUseTime": 96,
        "lastUseSite": 0,
        "shallowSize": 1,
        "type": "DOM"
      },
      {
        "objectId": 27,
        "creationTime": 72,
        "creationCallStack": [],
        "unreachableTime": 96,
        "unreachableSite": "end of program",
        "staleness": 0,
        "lastUseTime": 96,
        "lastUseSite": 0,
        "shallowSize": 2,
        "type": "DOM"
      },
      {
        "objectId": 28,
        "creationTime": 74,
        "creationCallStack": [],
        "unreachableTime": 96,
        "unreachableSite": "end of program",
        "staleness": 0,
        "lastUseTime": 96,
        "lastUseSite": 0,
        "shallowSize": 1,
        "type": "DOM"
      },
      {
        "objectId": 29,
        "creationTime": 76,
        "creationCallStack": [],
        "unreachableTime": 96,
        "unreachableSite": "end of program",
        "staleness": 0,
        "lastUseTime": 96,
        "lastUseSite": 0,
        "shallowSize": 1,
        "type": "DOM"
      },
      {
        "objectId": 30,
        "creationTime": 78,
        "creationCallStack": [],
        "unreachableTime": 96,
        "unreachableSite": "end of program",
        "staleness": 0,
        "lastUseTime": 96,
        "lastUseSite": 0,
        "shallowSize": 1,
        "type": "DOM"
      },
      {
        "objectId": 31,
        "creationTime": 80,
        "creationCallStack": [],
        "unreachableTime": 96,
        "unreachableSite": "end of program",
        "staleness": 0,
        "lastUseTime": 96,
        "lastUseSite": 0,
        "shallowSize": 1,
        "type": "DOM"
      },
      {
        "objectId": 32,
        "creationTime": 82,
        "creationCallStack": [],
        "unreachableTime": 96,
        "unreachableSite": "end of program",
        "staleness": 0,
        "lastUseTime": 96,
        "lastUseSite": 0,
        "shallowSize": 1,
        "type": "DOM"
      },
      {
        "objectId": 33,
        "creationTime": 84,
        "creationCallStack": [],
        "unreachableTime": 96,
        "unreachableSite": "end of program",
        "staleness": 0,
        "lastUseTime": 96,
        "lastUseSite": 0,
        "shallowSize": 1,
        "type": "DOM"
      },
      {
        "objectId": 34,
        "creationTime": 86,
        "creationCallStack": [],
        "unreachableTime": 96,
        "unreachableSite": "end of program",
        "staleness": 0,
        "lastUseTime": 96,
        "lastUseSite": 0,
        "shallowSize": 4,
        "type": "DOM"
      },
      {
        "objectId": 35,
        "creationTime": 88,
        "creationCallStack": [],
        "unreachableTime": 96,
        "unreachableSite": "end of program",
        "staleness": 0,
        "lastUseTime": 96,
        "lastUseSite": 0,
        "shallowSize": 1,
        "type": "DOM"
      },
      {
        "objectId": 36,
        "creationTime": 90,
        "creationCallStack": [],
        "unreachableTime": 96,
        "unreachableSite": "end of program",
        "staleness": 0,
        "lastUseTime": 96,
        "lastUseSite": 0,
        "shallowSize": 1,
        "type": "DOM"
      },
      {
        "objectId": 37,
        "creationTime": 92,
        "creationCallStack": [],
        "unreachableTime": 96,
        "unreachableSite": "end of program",
        "staleness": 0,
        "lastUseTime": 96,
        "lastUseSite": 0,
        "shallowSize": 1,
        "type": "DOM"
      }
    ],
    "testeval_orig_.js:16:1:16:24": [
      {
        "objectId": 2,
        "creationTime": 2,
        "creationCallStack": [],
        "unreachableTime": 96,
        "unreachableSite": "end of program",
        "staleness": 68,
        "lastUseTime": 28,
        "lastUseSite": 89,
        "shallowSize": 2,
        "type": "FUNCTION"
      },
      {
        "objectId": 3,
        "creationTime": 2,
        "creationCallStack": [],
        "unreachableTime": 96,
        "unreachableSite": "end of program",
        "staleness": 94,
        "lastUseTime": "never used",
        "lastUseSite": "never used",
        "shallowSize": 1,
        "type": "PROTOTYPE"
      }
    ],
    "testeval_orig_.js:19:9:19:11": [
      {
        "objectId": 4,
        "creationTime": 9,
        "creationCallStack": [],
        "unreachableTime": 96,
        "unreachableSite": "end of program",
        "staleness": 87,
        "lastUseTime": "never used",
        "lastUseSite": "never used",
        "shallowSize": 1,
        "type": "OBJECT"
      }
    ],
    "unknown": [
      {
        "objectId": 5,
        "creationTime": 18,
        "creationCallStack": [],
        "unreachableTime": 96,
        "unreachableSite": "end of program",
        "staleness": 72,
        "lastUseTime": 24,
        "lastUseSite": 81,
        "shallowSize": 2,
        "type": "FUNCTION"
      },
      {
        "objectId": 6,
        "creationTime": 18,
        "creationCallStack": [],
        "unreachableTime": 96,
        "unreachableSite": "end of program",
        "staleness": 78,
        "lastUseTime": "never used",
        "lastUseSite": "never used",
        "shallowSize": 1,
        "type": "PROTOTYPE"
      }
    ]
  }
}