checknode_orig_.js:22:9:22:23 : RC(initial DOM) = 1
{
  "functionTrace": [
    [
      0,
      5,
      1,
      201
    ],
    [
      1,
      17,
      1,
      345
    ],
    [
      0,
      166,
      1,
      145
    ],
    [
      1,
      171,
      1,
      329
    ],
    [
      0,
      176,
      1,
      41
    ],
    [
      0,
      178,
      1,
      9
    ],
    [
      1,
      179,
      1,
      297
    ],
    [
      1,
      181,
      1,
      313
    ]
  ],
  "objectInfo": {
    "checknode_orig_.js:16:1:16:24": [
      {
        "objectId": 2,
        "creationTime": 2,
        "creationCallStack": [],
        "unreachableTime": 183,
        "unreachableSite": "end of program",
        "staleness": 4,
        "lastUseTime": 179,
        "lastUseSite": {
          "sourceFileId": 1,
          "iid": 25
        },
        "shallowSize": 2,
        "type": "FUNCTION"
      },
      {
        "objectId": 3,
        "creationTime": 2,
        "creationCallStack": [],
        "unreachableTime": 183,
        "unreachableSite": "end of program",
        "staleness": 181,
        "lastUseTime": "never used",
        "lastUseSite": "never used",
        "shallowSize": 1,
        "type": "PROTOTYPE"
      }
    ],
    "checknode_orig_.js:18:1:31:3": [
      {
        "objectId": 4,
        "creationTime": 4,
        "creationCallStack": [],
        "unreachableTime": 18,
        "unreachableSite": "checknode_orig_.js:18:1:31:6",
        "staleness": 1,
        "lastUseTime": 17,
        "lastUseSite": {
          "sourceFileId": 1,
          "iid": 249
        },
        "shallowSize": 2,
        "type": "FUNCTION"
      },
      {
        "objectId": 5,
        "creationTime": 4,
        "creationCallStack": [],
        "unreachableTime": 18,
        "unreachableSite": "checknode_orig_.js:18:1:31:6",
        "staleness": 14,
        "lastUseTime": "never used",
        "lastUseSite": "never used",
        "shallowSize": 1,
        "type": "PROTOTYPE"
      }
    ],
    "checknode_orig_.js:21:15:23:6": [
      {
        "objectId": 6,
        "creationTime": 9,
        "creationCallStack": [
          {
            "sourceFileId": 1,
            "iid": 249
          }
        ],
        "unreachableTime": 182,
        "unreachableSite": "checknode_orig_.js:21:15:23:6",
        "staleness": 6,
        "lastUseTime": 176,
        "lastUseSite": {
          "sourceFileId": 1,
          "iid": 41
        },
        "shallowSize": 3,
        "type": "FUNCTION"
      },
      {
        "objectId": 7,
        "creationTime": 9,
        "creationCallStack": [
          {
            "sourceFileId": 1,
            "iid": 249
          }
        ],
        "unreachableTime": 182,
        "unreachableSite": "checknode_orig_.js:21:15:23:6",
        "staleness": 173,
        "lastUseTime": "never used",
        "lastUseSite": "never used",
        "shallowSize": 1,
        "type": "PROTOTYPE"
      }
    ],
    "checknode_orig_.js:24:15:28:6": [
      {
        "objectId": 8,
        "creationTime": 12,
        "creationCallStack": [
          {
            "sourceFileId": 1,
            "iid": 249
          }
        ],
        "unreachableTime": 173,
        "unreachableSite": "checknode_orig_.js:24:15:28:6",
        "staleness": 7,
        "lastUseTime": 166,
        "lastUseSite": {
          "sourceFileId": 1,
          "iid": 145
        },
        "shallowSize": 3,
        "type": "FUNCTION"
      },
      {
        "objectId": 9,
        "creationTime": 12,
        "creationCallStack": [
          {
            "sourceFileId": 1,
            "iid": 249
          }
        ],
        "unreachableTime": 173,
        "unreachableSite": "checknode_orig_.js:24:15:28:6",
        "staleness": 161,
        "lastUseTime": "never used",
        "lastUseSite": "never used",
        "shallowSize": 1,
        "type": "PROTOTYPE"
      }
    ],
    "initial DOM": [
      {
        "objectId": 10,
        "creationTime": 20,
        "creationCallStack": [],
        "unreachableTime": 183,
        "unreachableSite": "end of program",
        "staleness": 17,
        "lastUseTime": 166,
        "lastUseSite": {
          "sourceFileId": 1,
          "iid": 83
        },
        "shallowSize": 2,
        "type": "DOM"
      },
      {
        "objectId": 11,
        "creationTime": 22,
        "creationCallStack": [],
        "unreachableTime": 183,
        "unreachableSite": "end of program",
        "staleness": 0,
        "lastUseTime": 183,
        "lastUseSite": "removed from DOM",
        "shallowSize": 4,
        "type": "DOM"
      },
      {
        "objectId": 12,
        "creationTime": 25,
        "creationCallStack": [],
        "unreachableTime": 183,
        "unreachableSite": "end of program",
        "staleness": 0,
        "lastUseTime": 183,
        "lastUseSite": "removed from DOM",
        "shallowSize": 52,
        "type": "DOM"
      },
      {
        "objectId": 13,
        "creationTime": 27,
        "creationCallStack": [],
        "unreachableTime": 183,
        "unreachableSite": "end of program",
        "staleness": 0,
        "lastUseTime": 183,
        "lastUseSite": "removed from DOM",
        "shallowSize": 1,
        "type": "DOM"
      },
      {
        "objectId": 14,
        "creationTime": 29,
        "creationCallStack": [],
        "unreachableTime": 183,
        "unreachableSite": "end of program",
        "staleness": 0,
        "lastUseTime": 183,
        "lastUseSite": "removed from DOM",
        "shallowSize": 1,
        "type": "DOM"
      },
      {
        "objectId": 15,
        "creationTime": 31,
        "creationCallStack": [],
        "unreachableTime": 183,
        "unreachableSite": "end of program",
        "staleness": 0,
        "lastUseTime": 183,
        "lastUseSite": "removed from DOM",
        "shallowSize": 1,
        "type": "DOM"
      },
      {
        "objectId": 16,
        "creationTime": 33,
        "creationCallStack": [],
        "unreachableTime": 183,
        "unreachableSite": "end of program",
        "staleness": 0,
        "lastUseTime": 183,
        "lastUseSite": "removed from DOM",
        "shallowSize": 1,
        "type": "DOM"
      },
      {
        "objectId": 17,
        "creationTime": 35,
        "creationCallStack": [],
        "unreachableTime": 183,
        "unreachableSite": "end of program",
        "staleness": 0,
        "lastUseTime": 183,
        "lastUseSite": "removed from DOM",
        "shallowSize": 1,
        "type": "DOM"
      },
      {
        "objectId": 18,
        "creationTime": 37,
        "creationCallStack": [],
        "unreachableTime": 183,
        "unreachableSite": "end of program",
        "staleness": 0,
        "lastUseTime": 183,
        "lastUseSite": "removed from DOM",
        "shallowSize": 1,
        "type": "DOM"
      },
      {
        "objectId": 19,
        "creationTime": 39,
        "creationCallStack": [],
        "unreachableTime": 183,
        "unreachableSite": "end of program",
        "staleness": 0,
        "lastUseTime": 183,
        "lastUseSite": "removed from DOM",
        "shallowSize": 1,
        "type": "DOM"
      },
      {
        "objectId": 20,
        "creationTime": 41,
        "creationCallStack": [],
        "unreachableTime": 183,
        "unreachableSite": "end of program",
        "staleness": 0,
        "lastUseTime": 183,
        "lastUseSite": "removed from DOM",
        "shallowSize": 1,
        "type": "DOM"
      },
      {
        "objectId": 21,
        "creationTime": 43,
        "creationCallStack": [],
        "unreachableTime": 183,
        "unreachableSite": "end of program",
        "staleness": 0,
        "lastUseTime": 183,
        "lastUseSite": "removed from DOM",
        "shallowSize": 1,
        "type": "DOM"
      },
      {
        "objectId": 22,
        "creationTime": 45,
        "creationCallStack": [],
        "unreachableTime": 183,
        "unreachableSite": "end of program",
        "staleness": 0,
        "lastUseTime": 183,
        "lastUseSite": "removed from DOM",
        "shallowSize": 1,
        "type": "DOM"
      },
      {
        "objectId": 23,
        "creationTime": 47,
        "creationCallStack": [],
        "unreachableTime": 183,
        "unreachableSite": "end of program",
        "staleness": 0,
        "lastUseTime": 183,
        "lastUseSite": "removed from DOM",
        "shallowSize": 1,
        "type": "DOM"
      },
      {
        "objectId": 24,
        "creationTime": 49,
        "creationCallStack": [],
        "unreachableTime": 183,
        "unreachableSite": "end of program",
        "staleness": 0,
        "lastUseTime": 183,
        "lastUseSite": "removed from DOM",
        "shallowSize": 1,
        "type": "DOM"
      },
      {
        "objectId": 25,
        "creationTime": 51,
        "creationCallStack": [],
        "unreachableTime": 183,
        "unreachableSite": "end of program",
        "staleness": 0,
        "lastUseTime": 183,
        "lastUseSite": "removed from DOM",
        "shallowSize": 1,
        "type": "DOM"
      },
      {
        "objectId": 26,
        "creationTime": 53,
        "creationCallStack": [],
        "unreachableTime": 183,
        "unreachableSite": "end of program",
        "staleness": 0,
        "lastUseTime": 183,
        "lastUseSite": "removed from DOM",
        "shallowSize": 1,
        "type": "DOM"
      },
      {
        "objectId": 27,
        "creationTime": 55,
        "creationCallStack": [],
        "unreachableTime": 183,
        "unreachableSite": "end of program",
        "staleness": 0,
        "lastUseTime": 183,
        "lastUseSite": "removed from DOM",
        "shallowSize": 1,
        "type": "DOM"
      },
      {
        "objectId": 28,
        "creationTime": 57,
        "creationCallStack": [],
        "unreachableTime": 183,
        "unreachableSite": "end of program",
        "staleness": 0,
        "lastUseTime": 183,
        "lastUseSite": "removed from DOM",
        "shallowSize": 1,
        "type": "DOM"
      },
      {
        "objectId": 29,
        "creationTime": 59,
        "creationCallStack": [],
        "unreachableTime": 183,
        "unreachableSite": "end of program",
        "staleness": 0,
        "lastUseTime": 183,
        "lastUseSite": "removed from DOM",
        "shallowSize": 1,
        "type": "DOM"
      },
      {
        "objectId": 30,
        "creationTime": 61,
        "creationCallStack": [],
        "unreachableTime": 183,
        "unreachableSite": "end of program",
        "staleness": 0,
        "lastUseTime": 183,
        "lastUseSite": "removed from DOM",
        "shallowSize": 1,
        "type": "DOM"
      },
      {
        "objectId": 31,
        "creationTime": 63,
        "creationCallStack": [],
        "unreachableTime": 183,
        "unreachableSite": "end of program",
        "staleness": 0,
        "lastUseTime": 183,
        "lastUseSite": "removed from DOM",
        "shallowSize": 1,
        "type": "DOM"
      },
      {
        "objectId": 32,
        "creationTime": 65,
        "creationCallStack": [],
        "unreachableTime": 183,
        "unreachableSite": "end of program",
        "staleness": 0,
        "lastUseTime": 183,
        "lastUseSite": "removed from DOM",
        "shallowSize": 1,
        "type": "DOM"
      },
      {
        "objectId": 33,
        "creationTime": 67,
        "creationCallStack": [],
        "unreachableTime": 183,
        "unreachableSite": "end of program",
        "staleness": 0,
        "lastUseTime": 183,
        "lastUseSite": "removed from DOM",
        "shallowSize": 1,
        "type": "DOM"
      },
      {
        "objectId": 34,
        "creationTime": 69,
        "creationCallStack": [],
        "unreachableTime": 183,
        "unreachableSite": "end of program",
        "staleness": 0,
        "lastUseTime": 183,
        "lastUseSite": "removed from DOM",
        "shallowSize": 1,
        "type": "DOM"
      },
      {
        "objectId": 35,
        "creationTime": 71,
        "creationCallStack": [],
        "unreachableTime": 183,
        "unreachableSite": "end of program",
        "staleness": 0,
        "lastUseTime": 183,
        "lastUseSite": "removed from DOM",
        "shallowSize": 1,
        "type": "DOM"
      },
      {
        "objectId": 36,
        "creationTime": 73,
        "creationCallStack": [],
        "unreachableTime": 183,
        "unreachableSite": "end of program",
        "staleness": 0,
        "lastUseTime": 183,
        "lastUseSite": "removed from DOM",
        "shallowSize": 1,
        "type": "DOM"
      },
      {
        "objectId": 37,
        "creationTime": 75,
        "creationCallStack": [],
        "unreachableTime": 183,
        "unreachableSite": "end of program",
        "staleness": 0,
        "lastUseTime": 183,
        "lastUseSite": "removed from DOM",
        "shallowSize": 1,
        "type": "DOM"
      },
      {
        "objectId": 38,
        "creationTime": 77,
        "creationCallStack": [],
        "unreachableTime": 183,
        "unreachableSite": "end of program",
        "staleness": 0,
        "lastUseTime": 183,
        "lastUseSite": "removed from DOM",
        "shallowSize": 1,
        "type": "DOM"
      },
      {
        "objectId": 39,
        "creationTime": 79,
        "creationCallStack": [],
        "unreachableTime": 183,
        "unreachableSite": "end of program",
        "staleness": 0,
        "lastUseTime": 183,
        "lastUseSite": "removed from DOM",
        "shallowSize": 1,
        "type": "DOM"
      },
      {
        "objectId": 40,
        "creationTime": 81,
        "creationCallStack": [],
        "unreachableTime": 183,
        "unreachableSite": "end of program",
        "staleness": 0,
        "lastUseTime": 183,
        "lastUseSite": "removed from DOM",
        "shallowSize": 1,
        "type": "DOM"
      },
      {
        "objectId": 41,
        "creationTime": 83,
        "creationCallStack": [],
        "unreachableTime": 183,
        "unreachableSite": "end of program",
        "staleness": 0,
        "lastUseTime": 183,
        "lastUseSite": "removed from DOM",
        "shallowSize": 1,
        "type": "DOM"
      },
      {
        "objectId": 42,
        "creationTime": 85,
        "creationCallStack": [],
        "unreachableTime": 183,
        "unreachableSite": "end of program",
        "staleness": 0,
        "lastUseTime": 183,
        "lastUseSite": "removed from DOM",
        "shallowSize": 1,
        "type": "DOM"
      },
      {
        "objectId": 43,
        "creationTime": 87,
        "creationCallStack": [],
        "unreachableTime": 183,
        "unreachableSite": "end of program",
        "staleness": 0,
        "lastUseTime": 183,
        "lastUseSite": "removed from DOM",
        "shallowSize": 1,
        "type": "DOM"
      },
      {
        "objectId": 44,
        "creationTime": 89,
        "creationCallStack": [],
        "unreachableTime": 183,
        "unreachableSite": "end of program",
        "staleness": 0,
        "lastUseTime": 183,
        "lastUseSite": "removed from DOM",
        "shallowSize": 1,
        "type": "DOM"
      },
      {
        "objectId": 45,
        "creationTime": 91,
        "creationCallStack": [],
        "unreachableTime": 183,
        "unreachableSite": "end of program",
        "staleness": 0,
        "lastUseTime": 183,
        "lastUseSite": "removed from DOM",
        "shallowSize": 1,
        "type": "DOM"
      },
      {
        "objectId": 46,
        "creationTime": 93,
        "creationCallStack": [],
        "unreachableTime": 183,
        "unreachableSite": "end of program",
        "staleness": 0,
        "lastUseTime": 183,
        "lastUseSite": "removed from DOM",
        "shallowSize": 1,
        "type": "DOM"
      },
      {
        "objectId": 47,
        "creationTime": 95,
        "creationCallStack": [],
        "unreachableTime": 183,
        "unreachableSite": "end of program",
        "staleness": 0,
        "lastUseTime": 183,
        "lastUseSite": "removed from DOM",
        "shallowSize": 1,
        "type": "DOM"
      },
      {
        "objectId": 48,
        "creationTime": 97,
        "creationCallStack": [],
        "unreachableTime": 183,
        "unreachableSite": "end of program",
        "staleness": 0,
        "lastUseTime": 183,
        "lastUseSite": "removed from DOM",
        "shallowSize": 1,
        "type": "DOM"
      },
      {
        "objectId": 49,
        "creationTime": 99,
        "creationCallStack": [],
        "unreachableTime": 183,
        "unreachableSite": "end of program",
        "staleness": 0,
        "lastUseTime": 183,
        "lastUseSite": "removed from DOM",
        "shallowSize": 1,
        "type": "DOM"
      },
      {
        "objectId": 50,
        "creationTime": 101,
        "creationCallStack": [],
        "unreachableTime": 183,
        "unreachableSite": "end of program",
        "staleness": 0,
        "lastUseTime": 183,
        "lastUseSite": "removed from DOM",
        "shallowSize": 1,
        "type": "DOM"
      },
      {
        "objectId": 51,
        "creationTime": 103,
        "creationCallStack": [],
        "unreachableTime": 183,
        "unreachableSite": "end of program",
        "staleness": 0,
        "lastUseTime": 183,
        "lastUseSite": "removed from DOM",
        "shallowSize": 1,
        "type": "DOM"
      },
      {
        "objectId": 52,
        "creationTime": 105,
        "creationCallStack": [],
        "unreachableTime": 183,
        "unreachableSite": "end of program",
        "staleness": 0,
        "lastUseTime": 183,
        "lastUseSite": "removed from DOM",
        "shallowSize": 1,
        "type": "DOM"
      },
      {
        "objectId": 53,
        "creationTime": 107,
        "creationCallStack": [],
        "unreachableTime": 183,
        "unreachableSite": "end of program",
        "staleness": 0,
        "lastUseTime": 183,
        "lastUseSite": "removed from DOM",
        "shallowSize": 1,
        "type": "DOM"
      },
      {
        "objectId": 54,
        "creationTime": 109,
        "creationCallStack": [],
        "unreachableTime": 183,
        "unreachableSite": "end of program",
        "staleness": 0,
        "lastUseTime": 183,
        "lastUseSite": "removed from DOM",
        "shallowSize": 1,
        "type": "DOM"
      },
      {
        "objectId": 55,
        "creationTime": 111,
        "creationCallStack": [],
        "unreachableTime": 183,
        "unreachableSite": "end of program",
        "staleness": 0,
        "lastUseTime": 183,
        "lastUseSite": "removed from DOM",
        "shallowSize": 1,
        "type": "DOM"
      },
      {
        "objectId": 56,
        "creationTime": 113,
        "creationCallStack": [],
        "unreachableTime": 183,
        "unreachableSite": "end of program",
        "staleness": 0,
        "lastUseTime": 183,
        "lastUseSite": "removed from DOM",
        "shallowSize": 1,
        "type": "DOM"
      },
      {
        "objectId": 57,
        "creationTime": 115,
        "creationCallStack": [],
        "unreachableTime": 183,
        "unreachableSite": "end of program",
        "staleness": 0,
        "lastUseTime": 183,
        "lastUseSite": "removed from DOM",
        "shallowSize": 1,
        "type": "DOM"
      },
      {
        "objectId": 58,
        "creationTime": 117,
        "creationCallStack": [],
        "unreachableTime": 183,
        "unreachableSite": "end of program",
        "staleness": 0,
        "lastUseTime": 183,
        "lastUseSite": "removed from DOM",
        "shallowSize": 1,
        "type": "DOM"
      },
      {
        "objectId": 59,
        "creationTime": 119,
        "creationCallStack": [],
        "unreachableTime": 183,
        "unreachableSite": "end of program",
        "staleness": 0,
        "lastUseTime": 183,
        "lastUseSite": "removed from DOM",
        "shallowSize": 2,
        "type": "DOM"
      },
      {
        "objectId": 60,
        "creationTime": 121,
        "creationCallStack": [],
        "unreachableTime": 183,
        "unreachableSite": "end of program",
        "staleness": 0,
        "lastUseTime": 183,
        "lastUseSite": "removed from DOM",
        "shallowSize": 1,
        "type": "DOM"
      },
      {
        "objectId": 61,
        "creationTime": 123,
        "creationCallStack": [],
        "unreachableTime": 183,
        "unreachableSite": "end of program",
        "staleness": 0,
        "lastUseTime": 183,
        "lastUseSite": "removed from DOM",
        "shallowSize": 1,
        "type": "DOM"
      },
      {
        "objectId": 62,
        "creationTime": 125,
        "creationCallStack": [],
        "unreachableTime": 183,
        "unreachableSite": "end of program",
        "staleness": 0,
        "lastUseTime": 183,
        "lastUseSite": "removed from DOM",
        "shallowSize": 1,
        "type": "DOM"
      },
      {
        "objectId": 63,
        "creationTime": 127,
        "creationCallStack": [],
        "unreachableTime": 183,
        "unreachableSite": "end of program",
        "staleness": 0,
        "lastUseTime": 183,
        "lastUseSite": "removed from DOM",
        "shallowSize": 1,
        "type": "DOM"
      },
      {
        "objectId": 64,
        "creationTime": 129,
        "creationCallStack": [],
        "unreachableTime": 183,
        "unreachableSite": "end of program",
        "staleness": 0,
        "lastUseTime": 183,
        "lastUseSite": "removed from DOM",
        "shallowSize": 1,
        "type": "DOM"
      },
      {
        "objectId": 65,
        "creationTime": 131,
        "creationCallStack": [],
        "unreachableTime": 183,
        "unreachableSite": "end of program",
        "staleness": 0,
        "lastUseTime": 183,
        "lastUseSite": "removed from DOM",
        "shallowSize": 1,
        "type": "DOM"
      },
      {
        "objectId": 66,
        "creationTime": 133,
        "creationCallStack": [],
        "unreachableTime": 183,
        "unreachableSite": "end of program",
        "staleness": 0,
        "lastUseTime": 183,
        "lastUseSite": "removed from DOM",
        "shallowSize": 5,
        "type": "DOM"
      },
      {
        "objectId": 67,
        "creationTime": 135,
        "creationCallStack": [],
        "unreachableTime": 183,
        "unreachableSite": "end of program",
        "staleness": 0,
        "lastUseTime": 183,
        "lastUseSite": "removed from DOM",
        "shallowSize": 1,
        "type": "DOM"
      },
      {
        "objectId": 68,
        "creationTime": 137,
        "creationCallStack": [],
        "unreachableTime": 182,
        "unreachableSite": "checknode_orig_.js:21:15:23:6",
        "staleness": 8,
        "lastUseTime": 174,
        "lastUseSite": "removed from DOM",
        "shallowSize": 8,
        "type": "DOM"
      },
      {
        "objectId": 69,
        "creationTime": 139,
        "creationCallStack": [],
        "unreachableTime": 182,
        "unreachableSite": "checknode_orig_.js:21:15:23:6",
        "staleness": 8,
        "lastUseTime": 174,
        "lastUseSite": "removed from DOM",
        "shallowSize": 1,
        "type": "DOM"
      },
      {
        "objectId": 70,
        "creationTime": 141,
        "creationCallStack": [],
        "unreachableTime": 182,
        "unreachableSite": "checknode_orig_.js:21:15:23:6",
        "staleness": 8,
        "lastUseTime": 174,
        "lastUseSite": "removed from DOM",
        "shallowSize": 2,
        "type": "DOM"
      },
      {
        "objectId": 71,
        "creationTime": 143,
        "creationCallStack": [],
        "unreachableTime": 182,
        "unreachableSite": "checknode_orig_.js:21:15:23:6",
        "staleness": 8,
        "lastUseTime": 174,
        "lastUseSite": "removed from DOM",
        "shallowSize": 1,
        "type": "DOM"
      },
      {
        "objectId": 72,
        "creationTime": 145,
        "creationCallStack": [],
        "unreachableTime": 182,
        "unreachableSite": "checknode_orig_.js:21:15:23:6",
        "staleness": 8,
        "lastUseTime": 174,
        "lastUseSite": "removed from DOM",
        "shallowSize": 1,
        "type": "DOM"
      },
      {
        "objectId": 73,
        "creationTime": 147,
        "creationCallStack": [],
        "unreachableTime": 182,
        "unreachableSite": "checknode_orig_.js:21:15:23:6",
        "staleness": 8,
        "lastUseTime": 174,
        "lastUseSite": "removed from DOM",
        "shallowSize": 2,
        "type": "DOM"
      },
      {
        "objectId": 74,
        "creationTime": 149,
        "creationCallStack": [],
        "unreachableTime": 182,
        "unreachableSite": "checknode_orig_.js:21:15:23:6",
        "staleness": 8,
        "lastUseTime": 174,
        "lastUseSite": "removed from DOM",
        "shallowSize": 1,
        "type": "DOM"
      },
      {
        "objectId": 75,
        "creationTime": 151,
        "creationCallStack": [],
        "unreachableTime": 182,
        "unreachableSite": "checknode_orig_.js:21:15:23:6",
        "staleness": 8,
        "lastUseTime": 174,
        "lastUseSite": "removed from DOM",
        "shallowSize": 1,
        "type": "DOM"
      },
      {
        "objectId": 76,
        "creationTime": 153,
        "creationCallStack": [],
        "unreachableTime": 182,
        "unreachableSite": "checknode_orig_.js:21:15:23:6",
        "staleness": 8,
        "lastUseTime": 174,
        "lastUseSite": "removed from DOM",
        "shallowSize": 2,
        "type": "DOM"
      },
      {
        "objectId": 77,
        "creationTime": 155,
        "creationCallStack": [],
        "unreachableTime": 182,
        "unreachableSite": "checknode_orig_.js:21:15:23:6",
        "staleness": 8,
        "lastUseTime": 174,
        "lastUseSite": "removed from DOM",
        "shallowSize": 1,
        "type": "DOM"
      },
      {
        "objectId": 78,
        "creationTime": 157,
        "creationCallStack": [],
        "unreachableTime": 182,
        "unreachableSite": "checknode_orig_.js:21:15:23:6",
        "staleness": 8,
        "lastUseTime": 174,
        "lastUseSite": "removed from DOM",
        "shallowSize": 1,
        "type": "DOM"
      },
      {
        "objectId": 79,
        "creationTime": 159,
        "creationCallStack": [],
        "unreachableTime": 183,
        "unreachableSite": "end of program",
        "staleness": 0,
        "lastUseTime": 183,
        "lastUseSite": "removed from DOM",
        "shallowSize": 1,
        "type": "DOM"
      },
      {
        "objectId": 80,
        "creationTime": 161,
        "creationCallStack": [],
        "unreachableTime": 183,
        "unreachableSite": "end of program",
        "staleness": 0,
        "lastUseTime": 183,
        "lastUseSite": "removed from DOM",
        "shallowSize": 1,
        "type": "DOM"
      },
      {
        "objectId": 81,
        "creationTime": 163,
        "creationCallStack": [],
        "unreachableTime": 183,
        "unreachableSite": "end of program",
        "staleness": 0,
        "lastUseTime": 183,
        "lastUseSite": "removed from DOM",
        "shallowSize": 1,
        "type": "DOM"
      }
    ]
  }
}