code_orig_.js:22:9:22:28 : RC(code_orig_.js:21:20:26:6) = 2
code_orig_.js:24:9:24:28 : RC(code_orig_.js:21:20:26:6) = 1
{
  "functionTrace": [
    [
      0,
      7,
      1,
      161
    ],
    [
      1,
      14,
      1,
      281
    ],
    [
      0,
      67,
      1,
      105
    ],
    [
      0,
      69,
      1,
      25
    ],
    [
      1,
      70,
      1,
      249
    ],
    [
      0,
      75,
      1,
      25
    ],
    [
      1,
      76,
      1,
      249
    ],
    [
      1,
      78,
      1,
      265
    ]
  ],
  "objectInfo": {
    "code_orig_.js:19:1:19:24": [
      {
        "objectId": 2,
        "creationTime": 3,
        "creationCallStack": [],
        "unreachableTime": 78,
        "unreachableSite": "end of program",
        "staleness": 2,
        "lastUseTime": 76,
        "lastUseSite": {
          "sourceFileId": 1,
          "iid": 73
        },
        "shallowSize": 2,
        "type": "FUNCTION"
      },
      {
        "objectId": 3,
        "creationTime": 3,
        "creationCallStack": [],
        "unreachableTime": 78,
        "unreachableSite": "end of program",
        "staleness": 75,
        "lastUseTime": "never used",
        "lastUseSite": "never used",
        "shallowSize": 1,
        "type": "PROTOTYPE"
      }
    ],
    "code_orig_.js:20:2:28:2": [
      {
        "objectId": 4,
        "creationTime": 6,
        "creationCallStack": [],
        "unreachableTime": 15,
        "unreachableSite": "code_orig_.js:20:1:28:6",
        "staleness": 1,
        "lastUseTime": 14,
        "lastUseSite": {
          "sourceFileId": 1,
          "iid": 193
        },
        "shallowSize": 2,
        "type": "FUNCTION"
      },
      {
        "objectId": 5,
        "creationTime": 6,
        "creationCallStack": [],
        "unreachableTime": 15,
        "unreachableSite": "code_orig_.js:20:1:28:6",
        "staleness": 9,
        "lastUseTime": "never used",
        "lastUseSite": "never used",
        "shallowSize": 1,
        "type": "PROTOTYPE"
      }
    ],
    "code_orig_.js:21:20:26:6": [
      {
        "objectId": 6,
        "creationTime": 9,
        "creationCallStack": [
          {
            "sourceFileId": 1,
            "iid": 193
          }
        ],
        "unreachableTime": 78,
        "unreachableSite": "code_orig_.js:21:20:26:6",
        "staleness": 11,
        "lastUseTime": 67,
        "lastUseSite": {
          "sourceFileId": 1,
          "iid": 105
        },
        "shallowSize": 2,
        "type": "FUNCTION"
      },
      {
        "objectId": 7,
        "creationTime": 9,
        "creationCallStack": [
          {
            "sourceFileId": 1,
            "iid": 193
          }
        ],
        "unreachableTime": 78,
        "unreachableSite": "code_orig_.js:21:20:26:6",
        "staleness": 69,
        "lastUseTime": "never used",
        "lastUseSite": "never used",
        "shallowSize": 1,
        "type": "PROTOTYPE"
      }
    ],
    "initial DOM": [
      {
        "objectId": 8,
        "creationTime": 17,
        "creationCallStack": [],
        "unreachableTime": 78,
        "unreachableSite": "end of program",
        "staleness": 61,
        "lastUseTime": "never used",
        "lastUseSite": "never used",
        "shallowSize": 2,
        "type": "DOM"
      },
      {
        "objectId": 9,
        "creationTime": 19,
        "creationCallStack": [],
        "unreachableTime": 78,
        "unreachableSite": "end of program",
        "staleness": 0,
        "lastUseTime": 78,
        "lastUseSite": {
          "sourceFileId": 0,
          "iid": 0
        },
        "shallowSize": 4,
        "type": "DOM"
      },
      {
        "objectId": 10,
        "creationTime": 22,
        "creationCallStack": [],
        "unreachableTime": 78,
        "unreachableSite": "end of program",
        "staleness": 0,
        "lastUseTime": 78,
        "lastUseSite": {
          "sourceFileId": 0,
          "iid": 0
        },
        "shallowSize": 16,
        "type": "DOM"
      },
      {
        "objectId": 11,
        "creationTime": 24,
        "creationCallStack": [],
        "unreachableTime": 78,
        "unreachableSite": "end of program",
        "staleness": 0,
        "lastUseTime": 78,
        "lastUseSite": {
          "sourceFileId": 0,
          "iid": 0
        },
        "shallowSize": 1,
        "type": "DOM"
      },
      {
        "objectId": 12,
        "creationTime": 26,
        "creationCallStack": [],
        "unreachableTime": 78,
        "unreachableSite": "end of program",
        "staleness": 0,
        "lastUseTime": 78,
        "lastUseSite": {
          "sourceFileId": 0,
          "iid": 0
        },
        "shallowSize": 1,
        "type": "DOM"
      },
      {
        "objectId": 13,
        "creationTime": 28,
        "creationCallStack": [],
        "unreachableTime": 78,
        "unreachableSite": "end of program",
        "staleness": 0,
        "lastUseTime": 78,
        "lastUseSite": {
          "sourceFileId": 0,
          "iid": 0
        },
        "shallowSize": 1,
        "type": "DOM"
      },
      {
        "objectId": 14,
        "creationTime": 30,
        "creationCallStack": [],
        "unreachableTime": 78,
        "unreachableSite": "end of program",
        "staleness": 0,
        "lastUseTime": 78,
        "lastUseSite": {
          "sourceFileId": 0,
          "iid": 0
        },
        "shallowSize": 1,
        "type": "DOM"
      },
      {
        "objectId": 15,
        "creationTime": 32,
        "creationCallStack": [],
        "unreachableTime": 78,
        "unreachableSite": "end of program",
        "staleness": 0,
        "lastUseTime": 78,
        "lastUseSite": {
          "sourceFileId": 0,
          "iid": 0
        },
        "shallowSize": 1,
        "type": "DOM"
      },
      {
        "objectId": 16,
        "creationTime": 34,
        "creationCallStack": [],
        "unreachableTime": 78,
        "unreachableSite": "end of program",
        "staleness": 0,
        "lastUseTime": 78,
        "lastUseSite": {
          "sourceFileId": 0,
          "iid": 0
        },
        "shallowSize": 1,
        "type": "DOM"
      },
      {
        "objectId": 17,
        "creationTime": 36,
        "creationCallStack": [],
        "unreachableTime": 78,
        "unreachableSite": "end of program",
        "staleness": 0,
        "lastUseTime": 78,
        "lastUseSite": {
          "sourceFileId": 0,
          "iid": 0
        },
        "shallowSize": 1,
        "type": "DOM"
      },
      {
        "objectId": 18,
        "creationTime": 38,
        "creationCallStack": [],
        "unreachableTime": 78,
        "unreachableSite": "end of program",
        "staleness": 0,
        "lastUseTime": 78,
        "lastUseSite": {
          "sourceFileId": 0,
          "iid": 0
        },
        "shallowSize": 1,
        "type": "DOM"
      },
      {
        "objectId": 19,
        "creationTime": 40,
        "creationCallStack": [],
        "unreachableTime": 78,
        "unreachableSite": "end of program",
        "staleness": 0,
        "lastUseTime": 78,
        "lastUseSite": {
          "sourceFileId": 0,
          "iid": 0
        },
        "shallowSize": 1,
        "type": "DOM"
      },
      {
        "objectId": 20,
        "creationTime": 42,
        "creationCallStack": [],
        "unreachableTime": 78,
        "unreachableSite": "end of program",
        "staleness": 0,
        "lastUseTime": 78,
        "lastUseSite": {
          "sourceFileId": 0,
          "iid": 0
        },
        "shallowSize": 1,
        "type": "DOM"
      },
      {
        "objectId": 21,
        "creationTime": 44,
        "creationCallStack": [],
        "unreachableTime": 78,
        "unreachableSite": "end of program",
        "staleness": 0,
        "lastUseTime": 78,
        "lastUseSite": {
          "sourceFileId": 0,
          "iid": 0
        },
        "shallowSize": 2,
        "type": "DOM"
      },
      {
        "objectId": 22,
        "creationTime": 46,
        "creationCallStack": [],
        "unreachableTime": 78,
        "unreachableSite": "end of program",
        "staleness": 0,
        "lastUseTime": 78,
        "lastUseSite": {
          "sourceFileId": 0,
          "iid": 0
        },
        "shallowSize": 1,
        "type": "DOM"
      },
      {
        "objectId": 23,
        "creationTime": 48,
        "creationCallStack": [],
        "unreachableTime": 78,
        "unreachableSite": "end of program",
        "staleness": 0,
        "lastUseTime": 78,
        "lastUseSite": {
          "sourceFileId": 0,
          "iid": 0
        },
        "shallowSize": 1,
        "type": "DOM"
      },
      {
        "objectId": 24,
        "creationTime": 50,
        "creationCallStack": [],
        "unreachableTime": 78,
        "unreachableSite": "end of program",
        "staleness": 0,
        "lastUseTime": 78,
        "lastUseSite": {
          "sourceFileId": 0,
          "iid": 0
        },
        "shallowSize": 1,
        "type": "DOM"
      },
      {
        "objectId": 25,
        "creationTime": 52,
        "creationCallStack": [],
        "unreachableTime": 78,
        "unreachableSite": "end of program",
        "staleness": 0,
        "lastUseTime": 78,
        "lastUseSite": {
          "sourceFileId": 0,
          "iid": 0
        },
        "shallowSize": 1,
        "type": "DOM"
      },
      {
        "objectId": 26,
        "creationTime": 54,
        "creationCallStack": [],
        "unreachableTime": 78,
        "unreachableSite": "end of program",
        "staleness": 0,
        "lastUseTime": 78,
        "lastUseSite": {
          "sourceFileId": 0,
          "iid": 0
        },
        "shallowSize": 1,
        "type": "DOM"
      },
      {
        "objectId": 27,
        "creationTime": 56,
        "creationCallStack": [],
        "unreachableTime": 78,
        "unreachableSite": "end of program",
        "staleness": 0,
        "lastUseTime": 78,
        "lastUseSite": {
          "sourceFileId": 0,
          "iid": 0
        },
        "shallowSize": 1,
        "type": "DOM"
      },
      {
        "objectId": 28,
        "creationTime": 58,
        "creationCallStack": [],
        "unreachableTime": 78,
        "unreachableSite": "end of program",
        "staleness": 0,
        "lastUseTime": 78,
        "lastUseSite": {
          "sourceFileId": 0,
          "iid": 0
        },
        "shallowSize": 4,
        "type": "DOM"
      },
      {
        "objectId": 29,
        "creationTime": 60,
        "creationCallStack": [],
        "unreachableTime": 78,
        "unreachableSite": "end of program",
        "staleness": 0,
        "lastUseTime": 78,
        "lastUseSite": {
          "sourceFileId": 0,
          "iid": 0
        },
        "shallowSize": 1,
        "type": "DOM"
      },
      {
        "objectId": 30,
        "creationTime": 62,
        "creationCallStack": [],
        "unreachableTime": 78,
        "unreachableSite": "end of program",
        "staleness": 0,
        "lastUseTime": 78,
        "lastUseSite": {
          "sourceFileId": 0,
          "iid": 0
        },
        "shallowSize": 1,
        "type": "DOM"
      },
      {
        "objectId": 31,
        "creationTime": 64,
        "creationCallStack": [],
        "unreachableTime": 78,
        "unreachableSite": "end of program",
        "staleness": 0,
        "lastUseTime": 78,
        "lastUseSite": {
          "sourceFileId": 0,
          "iid": 0
        },
        "shallowSize": 1,
        "type": "DOM"
      }
    ]
  }
}