checknode_orig_.js:22:9:22:23 : RC(initial DOM) = 1
[4,false,"FUNCTION",{"sourceFileId":1,"iid":241},4,[],17,{"sourceFileId":1,"iid":249},18,{"sourceFileId":1,"iid":257}]
[5,false,"PROTOTYPE",{"sourceFileId":1,"iid":241},4,[],-20,{"sourceFileId":0,"iid":-1},18,{"sourceFileId":1,"iid":257}]
[8,false,"FUNCTION",{"sourceFileId":1,"iid":161},12,[{"sourceFileId":1,"iid":249}],166,{"sourceFileId":1,"iid":145},173,{"sourceFileId":1,"iid":145}]
[9,false,"PROTOTYPE",{"sourceFileId":1,"iid":161},12,[{"sourceFileId":1,"iid":249}],-20,{"sourceFileId":0,"iid":-1},173,{"sourceFileId":1,"iid":145}]
[2,false,"FUNCTION",{"sourceFileId":1,"iid":273},2,[],179,{"sourceFileId":1,"iid":25},183,{"sourceFileId":0,"iid":0}]
[3,false,"PROTOTYPE",{"sourceFileId":1,"iid":273},2,[],-20,{"sourceFileId":0,"iid":-1},183,{"sourceFileId":0,"iid":0}]
[10,false,"DOM",{"sourceFileId":0,"iid":-2},20,[],166,{"sourceFileId":1,"iid":83},183,{"sourceFileId":0,"iid":0}]
[11,false,"DOM",{"sourceFileId":0,"iid":-2},22,[],-20,{"sourceFileId":0,"iid":-1},183,{"sourceFileId":0,"iid":0}]
[66,false,"DOM",{"sourceFileId":0,"iid":-2},133,[],167,{"sourceFileId":1,"iid":115},183,{"sourceFileId":0,"iid":0}]
[81,false,"DOM",{"sourceFileId":0,"iid":-2},163,[],-20,{"sourceFileId":0,"iid":-1},183,{"sourceFileId":0,"iid":0}]
[80,false,"DOM",{"sourceFileId":0,"iid":-2},161,[],-20,{"sourceFileId":0,"iid":-1},183,{"sourceFileId":0,"iid":0}]
[79,false,"DOM",{"sourceFileId":0,"iid":-2},159,[],-20,{"sourceFileId":0,"iid":-1},183,{"sourceFileId":0,"iid":0}]
[67,false,"DOM",{"sourceFileId":0,"iid":-2},135,[],-20,{"sourceFileId":0,"iid":-1},183,{"sourceFileId":0,"iid":0}]
[65,false,"DOM",{"sourceFileId":0,"iid":-2},131,[],-20,{"sourceFileId":0,"iid":-1},183,{"sourceFileId":0,"iid":0}]
[12,false,"DOM",{"sourceFileId":0,"iid":-2},25,[],-20,{"sourceFileId":0,"iid":-1},183,{"sourceFileId":0,"iid":0}]
[64,false,"DOM",{"sourceFileId":0,"iid":-2},129,[],-20,{"sourceFileId":0,"iid":-1},183,{"sourceFileId":0,"iid":0}]
[63,false,"DOM",{"sourceFileId":0,"iid":-2},127,[],-20,{"sourceFileId":0,"iid":-1},183,{"sourceFileId":0,"iid":0}]
[62,false,"DOM",{"sourceFileId":0,"iid":-2},125,[],-20,{"sourceFileId":0,"iid":-1},183,{"sourceFileId":0,"iid":0}]
[61,false,"DOM",{"sourceFileId":0,"iid":-2},123,[],-20,{"sourceFileId":0,"iid":-1},183,{"sourceFileId":0,"iid":0}]
[59,false,"DOM",{"sourceFileId":0,"iid":-2},119,[],-20,{"sourceFileId":0,"iid":-1},183,{"sourceFileId":0,"iid":0}]
[60,false,"DOM",{"sourceFileId":0,"iid":-2},121,[],-20,{"sourceFileId":0,"iid":-1},183,{"sourceFileId":0,"iid":0}]
[58,false,"DOM",{"sourceFileId":0,"iid":-2},117,[],-20,{"sourceFileId":0,"iid":-1},183,{"sourceFileId":0,"iid":0}]
[57,false,"DOM",{"sourceFileId":0,"iid":-2},115,[],-20,{"sourceFileId":0,"iid":-1},183,{"sourceFileId":0,"iid":0}]
[56,false,"DOM",{"sourceFileId":0,"iid":-2},113,[],-20,{"sourceFileId":0,"iid":-1},183,{"sourceFileId":0,"iid":0}]
[55,false,"DOM",{"sourceFileId":0,"iid":-2},111,[],-20,{"sourceFileId":0,"iid":-1},183,{"sourceFileId":0,"iid":0}]
[54,false,"DOM",{"sourceFileId":0,"iid":-2},109,[],-20,{"sourceFileId":0,"iid":-1},183,{"sourceFileId":0,"iid":0}]
[53,false,"DOM",{"sourceFileId":0,"iid":-2},107,[],-20,{"sourceFileId":0,"iid":-1},183,{"sourceFileId":0,"iid":0}]
[52,false,"DOM",{"sourceFileId":0,"iid":-2},105,[],-20,{"sourceFileId":0,"iid":-1},183,{"sourceFileId":0,"iid":0}]
[51,false,"DOM",{"sourceFileId":0,"iid":-2},103,[],-20,{"sourceFileId":0,"iid":-1},183,{"sourceFileId":0,"iid":0}]
[50,false,"DOM",{"sourceFileId":0,"iid":-2},101,[],-20,{"sourceFileId":0,"iid":-1},183,{"sourceFileId":0,"iid":0}]
[49,false,"DOM",{"sourceFileId":0,"iid":-2},99,[],-20,{"sourceFileId":0,"iid":-1},183,{"sourceFileId":0,"iid":0}]
[48,false,"DOM",{"sourceFileId":0,"iid":-2},97,[],-20,{"sourceFileId":0,"iid":-1},183,{"sourceFileId":0,"iid":0}]
[47,false,"DOM",{"sourceFileId":0,"iid":-2},95,[],-20,{"sourceFileId":0,"iid":-1},183,{"sourceFileId":0,"iid":0}]
[46,false,"DOM",{"sourceFileId":0,"iid":-2},93,[],-20,{"sourceFileId":0,"iid":-1},183,{"sourceFileId":0,"iid":0}]
[45,false,"DOM",{"sourceFileId":0,"iid":-2},91,[],-20,{"sourceFileId":0,"iid":-1},183,{"sourceFileId":0,"iid":0}]
[44,false,"DOM",{"sourceFileId":0,"iid":-2},89,[],-20,{"sourceFileId":0,"iid":-1},183,{"sourceFileId":0,"iid":0}]
[43,false,"DOM",{"sourceFileId":0,"iid":-2},87,[],-20,{"sourceFileId":0,"iid":-1},183,{"sourceFileId":0,"iid":0}]
[42,false,"DOM",{"sourceFileId":0,"iid":-2},85,[],-20,{"sourceFileId":0,"iid":-1},183,{"sourceFileId":0,"iid":0}]
[41,false,"DOM",{"sourceFileId":0,"iid":-2},83,[],-20,{"sourceFileId":0,"iid":-1},183,{"sourceFileId":0,"iid":0}]
[40,false,"DOM",{"sourceFileId":0,"iid":-2},81,[],-20,{"sourceFileId":0,"iid":-1},183,{"sourceFileId":0,"iid":0}]
[39,false,"DOM",{"sourceFileId":0,"iid":-2},79,[],-20,{"sourceFileId":0,"iid":-1},183,{"sourceFileId":0,"iid":0}]
[38,false,"DOM",{"sourceFileId":0,"iid":-2},77,[],-20,{"sourceFileId":0,"iid":-1},183,{"sourceFileId":0,"iid":0}]
[37,false,"DOM",{"sourceFileId":0,"iid":-2},75,[],-20,{"sourceFileId":0,"iid":-1},183,{"sourceFileId":0,"iid":0}]
[36,false,"DOM",{"sourceFileId":0,"iid":-2},73,[],-20,{"sourceFileId":0,"iid":-1},183,{"sourceFileId":0,"iid":0}]
[35,false,"DOM",{"sourceFileId":0,"iid":-2},71,[],-20,{"sourceFileId":0,"iid":-1},183,{"sourceFileId":0,"iid":0}]
[34,false,"DOM",{"sourceFileId":0,"iid":-2},69,[],-20,{"sourceFileId":0,"iid":-1},183,{"sourceFileId":0,"iid":0}]
[33,false,"DOM",{"sourceFileId":0,"iid":-2},67,[],-20,{"sourceFileId":0,"iid":-1},183,{"sourceFileId":0,"iid":0}]
[32,false,"DOM",{"sourceFileId":0,"iid":-2},65,[],-20,{"sourceFileId":0,"iid":-1},183,{"sourceFileId":0,"iid":0}]
[31,false,"DOM",{"sourceFileId":0,"iid":-2},63,[],-20,{"sourceFileId":0,"iid":-1},183,{"sourceFileId":0,"iid":0}]
[30,false,"DOM",{"sourceFileId":0,"iid":-2},61,[],-20,{"sourceFileId":0,"iid":-1},183,{"sourceFileId":0,"iid":0}]
[29,false,"DOM",{"sourceFileId":0,"iid":-2},59,[],-20,{"sourceFileId":0,"iid":-1},183,{"sourceFileId":0,"iid":0}]
[28,false,"DOM",{"sourceFileId":0,"iid":-2},57,[],-20,{"sourceFileId":0,"iid":-1},183,{"sourceFileId":0,"iid":0}]
[27,false,"DOM",{"sourceFileId":0,"iid":-2},55,[],-20,{"sourceFileId":0,"iid":-1},183,{"sourceFileId":0,"iid":0}]
[26,false,"DOM",{"sourceFileId":0,"iid":-2},53,[],-20,{"sourceFileId":0,"iid":-1},183,{"sourceFileId":0,"iid":0}]
[25,false,"DOM",{"sourceFileId":0,"iid":-2},51,[],-20,{"sourceFileId":0,"iid":-1},183,{"sourceFileId":0,"iid":0}]
[24,false,"DOM",{"sourceFileId":0,"iid":-2},49,[],-20,{"sourceFileId":0,"iid":-1},183,{"sourceFileId":0,"iid":0}]
[23,false,"DOM",{"sourceFileId":0,"iid":-2},47,[],-20,{"sourceFileId":0,"iid":-1},183,{"sourceFileId":0,"iid":0}]
[22,false,"DOM",{"sourceFileId":0,"iid":-2},45,[],-20,{"sourceFileId":0,"iid":-1},183,{"sourceFileId":0,"iid":0}]
[21,false,"DOM",{"sourceFileId":0,"iid":-2},43,[],-20,{"sourceFileId":0,"iid":-1},183,{"sourceFileId":0,"iid":0}]
[20,false,"DOM",{"sourceFileId":0,"iid":-2},41,[],-20,{"sourceFileId":0,"iid":-1},183,{"sourceFileId":0,"iid":0}]
[19,false,"DOM",{"sourceFileId":0,"iid":-2},39,[],-20,{"sourceFileId":0,"iid":-1},183,{"sourceFileId":0,"iid":0}]
[18,false,"DOM",{"sourceFileId":0,"iid":-2},37,[],-20,{"sourceFileId":0,"iid":-1},183,{"sourceFileId":0,"iid":0}]
[17,false,"DOM",{"sourceFileId":0,"iid":-2},35,[],-20,{"sourceFileId":0,"iid":-1},183,{"sourceFileId":0,"iid":0}]
[16,false,"DOM",{"sourceFileId":0,"iid":-2},33,[],-20,{"sourceFileId":0,"iid":-1},183,{"sourceFileId":0,"iid":0}]
[15,false,"DOM",{"sourceFileId":0,"iid":-2},31,[],-20,{"sourceFileId":0,"iid":-1},183,{"sourceFileId":0,"iid":0}]
[14,false,"DOM",{"sourceFileId":0,"iid":-2},29,[],-20,{"sourceFileId":0,"iid":-1},183,{"sourceFileId":0,"iid":0}]
[13,false,"DOM",{"sourceFileId":0,"iid":-2},27,[],-20,{"sourceFileId":0,"iid":-1},183,{"sourceFileId":0,"iid":0}]
[6,false,"FUNCTION",{"sourceFileId":1,"iid":57},9,[{"sourceFileId":1,"iid":249}],176,{"sourceFileId":1,"iid":41},182,{"sourceFileId":1,"iid":41}]
[7,false,"PROTOTYPE",{"sourceFileId":1,"iid":57},9,[{"sourceFileId":1,"iid":249}],-20,{"sourceFileId":0,"iid":-1},182,{"sourceFileId":1,"iid":41}]
[68,false,"DOM",{"sourceFileId":0,"iid":-2},137,[],167,{"sourceFileId":1,"iid":105},182,{"sourceFileId":1,"iid":41}]
[78,false,"DOM",{"sourceFileId":0,"iid":-2},157,[],174,{"sourceFileId":0,"iid":-50},182,{"sourceFileId":1,"iid":41}]
[76,false,"DOM",{"sourceFileId":0,"iid":-2},153,[],174,{"sourceFileId":0,"iid":-50},182,{"sourceFileId":1,"iid":41}]
[77,false,"DOM",{"sourceFileId":0,"iid":-2},155,[],174,{"sourceFileId":0,"iid":-50},182,{"sourceFileId":1,"iid":41}]
[75,false,"DOM",{"sourceFileId":0,"iid":-2},151,[],174,{"sourceFileId":0,"iid":-50},182,{"sourceFileId":1,"iid":41}]
[73,false,"DOM",{"sourceFileId":0,"iid":-2},147,[],174,{"sourceFileId":0,"iid":-50},182,{"sourceFileId":1,"iid":41}]
[74,false,"DOM",{"sourceFileId":0,"iid":-2},149,[],174,{"sourceFileId":0,"iid":-50},182,{"sourceFileId":1,"iid":41}]
[72,false,"DOM",{"sourceFileId":0,"iid":-2},145,[],174,{"sourceFileId":0,"iid":-50},182,{"sourceFileId":1,"iid":41}]
[70,false,"DOM",{"sourceFileId":0,"iid":-2},141,[],174,{"sourceFileId":0,"iid":-50},182,{"sourceFileId":1,"iid":41}]
[71,false,"DOM",{"sourceFileId":0,"iid":-2},143,[],174,{"sourceFileId":0,"iid":-50},182,{"sourceFileId":1,"iid":41}]
[69,false,"DOM",{"sourceFileId":0,"iid":-2},139,[],174,{"sourceFileId":0,"iid":-50},182,{"sourceFileId":1,"iid":41}]