testeval_orig_.js:21:1:21:13 : RC(testeval_orig_.js:19:9:19:11) = 2
testeval_orig_.js:25:1:25:13 : RC(testeval_orig_.js:19:9:19:11) = 1
[2,"FUNCTION","lifetime-analysis/test/traces/htmlTest16/testeval_orig_.js:16:1:16:24",2,[],31,"lifetime-analysis/test/traces/htmlTest16/testeval_orig_.js:25:1:25:13",263,"end of program"]
[3,"PROTOTYPE","lifetime-analysis/test/traces/htmlTest16/testeval_orig_.js:16:1:16:24",2,[],2,"lifetime-analysis/test/traces/htmlTest16/testeval_orig_.js:16:1:16:24",263,"end of program"]
[4,"OBJECT","lifetime-analysis/test/traces/htmlTest16/testeval_orig_.js:19:9:19:11",9,[],9,"lifetime-analysis/test/traces/htmlTest16/testeval_orig_.js:19:9:19:11",263,"end of program"]
[5,"FUNCTION","eval:1:5:1:34",19,[],27,"lifetime-analysis/test/traces/htmlTest16/testeval_orig_.js:24:1:24:4",263,"end of program"]
[6,"PROTOTYPE","eval:1:5:1:34",19,[],19,"eval:1:5:1:34",263,"end of program"]
[7,"DOM","initial DOM",34,[],34,"initial DOM",263,"end of program"]
[8,"DOM","initial DOM",36,[],263,"end of program",263,"end of program"]
[117,"DOM","initial DOM",255,[],263,"end of program",263,"end of program"]
[120,"DOM","initial DOM",261,[],263,"end of program",263,"end of program"]
[119,"DOM","initial DOM",259,[],263,"end of program",263,"end of program"]
[118,"DOM","initial DOM",257,[],263,"end of program",263,"end of program"]
[116,"DOM","initial DOM",253,[],263,"end of program",263,"end of program"]
[9,"DOM","initial DOM",39,[],263,"end of program",263,"end of program"]
[115,"DOM","initial DOM",251,[],263,"end of program",263,"end of program"]
[114,"DOM","initial DOM",249,[],263,"end of program",263,"end of program"]
[113,"DOM","initial DOM",247,[],263,"end of program",263,"end of program"]
[112,"DOM","initial DOM",245,[],263,"end of program",263,"end of program"]
[110,"DOM","initial DOM",241,[],263,"end of program",263,"end of program"]
[111,"DOM","initial DOM",243,[],263,"end of program",263,"end of program"]
[109,"DOM","initial DOM",239,[],263,"end of program",263,"end of program"]
[108,"DOM","initial DOM",237,[],263,"end of program",263,"end of program"]
[107,"DOM","initial DOM",235,[],263,"end of program",263,"end of program"]
[106,"DOM","initial DOM",233,[],263,"end of program",263,"end of program"]
[105,"DOM","initial DOM",231,[],263,"end of program",263,"end of program"]
[104,"DOM","initial DOM",229,[],263,"end of program",263,"end of program"]
[103,"DOM","initial DOM",227,[],263,"end of program",263,"end of program"]
[102,"DOM","initial DOM",225,[],263,"end of program",263,"end of program"]
[101,"DOM","initial DOM",223,[],263,"end of program",263,"end of program"]
[100,"DOM","initial DOM",221,[],263,"end of program",263,"end of program"]
[99,"DOM","initial DOM",219,[],263,"end of program",263,"end of program"]
[98,"DOM","initial DOM",217,[],263,"end of program",263,"end of program"]
[97,"DOM","initial DOM",215,[],263,"end of program",263,"end of program"]
[96,"DOM","initial DOM",213,[],263,"end of program",263,"end of program"]
[95,"DOM","initial DOM",211,[],263,"end of program",263,"end of program"]
[94,"DOM","initial DOM",209,[],263,"end of program",263,"end of program"]
[93,"DOM","initial DOM",207,[],263,"end of program",263,"end of program"]
[92,"DOM","initial DOM",205,[],263,"end of program",263,"end of program"]
[91,"DOM","initial DOM",203,[],263,"end of program",263,"end of program"]
[90,"DOM","initial DOM",201,[],263,"end of program",263,"end of program"]
[89,"DOM","initial DOM",199,[],263,"end of program",263,"end of program"]
[88,"DOM","initial DOM",197,[],263,"end of program",263,"end of program"]
[87,"DOM","initial DOM",195,[],263,"end of program",263,"end of program"]
[86,"DOM","initial DOM",193,[],263,"end of program",263,"end of program"]
[85,"DOM","initial DOM",191,[],263,"end of program",263,"end of program"]
[84,"DOM","initial DOM",189,[],263,"end of program",263,"end of program"]
[83,"DOM","initial DOM",187,[],263,"end of program",263,"end of program"]
[82,"DOM","initial DOM",185,[],263,"end of program",263,"end of program"]
[81,"DOM","initial DOM",183,[],263,"end of program",263,"end of program"]
[80,"DOM","initial DOM",181,[],263,"end of program",263,"end of program"]
[79,"DOM","initial DOM",179,[],263,"end of program",263,"end of program"]
[78,"DOM","initial DOM",177,[],263,"end of program",263,"end of program"]
[77,"DOM","initial DOM",175,[],263,"end of program",263,"end of program"]
[76,"DOM","initial DOM",173,[],263,"end of program",263,"end of program"]
[75,"DOM","initial DOM",171,[],263,"end of program",263,"end of program"]
[74,"DOM","initial DOM",169,[],263,"end of program",263,"end of program"]
[73,"DOM","initial DOM",167,[],263,"end of program",263,"end of program"]
[72,"DOM","initial DOM",165,[],263,"end of program",263,"end of program"]
[71,"DOM","initial DOM",163,[],263,"end of program",263,"end of program"]
[70,"DOM","initial DOM",161,[],263,"end of program",263,"end of program"]
[69,"DOM","initial DOM",159,[],263,"end of program",263,"end of program"]
[68,"DOM","initial DOM",157,[],263,"end of program",263,"end of program"]
[67,"DOM","initial DOM",155,[],263,"end of program",263,"end of program"]
[66,"DOM","initial DOM",153,[],263,"end of program",263,"end of program"]
[65,"DOM","initial DOM",151,[],263,"end of program",263,"end of program"]
[64,"DOM","initial DOM",149,[],263,"end of program",263,"end of program"]
[63,"DOM","initial DOM",147,[],263,"end of program",263,"end of program"]
[62,"DOM","initial DOM",145,[],263,"end of program",263,"end of program"]
[61,"DOM","initial DOM",143,[],263,"end of program",263,"end of program"]
[60,"DOM","initial DOM",141,[],263,"end of program",263,"end of program"]
[59,"DOM","initial DOM",139,[],263,"end of program",263,"end of program"]
[58,"DOM","initial DOM",137,[],263,"end of program",263,"end of program"]
[57,"DOM","initial DOM",135,[],263,"end of program",263,"end of program"]
[56,"DOM","initial DOM",133,[],263,"end of program",263,"end of program"]
[55,"DOM","initial DOM",131,[],263,"end of program",263,"end of program"]
[54,"DOM","initial DOM",129,[],263,"end of program",263,"end of program"]
[53,"DOM","initial DOM",127,[],263,"end of program",263,"end of program"]
[52,"DOM","initial DOM",125,[],263,"end of program",263,"end of program"]
[51,"DOM","initial DOM",123,[],263,"end of program",263,"end of program"]
[50,"DOM","initial DOM",121,[],263,"end of program",263,"end of program"]
[49,"DOM","initial DOM",119,[],263,"end of program",263,"end of program"]
[48,"DOM","initial DOM",117,[],263,"end of program",263,"end of program"]
[47,"DOM","initial DOM",115,[],263,"end of program",263,"end of program"]
[46,"DOM","initial DOM",113,[],263,"end of program",263,"end of program"]
[45,"DOM","initial DOM",111,[],263,"end of program",263,"end of program"]
[44,"DOM","initial DOM",109,[],263,"end of program",263,"end of program"]
[43,"DOM","initial DOM",107,[],263,"end of program",263,"end of program"]
[42,"DOM","initial DOM",105,[],263,"end of program",263,"end of program"]
[41,"DOM","initial DOM",103,[],263,"end of program",263,"end of program"]
[40,"DOM","initial DOM",101,[],263,"end of program",263,"end of program"]
[39,"DOM","initial DOM",99,[],263,"end of program",263,"end of program"]
[38,"DOM","initial DOM",97,[],263,"end of program",263,"end of program"]
[37,"DOM","initial DOM",95,[],263,"end of program",263,"end of program"]
[36,"DOM","initial DOM",93,[],263,"end of program",263,"end of program"]
[35,"DOM","initial DOM",91,[],263,"end of program",263,"end of program"]
[34,"DOM","initial DOM",89,[],263,"end of program",263,"end of program"]
[33,"DOM","initial DOM",87,[],263,"end of program",263,"end of program"]
[32,"DOM","initial DOM",85,[],263,"end of program",263,"end of program"]
[31,"DOM","initial DOM",83,[],263,"end of program",263,"end of program"]
[30,"DOM","initial DOM",81,[],263,"end of program",263,"end of program"]
[29,"DOM","initial DOM",79,[],263,"end of program",263,"end of program"]
[28,"DOM","initial DOM",77,[],263,"end of program",263,"end of program"]
[27,"DOM","initial DOM",75,[],263,"end of program",263,"end of program"]
[26,"DOM","initial DOM",73,[],263,"end of program",263,"end of program"]
[25,"DOM","initial DOM",71,[],263,"end of program",263,"end of program"]
[24,"DOM","initial DOM",69,[],263,"end of program",263,"end of program"]
[23,"DOM","initial DOM",67,[],263,"end of program",263,"end of program"]
[22,"DOM","initial DOM",65,[],263,"end of program",263,"end of program"]
[21,"DOM","initial DOM",63,[],263,"end of program",263,"end of program"]
[20,"DOM","initial DOM",61,[],263,"end of program",263,"end of program"]
[19,"DOM","initial DOM",59,[],263,"end of program",263,"end of program"]
[18,"DOM","initial DOM",57,[],263,"end of program",263,"end of program"]
[17,"DOM","initial DOM",55,[],263,"end of program",263,"end of program"]
[16,"DOM","initial DOM",53,[],263,"end of program",263,"end of program"]
[15,"DOM","initial DOM",51,[],263,"end of program",263,"end of program"]
[14,"DOM","initial DOM",49,[],263,"end of program",263,"end of program"]
[13,"DOM","initial DOM",47,[],263,"end of program",263,"end of program"]
[12,"DOM","initial DOM",45,[],263,"end of program",263,"end of program"]
[11,"DOM","initial DOM",43,[],263,"end of program",263,"end of program"]
[10,"DOM","initial DOM",41,[],263,"end of program",263,"end of program"]
last use
[3,2,"lifetime-analysis/test/traces/htmlTest16/testeval_orig_.js:16:1:16:24"]
[4,9,"lifetime-analysis/test/traces/htmlTest16/testeval_orig_.js:19:9:19:11"]
[6,19,"eval:1:5:1:34"]
[5,27,"lifetime-analysis/test/traces/htmlTest16/testeval_orig_.js:24:1:24:4"]
[2,31,"lifetime-analysis/test/traces/htmlTest16/testeval_orig_.js:25:1:25:13"]
[7,34,"initial DOM"]
[8,263,"end of program"]
[9,263,"end of program"]
[10,263,"end of program"]
[11,263,"end of program"]
[12,263,"end of program"]
[13,263,"end of program"]
[14,263,"end of program"]
[15,263,"end of program"]
[16,263,"end of program"]
[17,263,"end of program"]
[18,263,"end of program"]
[19,263,"end of program"]
[20,263,"end of program"]
[21,263,"end of program"]
[22,263,"end of program"]
[23,263,"end of program"]
[24,263,"end of program"]
[25,263,"end of program"]
[26,263,"end of program"]
[27,263,"end of program"]
[28,263,"end of program"]
[29,263,"end of program"]
[30,263,"end of program"]
[31,263,"end of program"]
[32,263,"end of program"]
[33,263,"end of program"]
[34,263,"end of program"]
[35,263,"end of program"]
[36,263,"end of program"]
[37,263,"end of program"]
[38,263,"end of program"]
[39,263,"end of program"]
[40,263,"end of program"]
[41,263,"end of program"]
[42,263,"end of program"]
[43,263,"end of program"]
[44,263,"end of program"]
[45,263,"end of program"]
[46,263,"end of program"]
[47,263,"end of program"]
[48,263,"end of program"]
[49,263,"end of program"]
[50,263,"end of program"]
[51,263,"end of program"]
[52,263,"end of program"]
[53,263,"end of program"]
[54,263,"end of program"]
[55,263,"end of program"]
[56,263,"end of program"]
[57,263,"end of program"]
[58,263,"end of program"]
[59,263,"end of program"]
[60,263,"end of program"]
[61,263,"end of program"]
[62,263,"end of program"]
[63,263,"end of program"]
[64,263,"end of program"]
[65,263,"end of program"]
[66,263,"end of program"]
[67,263,"end of program"]
[68,263,"end of program"]
[69,263,"end of program"]
[70,263,"end of program"]
[71,263,"end of program"]
[72,263,"end of program"]
[73,263,"end of program"]
[74,263,"end of program"]
[75,263,"end of program"]
[76,263,"end of program"]
[77,263,"end of program"]
[78,263,"end of program"]
[79,263,"end of program"]
[80,263,"end of program"]
[81,263,"end of program"]
[82,263,"end of program"]
[83,263,"end of program"]
[84,263,"end of program"]
[85,263,"end of program"]
[86,263,"end of program"]
[87,263,"end of program"]
[88,263,"end of program"]
[89,263,"end of program"]
[90,263,"end of program"]
[91,263,"end of program"]
[92,263,"end of program"]
[93,263,"end of program"]
[94,263,"end of program"]
[95,263,"end of program"]
[96,263,"end of program"]
[97,263,"end of program"]
[98,263,"end of program"]
[99,263,"end of program"]
[100,263,"end of program"]
[101,263,"end of program"]
[102,263,"end of program"]
[103,263,"end of program"]
[104,263,"end of program"]
[105,263,"end of program"]
[106,263,"end of program"]
[107,263,"end of program"]
[108,263,"end of program"]
[109,263,"end of program"]
[110,263,"end of program"]
[111,263,"end of program"]
[112,263,"end of program"]
[113,263,"end of program"]
[114,263,"end of program"]
[115,263,"end of program"]
[116,263,"end of program"]
[117,263,"end of program"]
[118,263,"end of program"]
[119,263,"end of program"]
[120,263,"end of program"]
unreachable
[3,263,"end of program"]
[4,263,"end of program"]
[6,263,"end of program"]
[5,263,"end of program"]
[2,263,"end of program"]
[7,263,"end of program"]
[8,263,"end of program"]
[9,263,"end of program"]
[10,263,"end of program"]
[11,263,"end of program"]
[12,263,"end of program"]
[13,263,"end of program"]
[14,263,"end of program"]
[15,263,"end of program"]
[16,263,"end of program"]
[17,263,"end of program"]
[18,263,"end of program"]
[19,263,"end of program"]
[20,263,"end of program"]
[21,263,"end of program"]
[22,263,"end of program"]
[23,263,"end of program"]
[24,263,"end of program"]
[25,263,"end of program"]
[26,263,"end of program"]
[27,263,"end of program"]
[28,263,"end of program"]
[29,263,"end of program"]
[30,263,"end of program"]
[31,263,"end of program"]
[32,263,"end of program"]
[33,263,"end of program"]
[34,263,"end of program"]
[35,263,"end of program"]
[36,263,"end of program"]
[37,263,"end of program"]
[38,263,"end of program"]
[39,263,"end of program"]
[40,263,"end of program"]
[41,263,"end of program"]
[42,263,"end of program"]
[43,263,"end of program"]
[44,263,"end of program"]
[45,263,"end of program"]
[46,263,"end of program"]
[47,263,"end of program"]
[48,263,"end of program"]
[49,263,"end of program"]
[50,263,"end of program"]
[51,263,"end of program"]
[52,263,"end of program"]
[53,263,"end of program"]
[54,263,"end of program"]
[55,263,"end of program"]
[56,263,"end of program"]
[57,263,"end of program"]
[58,263,"end of program"]
[59,263,"end of program"]
[60,263,"end of program"]
[61,263,"end of program"]
[62,263,"end of program"]
[63,263,"end of program"]
[64,263,"end of program"]
[65,263,"end of program"]
[66,263,"end of program"]
[67,263,"end of program"]
[68,263,"end of program"]
[69,263,"end of program"]
[70,263,"end of program"]
[71,263,"end of program"]
[72,263,"end of program"]
[73,263,"end of program"]
[74,263,"end of program"]
[75,263,"end of program"]
[76,263,"end of program"]
[77,263,"end of program"]
[78,263,"end of program"]
[79,263,"end of program"]
[80,263,"end of program"]
[81,263,"end of program"]
[82,263,"end of program"]
[83,263,"end of program"]
[84,263,"end of program"]
[85,263,"end of program"]
[86,263,"end of program"]
[87,263,"end of program"]
[88,263,"end of program"]
[89,263,"end of program"]
[90,263,"end of program"]
[91,263,"end of program"]
[92,263,"end of program"]
[93,263,"end of program"]
[94,263,"end of program"]
[95,263,"end of program"]
[96,263,"end of program"]
[97,263,"end of program"]
[98,263,"end of program"]
[99,263,"end of program"]
[100,263,"end of program"]
[101,263,"end of program"]
[102,263,"end of program"]
[103,263,"end of program"]
[104,263,"end of program"]
[105,263,"end of program"]
[106,263,"end of program"]
[107,263,"end of program"]
[108,263,"end of program"]
[109,263,"end of program"]
[110,263,"end of program"]
[111,263,"end of program"]
[112,263,"end of program"]
[113,263,"end of program"]
[114,263,"end of program"]
[115,263,"end of program"]
[116,263,"end of program"]
[117,263,"end of program"]
[118,263,"end of program"]
[119,263,"end of program"]
[120,263,"end of program"]