[2,"FUNCTION","1:201",2,[],8,"1:209",9,"1:217"]
[3,"PROTOTYPE","1:201",2,[],0,"unknown",9,"1:217"]
[118,"DOM","1:33",243,["unknown"],248,"1:99",250,"1:241"]
[119,"DOM","1:33",244,["unknown"],0,"unknown",245,"1:41"]
[4,"FUNCTION","1:185",4,["1:209"],237,"1:113",252,"1:113"]
[5,"PROTOTYPE","1:185",4,["1:209"],0,"unknown",252,"1:113"]
[6,"DOM","0:-2",11,[],246,"1:75",257,"end of program"]
[7,"DOM","0:-2",13,[],0,"unknown",257,"end of program"]
[110,"DOM","0:-2",220,[],0,"unknown",257,"end of program"]
[117,"DOM","0:-2",234,[],0,"unknown",257,"end of program"]
[116,"DOM","0:-2",232,[],0,"unknown",257,"end of program"]
[115,"DOM","0:-2",230,[],0,"unknown",257,"end of program"]
[113,"DOM","0:-2",226,[],0,"unknown",257,"end of program"]
[112,"DOM","0:-2",224,[],241,"1:33",257,"end of program"]
[119,"DOM","unknown",0,null,0,"unknown",257,"end of program"]
[118,"DOM","unknown",0,null,248,"1:99",257,"end of program"]
[114,"DOM","0:-2",228,[],256,"removed from DOM",257,"end of program"]
[111,"DOM","0:-2",222,[],0,"unknown",257,"end of program"]
[109,"DOM","0:-2",218,[],0,"unknown",257,"end of program"]
[8,"DOM","0:-2",16,[],0,"unknown",257,"end of program"]
[108,"DOM","0:-2",216,[],0,"unknown",257,"end of program"]
[107,"DOM","0:-2",214,[],0,"unknown",257,"end of program"]
[106,"DOM","0:-2",212,[],0,"unknown",257,"end of program"]
[105,"DOM","0:-2",210,[],0,"unknown",257,"end of program"]
[103,"DOM","0:-2",206,[],0,"unknown",257,"end of program"]
[104,"DOM","0:-2",208,[],0,"unknown",257,"end of program"]
[102,"DOM","0:-2",204,[],0,"unknown",257,"end of program"]
[101,"DOM","0:-2",202,[],0,"unknown",257,"end of program"]
[100,"DOM","0:-2",200,[],0,"unknown",257,"end of program"]
[99,"DOM","0:-2",198,[],0,"unknown",257,"end of program"]
[98,"DOM","0:-2",196,[],0,"unknown",257,"end of program"]
[97,"DOM","0:-2",194,[],0,"unknown",257,"end of program"]
[96,"DOM","0:-2",192,[],0,"unknown",257,"end of program"]
[95,"DOM","0:-2",190,[],0,"unknown",257,"end of program"]
[94,"DOM","0:-2",188,[],0,"unknown",257,"end of program"]
[93,"DOM","0:-2",186,[],0,"unknown",257,"end of program"]
[92,"DOM","0:-2",184,[],0,"unknown",257,"end of program"]
[91,"DOM","0:-2",182,[],0,"unknown",257,"end of program"]
[90,"DOM","0:-2",180,[],0,"unknown",257,"end of program"]
[89,"DOM","0:-2",178,[],0,"unknown",257,"end of program"]
[88,"DOM","0:-2",176,[],0,"unknown",257,"end of program"]
[87,"DOM","0:-2",174,[],0,"unknown",257,"end of program"]
[86,"DOM","0:-2",172,[],0,"unknown",257,"end of program"]
[85,"DOM","0:-2",170,[],0,"unknown",257,"end of program"]
[84,"DOM","0:-2",168,[],0,"unknown",257,"end of program"]
[83,"DOM","0:-2",166,[],0,"unknown",257,"end of program"]
[82,"DOM","0:-2",164,[],0,"unknown",257,"end of program"]
[81,"DOM","0:-2",162,[],0,"unknown",257,"end of program"]
[80,"DOM","0:-2",160,[],0,"unknown",257,"end of program"]
[79,"DOM","0:-2",158,[],0,"unknown",257,"end of program"]
[78,"DOM","0:-2",156,[],0,"unknown",257,"end of program"]
[77,"DOM","0:-2",154,[],0,"unknown",257,"end of program"]
[76,"DOM","0:-2",152,[],0,"unknown",257,"end of program"]
[75,"DOM","0:-2",150,[],0,"unknown",257,"end of program"]
[74,"DOM","0:-2",148,[],0,"unknown",257,"end of program"]
[73,"DOM","0:-2",146,[],0,"unknown",257,"end of program"]
[72,"DOM","0:-2",144,[],0,"unknown",257,"end of program"]
[71,"DOM","0:-2",142,[],0,"unknown",257,"end of program"]
[70,"DOM","0:-2",140,[],0,"unknown",257,"end of program"]
[69,"DOM","0:-2",138,[],0,"unknown",257,"end of program"]
[68,"DOM","0:-2",136,[],0,"unknown",257,"end of program"]
[67,"DOM","0:-2",134,[],0,"unknown",257,"end of program"]
[66,"DOM","0:-2",132,[],0,"unknown",257,"end of program"]
[65,"DOM","0:-2",130,[],0,"unknown",257,"end of program"]
[64,"DOM","0:-2",128,[],0,"unknown",257,"end of program"]
[63,"DOM","0:-2",126,[],0,"unknown",257,"end of program"]
[62,"DOM","0:-2",124,[],0,"unknown",257,"end of program"]
[61,"DOM","0:-2",122,[],0,"unknown",257,"end of program"]
[60,"DOM","0:-2",120,[],0,"unknown",257,"end of program"]
[59,"DOM","0:-2",118,[],0,"unknown",257,"end of program"]
[58,"DOM","0:-2",116,[],0,"unknown",257,"end of program"]
[57,"DOM","0:-2",114,[],0,"unknown",257,"end of program"]
[56,"DOM","0:-2",112,[],0,"unknown",257,"end of program"]
[55,"DOM","0:-2",110,[],0,"unknown",257,"end of program"]
[54,"DOM","0:-2",108,[],0,"unknown",257,"end of program"]
[53,"DOM","0:-2",106,[],0,"unknown",257,"end of program"]
[52,"DOM","0:-2",104,[],0,"unknown",257,"end of program"]
[51,"DOM","0:-2",102,[],0,"unknown",257,"end of program"]
[50,"DOM","0:-2",100,[],0,"unknown",257,"end of program"]
[49,"DOM","0:-2",98,[],0,"unknown",257,"end of program"]
[48,"DOM","0:-2",96,[],0,"unknown",257,"end of program"]
[47,"DOM","0:-2",94,[],0,"unknown",257,"end of program"]
[46,"DOM","0:-2",92,[],0,"unknown",257,"end of program"]
[45,"DOM","0:-2",90,[],0,"unknown",257,"end of program"]
[44,"DOM","0:-2",88,[],0,"unknown",257,"end of program"]
[43,"DOM","0:-2",86,[],0,"unknown",257,"end of program"]
[42,"DOM","0:-2",84,[],0,"unknown",257,"end of program"]
[41,"DOM","0:-2",82,[],0,"unknown",257,"end of program"]
[40,"DOM","0:-2",80,[],0,"unknown",257,"end of program"]
[39,"DOM","0:-2",78,[],0,"unknown",257,"end of program"]
[38,"DOM","0:-2",76,[],0,"unknown",257,"end of program"]
[37,"DOM","0:-2",74,[],0,"unknown",257,"end of program"]
[36,"DOM","0:-2",72,[],0,"unknown",257,"end of program"]
[35,"DOM","0:-2",70,[],0,"unknown",257,"end of program"]
[34,"DOM","0:-2",68,[],0,"unknown",257,"end of program"]
[33,"DOM","0:-2",66,[],0,"unknown",257,"end of program"]
[32,"DOM","0:-2",64,[],0,"unknown",257,"end of program"]
[31,"DOM","0:-2",62,[],0,"unknown",257,"end of program"]
[30,"DOM","0:-2",60,[],0,"unknown",257,"end of program"]
[29,"DOM","0:-2",58,[],0,"unknown",257,"end of program"]
[28,"DOM","0:-2",56,[],0,"unknown",257,"end of program"]
[27,"DOM","0:-2",54,[],0,"unknown",257,"end of program"]
[26,"DOM","0:-2",52,[],0,"unknown",257,"end of program"]
[25,"DOM","0:-2",50,[],0,"unknown",257,"end of program"]
[24,"DOM","0:-2",48,[],0,"unknown",257,"end of program"]
[23,"DOM","0:-2",46,[],0,"unknown",257,"end of program"]
[22,"DOM","0:-2",44,[],0,"unknown",257,"end of program"]
[21,"DOM","0:-2",42,[],0,"unknown",257,"end of program"]
[20,"DOM","0:-2",40,[],0,"unknown",257,"end of program"]
[19,"DOM","0:-2",38,[],0,"unknown",257,"end of program"]
[18,"DOM","0:-2",36,[],0,"unknown",257,"end of program"]
[17,"DOM","0:-2",34,[],0,"unknown",257,"end of program"]
[16,"DOM","0:-2",32,[],0,"unknown",257,"end of program"]
[15,"DOM","0:-2",30,[],0,"unknown",257,"end of program"]
[14,"DOM","0:-2",28,[],0,"unknown",257,"end of program"]
[13,"DOM","0:-2",26,[],0,"unknown",257,"end of program"]
[12,"DOM","0:-2",24,[],0,"unknown",257,"end of program"]
[11,"DOM","0:-2",22,[],0,"unknown",257,"end of program"]
[10,"DOM","0:-2",20,[],0,"unknown",257,"end of program"]
[9,"DOM","0:-2",18,[],0,"unknown",257,"end of program"]