{
  "functionTrace": [
    [
      0,
      3,
      33
    ],
    [
      1,
      13,
      89
    ],
    [
      0,
      18,
      137
    ],
    [
      1,
      28,
      193
    ]
  ],
  "objectInfo": {
    "initial DOM": [
      {
        "objectId": 16,
        "creationTime": 31,
        "creationCallStack": [],
        "unreachableTime": 116,
        "unreachableSite": "end of program",
        "staleness": 85,
        "lastUseTime": "never used",
        "lastUseSite": "never used",
        "shallowSize": 2,
        "type": "DOM"
      },
      {
        "objectId": 17,
        "creationTime": 33,
        "creationCallStack": [],
        "unreachableTime": 116,
        "unreachableSite": "end of program",
        "staleness": 0,
        "lastUseTime": 116,
        "lastUseSite": "never used",
        "shallowSize": 4,
        "type": "DOM"
      },
      {
        "objectId": 18,
        "creationTime": 36,
        "creationCallStack": [],
        "unreachableTime": 116,
        "unreachableSite": "end of program",
        "staleness": 0,
        "lastUseTime": 116,
        "lastUseSite": "never used",
        "shallowSize": 20,
        "type": "DOM"
      },
      {
        "objectId": 19,
        "creationTime": 38,
        "creationCallStack": [],
        "unreachableTime": 116,
        "unreachableSite": "end of program",
        "staleness": 0,
        "lastUseTime": 116,
        "lastUseSite": "never used",
        "shallowSize": 2,
        "type": "DOM"
      },
      {
        "objectId": 20,
        "creationTime": 40,
        "creationCallStack": [],
        "unreachableTime": 116,
        "unreachableSite": "end of program",
        "staleness": 0,
        "lastUseTime": 116,
        "lastUseSite": "never used",
        "shallowSize": 1,
        "type": "DOM"
      },
      {
        "objectId": 21,
        "creationTime": 42,
        "creationCallStack": [],
        "unreachableTime": 116,
        "unreachableSite": "end of program",
        "staleness": 0,
        "lastUseTime": 116,
        "lastUseSite": "never used",
        "shallowSize": 2,
        "type": "DOM"
      },
      {
        "objectId": 22,
        "creationTime": 44,
        "creationCallStack": [],
        "unreachableTime": 116,
        "unreachableSite": "end of program",
        "staleness": 0,
        "lastUseTime": 116,
        "lastUseSite": "never used",
        "shallowSize": 1,
        "type": "DOM"
      },
      {
        "objectId": 23,
        "creationTime": 46,
        "creationCallStack": [],
        "unreachableTime": 116,
        "unreachableSite": "end of program",
        "staleness": 0,
        "lastUseTime": 116,
        "lastUseSite": "never used",
        "shallowSize": 2,
        "type": "DOM"
      },
      {
        "objectId": 24,
        "creationTime": 48,
        "creationCallStack": [],
        "unreachableTime": 116,
        "unreachableSite": "end of program",
        "staleness": 0,
        "lastUseTime": 116,
        "lastUseSite": "never used",
        "shallowSize": 1,
        "type": "DOM"
      },
      {
        "objectId": 25,
        "creationTime": 50,
        "creationCallStack": [],
        "unreachableTime": 116,
        "unreachableSite": "end of program",
        "staleness": 0,
        "lastUseTime": 116,
        "lastUseSite": "never used",
        "shallowSize": 1,
        "type": "DOM"
      },
      {
        "objectId": 26,
        "creationTime": 52,
        "creationCallStack": [],
        "unreachableTime": 116,
        "unreachableSite": "end of program",
        "staleness": 0,
        "lastUseTime": 116,
        "lastUseSite": "never used",
        "shallowSize": 1,
        "type": "DOM"
      },
      {
        "objectId": 27,
        "creationTime": 54,
        "creationCallStack": [],
        "unreachableTime": 116,
        "unreachableSite": "end of program",
        "staleness": 0,
        "lastUseTime": 116,
        "lastUseSite": "never used",
        "shallowSize": 1,
        "type": "DOM"
      },
      {
        "objectId": 28,
        "creationTime": 56,
        "creationCallStack": [],
        "unreachableTime": 116,
        "unreachableSite": "end of program",
        "staleness": 0,
        "lastUseTime": 116,
        "lastUseSite": "never used",
        "shallowSize": 1,
        "type": "DOM"
      },
      {
        "objectId": 29,
        "creationTime": 58,
        "creationCallStack": [],
        "unreachableTime": 116,
        "unreachableSite": "end of program",
        "staleness": 0,
        "lastUseTime": 116,
        "lastUseSite": "never used",
        "shallowSize": 1,
        "type": "DOM"
      },
      {
        "objectId": 30,
        "creationTime": 60,
        "creationCallStack": [],
        "unreachableTime": 116,
        "unreachableSite": "end of program",
        "staleness": 0,
        "lastUseTime": 116,
        "lastUseSite": "never used",
        "shallowSize": 1,
        "type": "DOM"
      },
      {
        "objectId": 31,
        "creationTime": 62,
        "creationCallStack": [],
        "unreachableTime": 116,
        "unreachableSite": "end of program",
        "staleness": 0,
        "lastUseTime": 116,
        "lastUseSite": "never used",
        "shallowSize": 1,
        "type": "DOM"
      },
      {
        "objectId": 32,
        "creationTime": 64,
        "creationCallStack": [],
        "unreachableTime": 116,
        "unreachableSite": "end of program",
        "staleness": 0,
        "lastUseTime": 116,
        "lastUseSite": "never used",
        "shallowSize": 1,
        "type": "DOM"
      },
      {
        "objectId": 33,
        "creationTime": 66,
        "creationCallStack": [],
        "unreachableTime": 116,
        "unreachableSite": "end of program",
        "staleness": 0,
        "lastUseTime": 116,
        "lastUseSite": "never used",
        "shallowSize": 1,
        "type": "DOM"
      },
      {
        "objectId": 34,
        "creationTime": 68,
        "creationCallStack": [],
        "unreachableTime": 116,
        "unreachableSite": "end of program",
        "staleness": 0,
        "lastUseTime": 116,
        "lastUseSite": "never used",
        "shallowSize": 1,
        "type": "DOM"
      },
      {
        "objectId": 35,
        "creationTime": 70,
        "creationCallStack": [],
        "unreachableTime": 116,
        "unreachableSite": "end of program",
        "staleness": 0,
        "lastUseTime": 116,
        "lastUseSite": "never used",
        "shallowSize": 1,
        "type": "DOM"
      },
      {
        "objectId": 36,
        "creationTime": 72,
        "creationCallStack": [],
        "unreachableTime": 116,
        "unreachableSite": "end of program",
        "staleness": 0,
        "lastUseTime": 116,
        "lastUseSite": "never used",
        "shallowSize": 2,
        "type": "DOM"
      },
      {
        "objectId": 37,
        "creationTime": 74,
        "creationCallStack": [],
        "unreachableTime": 116,
        "unreachableSite": "end of program",
        "staleness": 0,
        "lastUseTime": 116,
        "lastUseSite": "never used",
        "shallowSize": 1,
        "type": "DOM"
      },
      {
        "objectId": 38,
        "creationTime": 76,
        "creationCallStack": [],
        "unreachableTime": 116,
        "unreachableSite": "end of program",
        "staleness": 0,
        "lastUseTime": 116,
        "lastUseSite": "never used",
        "shallowSize": 1,
        "type": "DOM"
      },
      {
        "objectId": 39,
        "creationTime": 78,
        "creationCallStack": [],
        "unreachableTime": 116,
        "unreachableSite": "end of program",
        "staleness": 0,
        "lastUseTime": 116,
        "lastUseSite": "never used",
        "shallowSize": 1,
        "type": "DOM"
      },
      {
        "objectId": 40,
        "creationTime": 80,
        "creationCallStack": [],
        "unreachableTime": 116,
        "unreachableSite": "end of program",
        "staleness": 0,
        "lastUseTime": 116,
        "lastUseSite": "never used",
        "shallowSize": 1,
        "type": "DOM"
      },
      {
        "objectId": 41,
        "creationTime": 82,
        "creationCallStack": [],
        "unreachableTime": 116,
        "unreachableSite": "end of program",
        "staleness": 0,
        "lastUseTime": 116,
        "lastUseSite": "never used",
        "shallowSize": 1,
        "type": "DOM"
      },
      {
        "objectId": 42,
        "creationTime": 84,
        "creationCallStack": [],
        "unreachableTime": 116,
        "unreachableSite": "end of program",
        "staleness": 0,
        "lastUseTime": 116,
        "lastUseSite": "never used",
        "shallowSize": 1,
        "type": "DOM"
      },
      {
        "objectId": 43,
        "creationTime": 86,
        "creationCallStack": [],
        "unreachableTime": 116,
        "unreachableSite": "end of program",
        "staleness": 0,
        "lastUseTime": 116,
        "lastUseSite": "never used",
        "shallowSize": 10,
        "type": "DOM"
      },
      {
        "objectId": 44,
        "creationTime": 88,
        "creationCallStack": [],
        "unreachableTime": 116,
        "unreachableSite": "end of program",
        "staleness": 0,
        "lastUseTime": 116,
        "lastUseSite": "never used",
        "shallowSize": 1,
        "type": "DOM"
      },
      {
        "objectId": 45,
        "creationTime": 95,
        "creationCallStack": [],
        "unreachableTime": 116,
        "unreachableSite": "end of program",
        "staleness": 0,
        "lastUseTime": 116,
        "lastUseSite": "never used",
        "shallowSize": 1,
        "type": "DOM"
      },
      {
        "objectId": 46,
        "creationTime": 97,
        "creationCallStack": [],
        "unreachableTime": 116,
        "unreachableSite": "end of program",
        "staleness": 0,
        "lastUseTime": 116,
        "lastUseSite": "never used",
        "shallowSize": 1,
        "type": "DOM"
      },
      {
        "objectId": 47,
        "creationTime": 99,
        "creationCallStack": [],
        "unreachableTime": 116,
        "unreachableSite": "end of program",
        "staleness": 0,
        "lastUseTime": 116,
        "lastUseSite": "never used",
        "shallowSize": 1,
        "type": "DOM"
      },
      {
        "objectId": 48,
        "creationTime": 106,
        "creationCallStack": [],
        "unreachableTime": 116,
        "unreachableSite": "end of program",
        "staleness": 0,
        "lastUseTime": 116,
        "lastUseSite": "never used",
        "shallowSize": 1,
        "type": "DOM"
      },
      {
        "objectId": 49,
        "creationTime": 108,
        "creationCallStack": [],
        "unreachableTime": 116,
        "unreachableSite": "end of program",
        "staleness": 0,
        "lastUseTime": 116,
        "lastUseSite": "never used",
        "shallowSize": 1,
        "type": "DOM"
      },
      {
        "objectId": 50,
        "creationTime": 110,
        "creationCallStack": [],
        "unreachableTime": 116,
        "unreachableSite": "end of program",
        "staleness": 0,
        "lastUseTime": 116,
        "lastUseSite": "never used",
        "shallowSize": 1,
        "type": "DOM"
      }
    ],
    "testinnerhtml2_orig_.js:16:1:19:3": [
      {
        "objectId": 9,
        "creationTime": 17,
        "creationCallStack": [],
        "unreachableTime": 29,
        "unreachableSite": "testinnerhtml2_orig_.js:16:1:19:5",
        "staleness": 1,
        "lastUseTime": 28,
        "lastUseSite": 169,
        "shallowSize": 2,
        "type": "FUNCTION"
      },
      {
        "objectId": 10,
        "creationTime": 17,
        "creationCallStack": [],
        "unreachableTime": 29,
        "unreachableSite": "testinnerhtml2_orig_.js:16:1:19:5",
        "staleness": 12,
        "lastUseTime": "never used",
        "lastUseSite": "never used",
        "shallowSize": 1,
        "type": "PROTOTYPE"
      }
    ],
    "testinnerhtml2_orig_.js:17:15:17:46": [
      {
        "objectId": 11,
        "creationTime": 20,
        "creationCallStack": [
          169
        ],
        "unreachableTime": 116,
        "unreachableSite": "end of program",
        "staleness": 0,
        "lastUseTime": 116,
        "lastUseSite": "never used",
        "shallowSize": 3,
        "type": "DOM"
      }
    ],
    "testinnerhtml2_orig_.js:18:5:18:53": [
      {
        "objectId": 12,
        "creationTime": 23,
        "creationCallStack": [
          169
        ],
        "unreachableTime": 116,
        "unreachableSite": "end of program",
        "staleness": 0,
        "lastUseTime": 116,
        "lastUseSite": "never used",
        "shallowSize": 2,
        "type": "DOM"
      },
      {
        "objectId": 13,
        "creationTime": 24,
        "creationCallStack": [
          169
        ],
        "unreachableTime": 116,
        "unreachableSite": "end of program",
        "staleness": 0,
        "lastUseTime": 116,
        "lastUseSite": "never used",
        "shallowSize": 1,
        "type": "DOM"
      },
      {
        "objectId": 14,
        "creationTime": 25,
        "creationCallStack": [
          169
        ],
        "unreachableTime": 116,
        "unreachableSite": "end of program",
        "staleness": 0,
        "lastUseTime": 116,
        "lastUseSite": "never used",
        "shallowSize": 2,
        "type": "DOM"
      },
      {
        "objectId": 15,
        "creationTime": 26,
        "creationCallStack": [
          169
        ],
        "unreachableTime": 116,
        "unreachableSite": "end of program",
        "staleness": 0,
        "lastUseTime": 116,
        "lastUseSite": "never used",
        "shallowSize": 1,
        "type": "DOM"
      }
    ],
    "testinnerhtml_orig_.js:16:1:19:3": [
      {
        "objectId": 2,
        "creationTime": 2,
        "creationCallStack": [],
        "unreachableTime": 14,
        "unreachableSite": "testinnerhtml_orig_.js:16:1:19:5",
        "staleness": 1,
        "lastUseTime": 13,
        "lastUseSite": 65,
        "shallowSize": 2,
        "type": "FUNCTION"
      },
      {
        "objectId": 3,
        "creationTime": 2,
        "creationCallStack": [],
        "unreachableTime": 14,
        "unreachableSite": "testinnerhtml_orig_.js:16:1:19:5",
        "staleness": 12,
        "lastUseTime": "never used",
        "lastUseSite": "never used",
        "shallowSize": 1,
        "type": "PROTOTYPE"
      }
    ],
    "testinnerhtml_orig_.js:17:15:17:45": [
      {
        "objectId": 4,
        "creationTime": 5,
        "creationCallStack": [
          65
        ],
        "unreachableTime": 116,
        "unreachableSite": "end of program",
        "staleness": 0,
        "lastUseTime": 116,
        "lastUseSite": "never used",
        "shallowSize": 3,
        "type": "DOM"
      }
    ],
    "testinnerhtml_orig_.js:18:5:18:53": [
      {
        "objectId": 5,
        "creationTime": 8,
        "creationCallStack": [
          65
        ],
        "unreachableTime": 116,
        "unreachableSite": "end of program",
        "staleness": 0,
        "lastUseTime": 116,
        "lastUseSite": "never used",
        "shallowSize": 2,
        "type": "DOM"
      },
      {
        "objectId": 6,
        "creationTime": 9,
        "creationCallStack": [
          65
        ],
        "unreachableTime": 116,
        "unreachableSite": "end of program",
        "staleness": 0,
        "lastUseTime": 116,
        "lastUseSite": "never used",
        "shallowSize": 1,
        "type": "DOM"
      },
      {
        "objectId": 7,
        "creationTime": 10,
        "creationCallStack": [
          65
        ],
        "unreachableTime": 116,
        "unreachableSite": "end of program",
        "staleness": 0,
        "lastUseTime": 116,
        "lastUseSite": "never used",
        "shallowSize": 2,
        "type": "DOM"
      },
      {
        "objectId": 8,
        "creationTime": 11,
        "creationCallStack": [
          65
        ],
        "unreachableTime": 116,
        "unreachableSite": "end of program",
        "staleness": 0,
        "lastUseTime": 116,
        "lastUseSite": "never used",
        "shallowSize": 1,
        "type": "DOM"
      }
    ]
  }
}