{
  "functionTrace": [
    [
      0,
      3,
      1,
      49
    ],
    [
      1,
      13,
      1,
      113
    ],
    [
      0,
      20,
      2,
      81
    ],
    [
      1,
      30,
      2,
      153
    ]
  ],
  "objectInfo": {
    "initial DOM": [
      {
        "objectId": 16,
        "creationTime": 33,
        "creationCallStack": [],
        "unreachableTime": 100,
        "unreachableSite": "end of program",
        "staleness": 67,
        "lastUseTime": "never used",
        "lastUseSite": "never used",
        "shallowSize": 2,
        "type": "DOM"
      },
      {
        "objectId": 17,
        "creationTime": 35,
        "creationCallStack": [],
        "unreachableTime": 100,
        "unreachableSite": "end of program",
        "staleness": 0,
        "lastUseTime": 100,
        "lastUseSite": {
          "sourceFileId": 0,
          "iid": 0
        },
        "shallowSize": 4,
        "type": "DOM"
      },
      {
        "objectId": 18,
        "creationTime": 38,
        "creationCallStack": [],
        "unreachableTime": 100,
        "unreachableSite": "end of program",
        "staleness": 0,
        "lastUseTime": 100,
        "lastUseSite": {
          "sourceFileId": 0,
          "iid": 0
        },
        "shallowSize": 16,
        "type": "DOM"
      },
      {
        "objectId": 19,
        "creationTime": 40,
        "creationCallStack": [],
        "unreachableTime": 100,
        "unreachableSite": "end of program",
        "staleness": 0,
        "lastUseTime": 100,
        "lastUseSite": {
          "sourceFileId": 0,
          "iid": 0
        },
        "shallowSize": 1,
        "type": "DOM"
      },
      {
        "objectId": 20,
        "creationTime": 42,
        "creationCallStack": [],
        "unreachableTime": 100,
        "unreachableSite": "end of program",
        "staleness": 0,
        "lastUseTime": 100,
        "lastUseSite": {
          "sourceFileId": 0,
          "iid": 0
        },
        "shallowSize": 1,
        "type": "DOM"
      },
      {
        "objectId": 21,
        "creationTime": 44,
        "creationCallStack": [],
        "unreachableTime": 100,
        "unreachableSite": "end of program",
        "staleness": 0,
        "lastUseTime": 100,
        "lastUseSite": {
          "sourceFileId": 0,
          "iid": 0
        },
        "shallowSize": 1,
        "type": "DOM"
      },
      {
        "objectId": 22,
        "creationTime": 46,
        "creationCallStack": [],
        "unreachableTime": 100,
        "unreachableSite": "end of program",
        "staleness": 0,
        "lastUseTime": 100,
        "lastUseSite": {
          "sourceFileId": 0,
          "iid": 0
        },
        "shallowSize": 1,
        "type": "DOM"
      },
      {
        "objectId": 23,
        "creationTime": 48,
        "creationCallStack": [],
        "unreachableTime": 100,
        "unreachableSite": "end of program",
        "staleness": 0,
        "lastUseTime": 100,
        "lastUseSite": {
          "sourceFileId": 0,
          "iid": 0
        },
        "shallowSize": 1,
        "type": "DOM"
      },
      {
        "objectId": 24,
        "creationTime": 50,
        "creationCallStack": [],
        "unreachableTime": 100,
        "unreachableSite": "end of program",
        "staleness": 0,
        "lastUseTime": 100,
        "lastUseSite": {
          "sourceFileId": 0,
          "iid": 0
        },
        "shallowSize": 1,
        "type": "DOM"
      },
      {
        "objectId": 25,
        "creationTime": 52,
        "creationCallStack": [],
        "unreachableTime": 100,
        "unreachableSite": "end of program",
        "staleness": 0,
        "lastUseTime": 100,
        "lastUseSite": {
          "sourceFileId": 0,
          "iid": 0
        },
        "shallowSize": 1,
        "type": "DOM"
      },
      {
        "objectId": 26,
        "creationTime": 54,
        "creationCallStack": [],
        "unreachableTime": 100,
        "unreachableSite": "end of program",
        "staleness": 0,
        "lastUseTime": 100,
        "lastUseSite": {
          "sourceFileId": 0,
          "iid": 0
        },
        "shallowSize": 1,
        "type": "DOM"
      },
      {
        "objectId": 27,
        "creationTime": 56,
        "creationCallStack": [],
        "unreachableTime": 100,
        "unreachableSite": "end of program",
        "staleness": 0,
        "lastUseTime": 100,
        "lastUseSite": {
          "sourceFileId": 0,
          "iid": 0
        },
        "shallowSize": 1,
        "type": "DOM"
      },
      {
        "objectId": 28,
        "creationTime": 58,
        "creationCallStack": [],
        "unreachableTime": 100,
        "unreachableSite": "end of program",
        "staleness": 0,
        "lastUseTime": 100,
        "lastUseSite": {
          "sourceFileId": 0,
          "iid": 0
        },
        "shallowSize": 1,
        "type": "DOM"
      },
      {
        "objectId": 29,
        "creationTime": 60,
        "creationCallStack": [],
        "unreachableTime": 100,
        "unreachableSite": "end of program",
        "staleness": 0,
        "lastUseTime": 100,
        "lastUseSite": {
          "sourceFileId": 0,
          "iid": 0
        },
        "shallowSize": 2,
        "type": "DOM"
      },
      {
        "objectId": 30,
        "creationTime": 62,
        "creationCallStack": [],
        "unreachableTime": 100,
        "unreachableSite": "end of program",
        "staleness": 0,
        "lastUseTime": 100,
        "lastUseSite": {
          "sourceFileId": 0,
          "iid": 0
        },
        "shallowSize": 1,
        "type": "DOM"
      },
      {
        "objectId": 31,
        "creationTime": 64,
        "creationCallStack": [],
        "unreachableTime": 100,
        "unreachableSite": "end of program",
        "staleness": 0,
        "lastUseTime": 100,
        "lastUseSite": {
          "sourceFileId": 0,
          "iid": 0
        },
        "shallowSize": 1,
        "type": "DOM"
      },
      {
        "objectId": 32,
        "creationTime": 66,
        "creationCallStack": [],
        "unreachableTime": 100,
        "unreachableSite": "end of program",
        "staleness": 0,
        "lastUseTime": 100,
        "lastUseSite": {
          "sourceFileId": 0,
          "iid": 0
        },
        "shallowSize": 1,
        "type": "DOM"
      },
      {
        "objectId": 33,
        "creationTime": 68,
        "creationCallStack": [],
        "unreachableTime": 100,
        "unreachableSite": "end of program",
        "staleness": 0,
        "lastUseTime": 100,
        "lastUseSite": {
          "sourceFileId": 0,
          "iid": 0
        },
        "shallowSize": 1,
        "type": "DOM"
      },
      {
        "objectId": 34,
        "creationTime": 70,
        "creationCallStack": [],
        "unreachableTime": 100,
        "unreachableSite": "end of program",
        "staleness": 0,
        "lastUseTime": 100,
        "lastUseSite": {
          "sourceFileId": 0,
          "iid": 0
        },
        "shallowSize": 1,
        "type": "DOM"
      },
      {
        "objectId": 35,
        "creationTime": 72,
        "creationCallStack": [],
        "unreachableTime": 100,
        "unreachableSite": "end of program",
        "staleness": 0,
        "lastUseTime": 100,
        "lastUseSite": {
          "sourceFileId": 0,
          "iid": 0
        },
        "shallowSize": 1,
        "type": "DOM"
      },
      {
        "objectId": 36,
        "creationTime": 74,
        "creationCallStack": [],
        "unreachableTime": 100,
        "unreachableSite": "end of program",
        "staleness": 0,
        "lastUseTime": 100,
        "lastUseSite": {
          "sourceFileId": 0,
          "iid": 0
        },
        "shallowSize": 10,
        "type": "DOM"
      },
      {
        "objectId": 37,
        "creationTime": 76,
        "creationCallStack": [],
        "unreachableTime": 100,
        "unreachableSite": "end of program",
        "staleness": 0,
        "lastUseTime": 100,
        "lastUseSite": {
          "sourceFileId": 0,
          "iid": 0
        },
        "shallowSize": 1,
        "type": "DOM"
      },
      {
        "objectId": 38,
        "creationTime": 83,
        "creationCallStack": [],
        "unreachableTime": 100,
        "unreachableSite": "end of program",
        "staleness": 0,
        "lastUseTime": 100,
        "lastUseSite": {
          "sourceFileId": 0,
          "iid": 0
        },
        "shallowSize": 1,
        "type": "DOM"
      },
      {
        "objectId": 39,
        "creationTime": 85,
        "creationCallStack": [],
        "unreachableTime": 100,
        "unreachableSite": "end of program",
        "staleness": 0,
        "lastUseTime": 100,
        "lastUseSite": {
          "sourceFileId": 0,
          "iid": 0
        },
        "shallowSize": 1,
        "type": "DOM"
      },
      {
        "objectId": 40,
        "creationTime": 87,
        "creationCallStack": [],
        "unreachableTime": 100,
        "unreachableSite": "end of program",
        "staleness": 0,
        "lastUseTime": 100,
        "lastUseSite": {
          "sourceFileId": 0,
          "iid": 0
        },
        "shallowSize": 1,
        "type": "DOM"
      },
      {
        "objectId": 41,
        "creationTime": 94,
        "creationCallStack": [],
        "unreachableTime": 100,
        "unreachableSite": "end of program",
        "staleness": 0,
        "lastUseTime": 100,
        "lastUseSite": {
          "sourceFileId": 0,
          "iid": 0
        },
        "shallowSize": 1,
        "type": "DOM"
      },
      {
        "objectId": 42,
        "creationTime": 96,
        "creationCallStack": [],
        "unreachableTime": 100,
        "unreachableSite": "end of program",
        "staleness": 0,
        "lastUseTime": 100,
        "lastUseSite": {
          "sourceFileId": 0,
          "iid": 0
        },
        "shallowSize": 1,
        "type": "DOM"
      },
      {
        "objectId": 43,
        "creationTime": 98,
        "creationCallStack": [],
        "unreachableTime": 100,
        "unreachableSite": "end of program",
        "staleness": 0,
        "lastUseTime": 100,
        "lastUseSite": {
          "sourceFileId": 0,
          "iid": 0
        },
        "shallowSize": 1,
        "type": "DOM"
      }
    ],
    "testinnerhtml2_orig_.js:19:2:23:2": [
      {
        "objectId": 9,
        "creationTime": 19,
        "creationCallStack": [],
        "unreachableTime": 31,
        "unreachableSite": "testinnerhtml2_orig_.js:19:1:23:6",
        "staleness": 1,
        "lastUseTime": 30,
        "lastUseSite": {
          "sourceFileId": 2,
          "iid": 113
        },
        "shallowSize": 2,
        "type": "FUNCTION"
      },
      {
        "objectId": 10,
        "creationTime": 19,
        "creationCallStack": [],
        "unreachableTime": 31,
        "unreachableSite": "testinnerhtml2_orig_.js:19:1:23:6",
        "staleness": 12,
        "lastUseTime": "never used",
        "lastUseSite": "never used",
        "shallowSize": 1,
        "type": "PROTOTYPE"
      }
    ],
    "testinnerhtml2_orig_.js:20:15:20:46": [
      {
        "objectId": 11,
        "creationTime": 22,
        "creationCallStack": [
          {
            "sourceFileId": 2,
            "iid": 113
          }
        ],
        "unreachableTime": 100,
        "unreachableSite": "end of program",
        "staleness": 0,
        "lastUseTime": 100,
        "lastUseSite": {
          "sourceFileId": 0,
          "iid": 0
        },
        "shallowSize": 3,
        "type": "DOM"
      }
    ],
    "testinnerhtml2_orig_.js:21:5:21:53": [
      {
        "objectId": 12,
        "creationTime": 25,
        "creationCallStack": [
          {
            "sourceFileId": 2,
            "iid": 113
          }
        ],
        "unreachableTime": 100,
        "unreachableSite": "end of program",
        "staleness": 0,
        "lastUseTime": 100,
        "lastUseSite": {
          "sourceFileId": 0,
          "iid": 0
        },
        "shallowSize": 2,
        "type": "DOM"
      },
      {
        "objectId": 13,
        "creationTime": 26,
        "creationCallStack": [
          {
            "sourceFileId": 2,
            "iid": 113
          }
        ],
        "unreachableTime": 100,
        "unreachableSite": "end of program",
        "staleness": 0,
        "lastUseTime": 100,
        "lastUseSite": {
          "sourceFileId": 0,
          "iid": 0
        },
        "shallowSize": 1,
        "type": "DOM"
      },
      {
        "objectId": 14,
        "creationTime": 27,
        "creationCallStack": [
          {
            "sourceFileId": 2,
            "iid": 113
          }
        ],
        "unreachableTime": 100,
        "unreachableSite": "end of program",
        "staleness": 0,
        "lastUseTime": 100,
        "lastUseSite": {
          "sourceFileId": 0,
          "iid": 0
        },
        "shallowSize": 2,
        "type": "DOM"
      },
      {
        "objectId": 15,
        "creationTime": 28,
        "creationCallStack": [
          {
            "sourceFileId": 2,
            "iid": 113
          }
        ],
        "unreachableTime": 100,
        "unreachableSite": "end of program",
        "staleness": 0,
        "lastUseTime": 100,
        "lastUseSite": {
          "sourceFileId": 0,
          "iid": 0
        },
        "shallowSize": 1,
        "type": "DOM"
      }
    ],
    "testinnerhtml_orig_.js:16:2:19:2": [
      {
        "objectId": 2,
        "creationTime": 2,
        "creationCallStack": [],
        "unreachableTime": 14,
        "unreachableSite": "testinnerhtml_orig_.js:16:1:19:6",
        "staleness": 1,
        "lastUseTime": 13,
        "lastUseSite": {
          "sourceFileId": 1,
          "iid": 81
        },
        "shallowSize": 2,
        "type": "FUNCTION"
      },
      {
        "objectId": 3,
        "creationTime": 2,
        "creationCallStack": [],
        "unreachableTime": 14,
        "unreachableSite": "testinnerhtml_orig_.js:16:1:19:6",
        "staleness": 12,
        "lastUseTime": "never used",
        "lastUseSite": "never used",
        "shallowSize": 1,
        "type": "PROTOTYPE"
      }
    ],
    "testinnerhtml_orig_.js:17:15:17:45": [
      {
        "objectId": 4,
        "creationTime": 5,
        "creationCallStack": [
          {
            "sourceFileId": 1,
            "iid": 81
          }
        ],
        "unreachableTime": 100,
        "unreachableSite": "end of program",
        "staleness": 0,
        "lastUseTime": 100,
        "lastUseSite": {
          "sourceFileId": 0,
          "iid": 0
        },
        "shallowSize": 3,
        "type": "DOM"
      }
    ],
    "testinnerhtml_orig_.js:18:5:18:53": [
      {
        "objectId": 5,
        "creationTime": 8,
        "creationCallStack": [
          {
            "sourceFileId": 1,
            "iid": 81
          }
        ],
        "unreachableTime": 100,
        "unreachableSite": "end of program",
        "staleness": 0,
        "lastUseTime": 100,
        "lastUseSite": {
          "sourceFileId": 0,
          "iid": 0
        },
        "shallowSize": 2,
        "type": "DOM"
      },
      {
        "objectId": 6,
        "creationTime": 9,
        "creationCallStack": [
          {
            "sourceFileId": 1,
            "iid": 81
          }
        ],
        "unreachableTime": 100,
        "unreachableSite": "end of program",
        "staleness": 0,
        "lastUseTime": 100,
        "lastUseSite": {
          "sourceFileId": 0,
          "iid": 0
        },
        "shallowSize": 1,
        "type": "DOM"
      },
      {
        "objectId": 7,
        "creationTime": 10,
        "creationCallStack": [
          {
            "sourceFileId": 1,
            "iid": 81
          }
        ],
        "unreachableTime": 100,
        "unreachableSite": "end of program",
        "staleness": 0,
        "lastUseTime": 100,
        "lastUseSite": {
          "sourceFileId": 0,
          "iid": 0
        },
        "shallowSize": 2,
        "type": "DOM"
      },
      {
        "objectId": 8,
        "creationTime": 11,
        "creationCallStack": [
          {
            "sourceFileId": 1,
            "iid": 81
          }
        ],
        "unreachableTime": 100,
        "unreachableSite": "end of program",
        "staleness": 0,
        "lastUseTime": 100,
        "lastUseSite": {
          "sourceFileId": 0,
          "iid": 0
        },
        "shallowSize": 1,
        "type": "DOM"
      }
    ]
  }
}