code_orig_.js:19:9:19:28 : RC(code_orig_.js:18:20:22:6) = 2
code_orig_.js:21:9:21:28 : RC(code_orig_.js:18:20:22:6) = 1
Id: 2     Alloc: code_orig_.js:16:1:16:24                 Time: 94         Loc: end of program
Id: 3     Alloc: code_orig_.js:16:1:16:24                 Time: 94         Loc: end of program
Id: 4     Alloc: code_orig_.js:17:2:24:2                  Time: 13         Loc: code_orig_.js:17:1:24:5
Id: 5     Alloc: code_orig_.js:17:2:24:2                  Time: 13         Loc: code_orig_.js:17:1:24:5
Id: 6     Alloc: code_orig_.js:18:20:22:6                 Time: 90         Loc: code_orig_.js:18:20:22:6
Id: 7     Alloc: code_orig_.js:18:20:22:6                 Time: 90         Loc: code_orig_.js:18:20:22:6
Id: 8     Alloc: initial DOM                              Time: 94         Loc: end of program
Id: 9     Alloc: initial DOM                              Time: 94         Loc: end of program
Id: 10    Alloc: initial DOM                              Time: 94         Loc: end of program
Id: 11    Alloc: initial DOM                              Time: 94         Loc: end of program
Id: 12    Alloc: initial DOM                              Time: 94         Loc: end of program
Id: 13    Alloc: initial DOM                              Time: 94         Loc: end of program
Id: 14    Alloc: initial DOM                              Time: 94         Loc: end of program
Id: 15    Alloc: initial DOM                              Time: 94         Loc: end of program
Id: 16    Alloc: initial DOM                              Time: 94         Loc: end of program
Id: 17    Alloc: initial DOM                              Time: 94         Loc: end of program
Id: 18    Alloc: initial DOM                              Time: 94         Loc: end of program
Id: 19    Alloc: initial DOM                              Time: 94         Loc: end of program
Id: 20    Alloc: initial DOM                              Time: 94         Loc: end of program
Id: 21    Alloc: initial DOM                              Time: 94         Loc: end of program
Id: 22    Alloc: initial DOM                              Time: 94         Loc: end of program
Id: 23    Alloc: initial DOM                              Time: 94         Loc: end of program
Id: 24    Alloc: initial DOM                              Time: 94         Loc: end of program
Id: 25    Alloc: initial DOM                              Time: 94         Loc: end of program
Id: 26    Alloc: initial DOM                              Time: 94         Loc: end of program
Id: 27    Alloc: initial DOM                              Time: 94         Loc: end of program
Id: 28    Alloc: initial DOM                              Time: 94         Loc: end of program
Id: 29    Alloc: initial DOM                              Time: 94         Loc: end of program
Id: 30    Alloc: initial DOM                              Time: 94         Loc: end of program
Id: 31    Alloc: initial DOM                              Time: 94         Loc: end of program
Id: 32    Alloc: initial DOM                              Time: 94         Loc: end of program
Id: 33    Alloc: initial DOM                              Time: 94         Loc: end of program
Id: 34    Alloc: initial DOM                              Time: 94         Loc: end of program
Id: 35    Alloc: initial DOM                              Time: 94         Loc: end of program
Id: 36    Alloc: initial DOM                              Time: 94         Loc: end of program
Id: 37    Alloc: initial DOM                              Time: 94         Loc: end of program
Id: 38    Alloc: initial DOM                              Time: 94         Loc: end of program