[2,"FUNCTION","test/testdata/testStaleness1.js:16:1:19:2",2,[],70,"test/testdata/testStaleness1.js:41:1:41:14",72,"end of program"]
[3,"PROTOTYPE","test/testdata/testStaleness1.js:16:1:19:2",2,[],2,"test/testdata/testStaleness1.js:16:1:19:2",72,"end of program"]
[4,"FUNCTION","test/testdata/testStaleness1.js:20:1:21:2",4,[],29,"test/testdata/testStaleness1.js:17:21:17:36",72,"end of program"]
[6,"FUNCTION","test/testdata/testStaleness1.js:31:1:33:2",6,[],61,"test/testdata/testStaleness1.js:29:23:29:53",72,"end of program"]
[8,"FUNCTION","test/testdata/testStaleness1.js:34:1:36:2",8,[],43,"test/testdata/testStaleness1.js:23:29:23:47",72,"end of program"]
[10,"FUNCTION","test/testdata/testStaleness1.js:38:1:39:2",10,[],19,"test/testdata/testStaleness1.js:40:1:40:17",72,"end of program"]
[11,"PROTOTYPE","test/testdata/testStaleness1.js:38:1:39:2",10,[],19,"test/testdata/testStaleness1.js:40:1:40:23",72,"end of program"]
[5,"PROTOTYPE","test/testdata/testStaleness1.js:20:1:21:2",4,[],19,"test/testdata/testStaleness1.js:28:1:30:2",72,"end of program"]
[16,"FUNCTION","test/testdata/testStaleness1.js:28:31:30:2",18,[],64,"test/testdata/testStaleness1.js:26:5:26:31",72,"end of program"]
[17,"PROTOTYPE","test/testdata/testStaleness1.js:28:31:30:2",18,[],18,"test/testdata/testStaleness1.js:28:31:30:2",72,"end of program"]
[14,"FUNCTION","test/testdata/testStaleness1.js:25:38:27:2",15,[],66,"test/testdata/testStaleness1.js:23:5:23:48",72,"end of program"]
[15,"PROTOTYPE","test/testdata/testStaleness1.js:25:38:27:2",15,[],15,"test/testdata/testStaleness1.js:25:38:27:2",72,"end of program"]
[12,"FUNCTION","test/testdata/testStaleness1.js:22:35:24:2",12,[],68,"test/testdata/testStaleness1.js:18:5:18:28",72,"end of program"]
[13,"PROTOTYPE","test/testdata/testStaleness1.js:22:35:24:2",12,[],12,"test/testdata/testStaleness1.js:22:35:24:2",72,"end of program"]
[7,"PROTOTYPE","test/testdata/testStaleness1.js:31:1:33:2",6,[],6,"test/testdata/testStaleness1.js:31:1:33:2",72,"end of program"]
[9,"PROTOTYPE","test/testdata/testStaleness1.js:34:1:36:2",8,[],19,"test/testdata/testStaleness1.js:37:1:37:23",72,"end of program"]
[18,"OBJECT","test/testdata/testStaleness1.js:17:21:17:36",24,["test/testdata/testStaleness1.js:41:1:41:14"],62,"test/testdata/testStaleness1.js:29:5:29:53",70,"test/testdata/testStaleness1.js:16:1:19:2"]
[20,"OBJECT","test/testdata/testStaleness1.js:29:23:29:53",53,["test/testdata/testStaleness1.js:26:5:26:31","test/testdata/testStaleness1.js:23:5:23:48","test/testdata/testStaleness1.js:18:5:18:28","test/testdata/testStaleness1.js:41:1:41:14"],56,"test/testdata/testStaleness1.js:32:5:32:21",70,"test/testdata/testStaleness1.js:16:1:19:2"]
[19,"OBJECT","test/testdata/testStaleness1.js:23:29:23:47",35,["test/testdata/testStaleness1.js:18:5:18:28","test/testdata/testStaleness1.js:41:1:41:14"],38,"test/testdata/testStaleness1.js:35:5:35:31",70,"test/testdata/testStaleness1.js:16:1:19:2"]
last use
[3,2,"test/testdata/testStaleness1.js:16:1:19:2"]
[7,6,"test/testdata/testStaleness1.js:31:1:33:2"]
[13,12,"test/testdata/testStaleness1.js:22:35:24:2"]
[15,15,"test/testdata/testStaleness1.js:25:38:27:2"]
[17,18,"test/testdata/testStaleness1.js:28:31:30:2"]
[5,19,"test/testdata/testStaleness1.js:28:1:30:2"]
[9,19,"test/testdata/testStaleness1.js:37:1:37:23"]
[10,19,"test/testdata/testStaleness1.js:40:1:40:17"]
[11,19,"test/testdata/testStaleness1.js:40:1:40:23"]
[4,29,"test/testdata/testStaleness1.js:17:21:17:36"]
[19,38,"test/testdata/testStaleness1.js:35:5:35:31"]
[8,43,"test/testdata/testStaleness1.js:23:29:23:47"]
[20,56,"test/testdata/testStaleness1.js:32:5:32:21"]
[6,61,"test/testdata/testStaleness1.js:29:23:29:53"]
[18,62,"test/testdata/testStaleness1.js:29:5:29:53"]
[16,64,"test/testdata/testStaleness1.js:26:5:26:31"]
[14,66,"test/testdata/testStaleness1.js:23:5:23:48"]
[12,68,"test/testdata/testStaleness1.js:18:5:18:28"]
[2,70,"test/testdata/testStaleness1.js:41:1:41:14"]
unreachable
[19,70,"test/testdata/testStaleness1.js:16:1:19:2"]
[20,70,"test/testdata/testStaleness1.js:16:1:19:2"]
[18,70,"test/testdata/testStaleness1.js:16:1:19:2"]
[3,72,"end of program"]
[7,72,"end of program"]
[13,72,"end of program"]
[15,72,"end of program"]
[17,72,"end of program"]
[5,72,"end of program"]
[9,72,"end of program"]
[10,72,"end of program"]
[11,72,"end of program"]
[4,72,"end of program"]
[8,72,"end of program"]
[6,72,"end of program"]
[16,72,"end of program"]
[14,72,"end of program"]
[12,72,"end of program"]
[2,72,"end of program"]